Archive member included to satisfy reference by file (symbol)

/usr/lib/gcc/arm-none-eabi/9.2.1/../../../arm-none-eabi/lib/thumb/v7e-m+fp/hard/libc.a(lib_a-abs.o)
                              _build/romi.o (abs)
/usr/lib/gcc/arm-none-eabi/9.2.1/../../../arm-none-eabi/lib/thumb/v7e-m+fp/hard/libc.a(lib_a-assert.o)
                              _build/lf_nrf52_support.o (__assert_func)
/usr/lib/gcc/arm-none-eabi/9.2.1/../../../arm-none-eabi/lib/thumb/v7e-m+fp/hard/libc.a(lib_a-atexit.o)
                              /usr/lib/gcc/arm-none-eabi/9.2.1/../../../arm-none-eabi/lib/thumb/v7e-m+fp/hard/crt0.o (atexit)
/usr/lib/gcc/arm-none-eabi/9.2.1/../../../arm-none-eabi/lib/thumb/v7e-m+fp/hard/libc.a(lib_a-atoi.o)
                              _build/BLE_Template.o (atoi)
/usr/lib/gcc/arm-none-eabi/9.2.1/../../../arm-none-eabi/lib/thumb/v7e-m+fp/hard/libc.a(lib_a-atoll.o)
                              _build/BLE_Template.o (atoll)
/usr/lib/gcc/arm-none-eabi/9.2.1/../../../arm-none-eabi/lib/thumb/v7e-m+fp/hard/libc.a(lib_a-calloc.o)
                              _build/filter.o (calloc)
/usr/lib/gcc/arm-none-eabi/9.2.1/../../../arm-none-eabi/lib/thumb/v7e-m+fp/hard/libc.a(lib_a-callocr.o)
                              /usr/lib/gcc/arm-none-eabi/9.2.1/../../../arm-none-eabi/lib/thumb/v7e-m+fp/hard/libc.a(lib_a-calloc.o) (_calloc_r)
/usr/lib/gcc/arm-none-eabi/9.2.1/../../../arm-none-eabi/lib/thumb/v7e-m+fp/hard/libc.a(lib_a-ctime.o)
                              _build/BLE_Template.o (ctime)
/usr/lib/gcc/arm-none-eabi/9.2.1/../../../arm-none-eabi/lib/thumb/v7e-m+fp/hard/libc.a(lib_a-ctype_.o)
                              _build/nrf_log_str_formatter.o (_ctype_)
/usr/lib/gcc/arm-none-eabi/9.2.1/../../../arm-none-eabi/lib/thumb/v7e-m+fp/hard/libc.a(lib_a-exit.o)
                              /usr/lib/gcc/arm-none-eabi/9.2.1/../../../arm-none-eabi/lib/thumb/v7e-m+fp/hard/crt0.o (exit)
/usr/lib/gcc/arm-none-eabi/9.2.1/../../../arm-none-eabi/lib/thumb/v7e-m+fp/hard/libc.a(lib_a-fini.o)
                              /usr/lib/gcc/arm-none-eabi/9.2.1/../../../arm-none-eabi/lib/thumb/v7e-m+fp/hard/crt0.o (__libc_fini_array)
/usr/lib/gcc/arm-none-eabi/9.2.1/../../../arm-none-eabi/lib/thumb/v7e-m+fp/hard/libc.a(lib_a-fiprintf.o)
                              /usr/lib/gcc/arm-none-eabi/9.2.1/../../../arm-none-eabi/lib/thumb/v7e-m+fp/hard/libc.a(lib_a-assert.o) (fiprintf)
/usr/lib/gcc/arm-none-eabi/9.2.1/../../../arm-none-eabi/lib/thumb/v7e-m+fp/hard/libc.a(lib_a-impure.o)
                              /usr/lib/gcc/arm-none-eabi/9.2.1/../../../arm-none-eabi/lib/thumb/v7e-m+fp/hard/libc.a(lib_a-exit.o) (_global_impure_ptr)
/usr/lib/gcc/arm-none-eabi/9.2.1/../../../arm-none-eabi/lib/thumb/v7e-m+fp/hard/libc.a(lib_a-init.o)
                              /usr/lib/gcc/arm-none-eabi/9.2.1/../../../arm-none-eabi/lib/thumb/v7e-m+fp/hard/crt0.o (__libc_init_array)
/usr/lib/gcc/arm-none-eabi/9.2.1/../../../arm-none-eabi/lib/thumb/v7e-m+fp/hard/libc.a(lib_a-lcltime.o)
                              /usr/lib/gcc/arm-none-eabi/9.2.1/../../../arm-none-eabi/lib/thumb/v7e-m+fp/hard/libc.a(lib_a-ctime.o) (localtime)
/usr/lib/gcc/arm-none-eabi/9.2.1/../../../arm-none-eabi/lib/thumb/v7e-m+fp/hard/libc.a(lib_a-lcltime_r.o)
                              /usr/lib/gcc/arm-none-eabi/9.2.1/../../../arm-none-eabi/lib/thumb/v7e-m+fp/hard/libc.a(lib_a-lcltime.o) (localtime_r)
/usr/lib/gcc/arm-none-eabi/9.2.1/../../../arm-none-eabi/lib/thumb/v7e-m+fp/hard/libc.a(lib_a-malloc.o)
                              _build/BLE_Template.o (malloc)
/usr/lib/gcc/arm-none-eabi/9.2.1/../../../arm-none-eabi/lib/thumb/v7e-m+fp/hard/libc.a(lib_a-mallocr.o)
                              /usr/lib/gcc/arm-none-eabi/9.2.1/../../../arm-none-eabi/lib/thumb/v7e-m+fp/hard/libc.a(lib_a-callocr.o) (_malloc_r)
/usr/lib/gcc/arm-none-eabi/9.2.1/../../../arm-none-eabi/lib/thumb/v7e-m+fp/hard/libc.a(lib_a-memcmp.o)
                              _build/nrf_twi_mngr.o (memcmp)
/usr/lib/gcc/arm-none-eabi/9.2.1/../../../arm-none-eabi/lib/thumb/v7e-m+fp/hard/libc.a(lib_a-memcpy.o)
                              _build/romi.o (memcpy)
/usr/lib/gcc/arm-none-eabi/9.2.1/../../../arm-none-eabi/lib/thumb/v7e-m+fp/hard/libc.a(lib_a-memset.o)
                              /usr/lib/gcc/arm-none-eabi/9.2.1/../../../arm-none-eabi/lib/thumb/v7e-m+fp/hard/crt0.o (memset)
/usr/lib/gcc/arm-none-eabi/9.2.1/../../../arm-none-eabi/lib/thumb/v7e-m+fp/hard/libc.a(lib_a-mlock.o)
                              /usr/lib/gcc/arm-none-eabi/9.2.1/../../../arm-none-eabi/lib/thumb/v7e-m+fp/hard/libc.a(lib_a-mallocr.o) (__malloc_lock)
/usr/lib/gcc/arm-none-eabi/9.2.1/../../../arm-none-eabi/lib/thumb/v7e-m+fp/hard/libc.a(lib_a-month_lengths.o)
                              /usr/lib/gcc/arm-none-eabi/9.2.1/../../../arm-none-eabi/lib/thumb/v7e-m+fp/hard/libc.a(lib_a-lcltime_r.o) (__month_lengths)
/usr/lib/gcc/arm-none-eabi/9.2.1/../../../arm-none-eabi/lib/thumb/v7e-m+fp/hard/libc.a(lib_a-printf.o)
[...]
Memory Configuration

Name             Origin             Length             Attributes
FLASH            0x0000000000026000 0x0000000000059000 xr
RAM              0x00000000200098a8 0x0000000000006758 xrw
bootloader_settings_page 0x000000000007f000 0x0000000000001000 r
uicr_bootloader_start_address 0x0000000010001014 0x0000000000000004 r
*default*        0x0000000000000000 0xffffffffffffffff

Linker script and memory map


.text           0x0000000000026000    0x150d4
 *(.isr_vector)
 .isr_vector    0x0000000000026000      0x200 _build/gcc_startup_nrf52.os
                0x0000000000026000                __isr_vector
 *(.text*)
 .text          0x0000000000026200       0x88 /usr/lib/gcc/arm-none-eabi/9.2.1/thumb/v7e-m+fp/hard/crtbegin.o
 .text          0x0000000000026288       0x70 /usr/lib/gcc/arm-none-eabi/9.2.1/../../../arm-none-eabi/lib/thumb/v7e-m+fp/hard/crt0.o
                0x0000000000026288                _stack_init
                0x0000000000026290                _mainCRTStartup
                0x0000000000026290                _start
 .text.lf_timer_event_handler
                0x00000000000262f8       0x24 _build/lf_nrf52_support.o
                0x00000000000262f8                lf_timer_event_handler
 .text.lf_initialize_clock
                0x000000000002631c       0x70 _build/lf_nrf52_support.o
                0x000000000002631c                lf_initialize_clock
 .text.lf_clock_gettime
                0x000000000002638c       0x44 _build/lf_nrf52_support.o
                0x000000000002638c                lf_clock_gettime
 .text.in_critical_section
                0x00000000000263d0       0x10 _build/lf_nrf52_support.o
                0x00000000000263d0                in_critical_section
 .text.lf_critical_section_enter
                0x00000000000263e0       0x50 _build/lf_nrf52_support.o
                0x00000000000263e0                lf_critical_section_enter
 .text.lf_critical_section_exit
                0x0000000000026430       0x34 _build/lf_nrf52_support.o
                0x0000000000026430                lf_critical_section_exit
 .text.lf_sleep_until
                0x0000000000026464       0xa8 _build/lf_nrf52_support.o
                0x0000000000026464                lf_sleep_until
 .text._romi_send_payload.constprop.0
                0x000000000002650c       0x54 _build/romi.o
 .text.romi_drive_direct
                0x0000000000026560       0xb8 _build/romi.o
                0x0000000000026560                romi_drive_direct
 .text.romi_init
                0x0000000000026618       0x84 _build/romi.o
                0x0000000000026618                romi_init
 .text.bubble_up
                0x000000000002669c       0x66 _build/BLE_Template.o
 .text.percolate_down
                0x0000000000026702       0xc8 _build/BLE_Template.o
 .text.in_reverse_order
                0x00000000000267ca        0xe _build/BLE_Template.o
 .text.in_no_particular_order
                0x00000000000267d8        0x4 _build/BLE_Template.o
 .text.event_matches
                0x00000000000267dc        0xc _build/BLE_Template.o
 .text.reaction_matches
                0x00000000000267e8        0x8 _build/BLE_Template.o
 .text.get_event_time
                0x00000000000267f0        0x6 _build/BLE_Template.o
 .text.get_reaction_index
                0x00000000000267f6        0x6 _build/BLE_Template.o
 .text.get_event_position
                0x00000000000267fc        0x4 _build/BLE_Template.o
 .text.get_reaction_position
                0x0000000000026800        0x4 _build/BLE_Template.o
 .text.set_event_position
                0x0000000000026804        0x4 _build/BLE_Template.o
 .text.set_reaction_position
                0x0000000000026808        0x4 _build/BLE_Template.o
 .text.print_reaction
                0x000000000002680c        0x2 _build/BLE_Template.o
 *fill*         0x000000000002680e        0x2 
 .text.displayreaction_function_1
                0x0000000000026810       0x44 _build/BLE_Template.o
                0x0000000000026810                displayreaction_function_1
 .text.arrowkeysreaction_function_0
                0x0000000000026854       0x5c _build/BLE_Template.o
                0x0000000000026854                arrowkeysreaction_function_0
 .text.vector_resize
                0x00000000000268b0       0x50 _build/BLE_Template.o
 .text.displayreaction_function_0
                0x0000000000026900       0x68 _build/BLE_Template.o
                0x0000000000026900                displayreaction_function_0
 .text.print_event
                0x0000000000026968        0x2 _build/BLE_Template.o
 *fill*         0x000000000002696a        0x2 
 .text.lf_tag   0x000000000002696c       0x14 _build/BLE_Template.o
                0x000000000002696c                lf_tag
 .text.lf_comma_separated_time
                0x0000000000026980      0x100 _build/BLE_Template.o
                0x0000000000026980                lf_comma_separated_time
 .text.pqueue_init
                0x0000000000026a80       0x4e _build/BLE_Template.o
                0x0000000000026a80                pqueue_init
 .text.pqueue_size
                0x0000000000026ace        0x8 _build/BLE_Template.o
                0x0000000000026ace                pqueue_size
 .text.pqueue_insert
                0x0000000000026ad6       0x3e _build/BLE_Template.o
                0x0000000000026ad6                pqueue_insert
 .text.pqueue_pop
                0x0000000000026b14       0x2a _build/BLE_Template.o
                0x0000000000026b14                pqueue_pop
 .text.pqueue_peek
                0x0000000000026b3e       0x12 _build/BLE_Template.o
                0x0000000000026b3e                pqueue_peek
 .text.vector_at
                0x0000000000026b50       0x3c _build/BLE_Template.o
                0x0000000000026b50                vector_at
 .text._lf_message_print
                0x0000000000026b8c       0xac _build/BLE_Template.o
                0x0000000000026b8c                _lf_message_print
 .text.lf_vprint_error
                0x0000000000026c38       0x1c _build/BLE_Template.o
                0x0000000000026c38                lf_vprint_error
 .text.lf_print_error
                0x0000000000026c54       0x1a _build/BLE_Template.o
                0x0000000000026c54                lf_print_error
 *fill*         0x0000000000026c6e        0x2 
 .text._lf_physical_time
                0x0000000000026c70       0x5c _build/BLE_Template.o
                0x0000000000026c70                _lf_physical_time
 .text._lf_time
                0x0000000000026ccc       0x54 _build/BLE_Template.o
                0x0000000000026ccc                _lf_time
 .text.lf_time_logical_elapsed
                0x0000000000026d20        0x6 _build/BLE_Template.o
                0x0000000000026d20                lf_time_logical_elapsed
 *fill*         0x0000000000026d26        0x2 
 .text.lf_vprint_warning
                0x0000000000026d28       0x1c _build/BLE_Template.o
                0x0000000000026d28                lf_vprint_warning
 .text.lf_print_warning
                0x0000000000026d44       0x1a _build/BLE_Template.o
                0x0000000000026d44                lf_print_warning
 *fill*         0x0000000000026d5e        0x2 
 .text.lf_vprint_error_and_exit
                0x0000000000026d60       0x1c _build/BLE_Template.o
                0x0000000000026d60                lf_vprint_error_and_exit
 .text.lf_print_error_and_exit
                0x0000000000026d7c       0x16 _build/BLE_Template.o
                0x0000000000026d7c                lf_print_error_and_exit
 *fill*         0x0000000000026d92        0x2 
 .text.find_equal_same_priority
                0x0000000000026d94       0x8c _build/BLE_Template.o
                0x0000000000026d94                find_equal_same_priority
 .text.pqueue_find_equal_same_priority
                0x0000000000026e20        0x6 _build/BLE_Template.o
                0x0000000000026e20                pqueue_find_equal_same_priority
 *fill*         0x0000000000026e26        0x2 
 .text._lf_allocate
                0x0000000000026e28       0x30 _build/BLE_Template.o
                0x0000000000026e28                _lf_allocate
 .text._lf_new_reactor
                0x0000000000026e58       0x10 _build/BLE_Template.o
                0x0000000000026e58                _lf_new_reactor
 .text._lf_free
                0x0000000000026e68       0x20 _build/BLE_Template.o
                0x0000000000026e68                _lf_free
 .text._lf_free_reactor
                0x0000000000026e88       0x12 _build/BLE_Template.o
                0x0000000000026e88                _lf_free_reactor
 *fill*         0x0000000000026e9a        0x2 
 .text._lf_free_all_reactors
                0x0000000000026e9c       0x24 _build/BLE_Template.o
                0x0000000000026e9c                _lf_free_all_reactors
 .text._lf_set_stop_tag
                0x0000000000026ec0       0x3c _build/BLE_Template.o
                0x0000000000026ec0                _lf_set_stop_tag
 .text._lf_free_token
                0x0000000000026efc       0x6c _build/BLE_Template.o
                0x0000000000026efc                _lf_free_token
 .text._lf_done_using
                0x0000000000026f68       0x28 _build/BLE_Template.o
                0x0000000000026f68                _lf_done_using
 .text._lf_start_time_step
                0x0000000000026f90       0xc8 _build/BLE_Template.o
                0x0000000000026f90                _lf_start_time_step
 .text.termination
                0x0000000000027058      0x10c _build/BLE_Template.o
                0x0000000000027058                termination
 .text._lf_create_token
                0x0000000000027164       0x3c _build/BLE_Template.o
                0x0000000000027164                _lf_create_token
 .text.create_token
                0x00000000000271a0       0x18 _build/BLE_Template.o
                0x00000000000271a0                create_token
 .text._lf_initialize_token_with_value
                0x00000000000271b8       0x34 _build/BLE_Template.o
                0x00000000000271b8                _lf_initialize_token_with_value
 .text._lf_is_tag_after_stop_tag
                0x00000000000271ec       0x4c _build/BLE_Template.o
                0x00000000000271ec                _lf_is_tag_after_stop_tag
 .text._lf_get_new_event
                0x0000000000027238       0x28 _build/BLE_Template.o
                0x0000000000027238                _lf_get_new_event
 .text._lf_recycle_event
                0x0000000000027260       0x24 _build/BLE_Template.o
                0x0000000000027260                _lf_recycle_event
 .text._lf_replace_token
                0x0000000000027284       0x14 _build/BLE_Template.o
                0x0000000000027284                _lf_replace_token
 .text._lf_schedule
                0x0000000000027298      0x274 _build/BLE_Template.o
                0x0000000000027298                _lf_schedule
 .text._lf_advance_logical_time
                0x000000000002750c       0x80 _build/BLE_Template.o
                0x000000000002750c                _lf_advance_logical_time
 .text._lf_invoke_reaction
                0x000000000002758c       0x16 _build/BLE_Template.o
                0x000000000002758c                _lf_invoke_reaction
 *fill*         0x00000000000275a2        0x2 
 .text.usage    0x00000000000275a4       0xb0 _build/BLE_Template.o
                0x00000000000275a4                usage
 .text.process_args
                0x0000000000027654      0x308 _build/BLE_Template.o
                0x0000000000027654                process_args
 .text._lf_set_present
                0x000000000002795c       0x58 _build/BLE_Template.o
                0x000000000002795c                _lf_set_present
 .text.arrowkeysreaction_function_1
                0x00000000000279b4       0xf4 _build/BLE_Template.o
                0x00000000000279b4                arrowkeysreaction_function_1
 .text.ble_templatereaction_function_0
                0x0000000000027aa8       0x94 _build/BLE_Template.o
                0x0000000000027aa8                ble_templatereaction_function_0
 .text.wait_until
                0x0000000000027b3c       0x44 _build/BLE_Template.o
                0x0000000000027b3c                wait_until
 .text._lf_trigger_reaction
                0x0000000000027b80       0x1c _build/BLE_Template.o
                0x0000000000027b80                _lf_trigger_reaction
 .text._lf_pop_events
                0x0000000000027b9c       0xfc _build/BLE_Template.o
                0x0000000000027b9c                _lf_pop_events
 .text._lf_initialize_timer
                0x0000000000027c98       0x60 _build/BLE_Template.o
                0x0000000000027c98                _lf_initialize_timer
 .text.schedule_output_reactions
                0x0000000000027cf8      0x10c _build/BLE_Template.o
                0x0000000000027cf8                schedule_output_reactions
 .text._lf_do_step
                0x0000000000027e04       0xb8 _build/BLE_Template.o
                0x0000000000027e04                _lf_do_step
 .text.next     0x0000000000027ebc       0xcc _build/BLE_Template.o
                0x0000000000027ebc                next
 .text.new_Display
                0x0000000000027f88       0x78 _build/BLE_Template.o
                0x0000000000027f88                new_Display
 .text.new_ArrowKeys
                0x0000000000028000       0x74 _build/BLE_Template.o
                0x0000000000028000                new_ArrowKeys
 .text.new_BLE_Template
                0x0000000000028074       0x80 _build/BLE_Template.o
                0x0000000000028074                new_BLE_Template
 *fill*         0x00000000000280f4        0x4 
 .text._lf_initialize_trigger_objects
                0x00000000000280f8      0x2c4 _build/BLE_Template.o
                0x00000000000280f8                _lf_initialize_trigger_objects
 *fill*         0x00000000000283bc        0x4 
 .text.initialize
                0x00000000000283c0      0x11c _build/BLE_Template.o
                0x00000000000283c0                initialize
 .text._lf_trigger_startup_reactions
                0x00000000000284dc       0x2c _build/BLE_Template.o
                0x00000000000284dc                _lf_trigger_startup_reactions
 .text._lf_initialize_timers
                0x0000000000028508       0x28 _build/BLE_Template.o
                0x0000000000028508                _lf_initialize_timers
 .text.lf_reactor_c_main
                0x0000000000028530       0xcc _build/BLE_Template.o
                0x0000000000028530                lf_reactor_c_main
 .text.startup.main
                0x00000000000285fc        0x4 _build/BLE_Template.o
                0x00000000000285fc                main
 .text.nrf_drv_spi_transfer.constprop.0
                0x0000000000028600       0x1c _build/display.o
 .text.nrf_delay_ms.part.0.constprop.0
                0x000000000002861c       0x1c _build/display.o
 .text.display_init
                0x0000000000028638       0xf0 _build/display.o
                0x0000000000028638                display_init
 .text.display_write
                0x0000000000028728       0xa4 _build/display.o
                0x0000000000028728                display_write
 .text.nrf_delay_ms.part.0
                0x00000000000287cc       0x1c _build/better_error_handling.o
 .text.app_error_fault_handler
                0x00000000000287e8      0x12c _build/better_error_handling.o
                0x00000000000287e8                app_error_fault_handler
 .text.HardFault_process
                0x0000000000028914       0x9a _build/better_error_handling.o
                0x0000000000028914                HardFault_process
 .text._GetAvailWriteSpace
                0x00000000000289ae       0x1c _build/SEGGER_RTT.o
 .text._WriteNoCheck
                0x00000000000289ca       0x38 _build/SEGGER_RTT.o
 .text._WriteBlocking
                0x0000000000028a02       0x52 _build/SEGGER_RTT.o
 .text._DoInit  0x0000000000028a54       0x60 _build/SEGGER_RTT.o
 .text.SEGGER_RTT_WriteNoLock
                0x0000000000028ab4       0x68 _build/SEGGER_RTT.o
                0x0000000000028ab4                SEGGER_RTT_WriteNoLock
 .text.SEGGER_RTT_Write
                0x0000000000028b1c       0x40 _build/SEGGER_RTT.o
                0x0000000000028b1c                SEGGER_RTT_Write
 .text._write_r
                0x0000000000028b5c       0x12 _build/SEGGER_RTT_Syscalls_GCC.o
                0x0000000000028b5c                _write_r
 .text.app_error_handler
                0x0000000000028b6e       0x1a _build/app_error_handler_gcc.o
                0x0000000000028b6e                app_error_handler
 .text.user_op_alloc
                0x0000000000028b88       0x2c _build/app_timer.o
 .text.timer_stop_op_schedule
                0x0000000000028bb4       0x50 _build/app_timer.o
 .text.nrfx_coredep_delay_us.part.0.constprop.0
                0x0000000000028c04       0x10 _build/app_timer.o
 .text.RTC1_IRQHandler
                0x0000000000028c14       0x9c _build/app_timer.o
                0x0000000000028c14                RTC1_IRQHandler
 .text.SWI0_EGU0_IRQHandler
                0x0000000000028cb0      0x2b8 _build/app_timer.o
                0x0000000000028cb0                SWI0_EGU0_IRQHandler
 .text.app_timer_init
                0x0000000000028f68       0x88 _build/app_timer.o
                0x0000000000028f68                app_timer_init
 .text.app_timer_create
                0x0000000000028ff0       0x24 _build/app_timer.o
                0x0000000000028ff0                app_timer_create
 .text.app_timer_start
                0x0000000000029014       0x90 _build/app_timer.o
                0x0000000000029014                app_timer_start
 .text.app_timer_stop
                0x00000000000290a4       0x20 _build/app_timer.o
                0x00000000000290a4                app_timer_stop
 .text.privilege_level_get
                0x00000000000290c4       0x1a _build/app_util_platform.o
                0x00000000000290c4                privilege_level_get
 *fill*         0x00000000000290de        0x2 
 .text.app_util_critical_region_enter
                0x00000000000290e0       0x60 _build/app_util_platform.o
                0x00000000000290e0                app_util_critical_region_enter
 .text.app_util_critical_region_exit
                0x0000000000029140       0x40 _build/app_util_platform.o
                0x0000000000029140                app_util_critical_region_exit
 .text.startup.called_first
                0x0000000000029180       0x10 _build/before_startup.o
                0x0000000000029180                called_first
 .text.HardFault_Handler
                0x0000000000029190       0x34 _build/hardfault_handler_gcc.o
                0x0000000000029190                HardFault_Handler
 .text.HardFault_c_handler
                0x00000000000291c4      0x104 _build/hardfault_implementation.o
                0x00000000000291c4                HardFault_c_handler
 .text.nrf_atomic_u32_fetch_store
                0x00000000000292c8       0x16 _build/nrf_atomic.o
                0x00000000000292c8                nrf_atomic_u32_fetch_store
 .text.nrf_atomic_u32_or
                0x00000000000292de       0x18 _build/nrf_atomic.o
                0x00000000000292de                nrf_atomic_u32_or
 .text.nrf_atomic_u32_fetch_and
                0x00000000000292f6       0x18 _build/nrf_atomic.o
                0x00000000000292f6                nrf_atomic_u32_fetch_and
 .text.nrf_atomic_u32_add
                0x000000000002930e       0x18 _build/nrf_atomic.o
                0x000000000002930e                nrf_atomic_u32_add
 .text.nrf_atomic_u32_sub
                0x0000000000029326       0x18 _build/nrf_atomic.o
                0x0000000000029326                nrf_atomic_u32_sub
 .text.nrf_atomic_flag_set
                0x000000000002933e        0x6 _build/nrf_atomic.o
                0x000000000002933e                nrf_atomic_flag_set
 .text.nrf_atomic_flag_clear_fetch
                0x0000000000029344        0x6 _build/nrf_atomic.o
                0x0000000000029344                nrf_atomic_flag_clear_fetch
 *fill*         0x000000000002934a        0x2 
 .text.nrf_balloc_alloc
                0x000000000002934c       0x5c _build/nrf_balloc.o
                0x000000000002934c                nrf_balloc_alloc
 .text.nrf_balloc_free
                0x00000000000293a8       0x50 _build/nrf_balloc.o
                0x00000000000293a8                nrf_balloc_free
 .text.clock_clk_started_notify
                0x00000000000293f8       0x24 _build/nrf_drv_clock.o
 .text.clock_irq_handler
                0x000000000002941c       0x1c _build/nrf_drv_clock.o
 .text.soc_evt_handler
                0x0000000000029438       0x14 _build/nrf_drv_clock.o
 .text.nrf_drv_clock_init
                0x000000000002944c       0x38 _build/nrf_drv_clock.o
                0x000000000002944c                nrf_drv_clock_init
 .text.nrf_drv_clock_lfclk_request
                0x0000000000029484       0x84 _build/nrf_drv_clock.o
                0x0000000000029484                nrf_drv_clock_lfclk_request
 .text.nrf_drv_clock_lfclk_release
                0x0000000000029508       0x64 _build/nrf_drv_clock.o
                0x0000000000029508                nrf_drv_clock_lfclk_release
 .text.sd_state_evt_handler
                0x000000000002956c       0x6c _build/nrf_drv_clock.o
 .text.spim_evt_handler
                0x00000000000295d8       0x3c _build/nrf_drv_spi.o
 .text.nrf_drv_spi_init
                0x0000000000029614       0x64 _build/nrf_drv_spi.o
                0x0000000000029614                nrf_drv_spi_init
 .text.invalid_packets_omit
                0x0000000000029678       0x3a _build/nrf_log_frontend.o
 *fill*         0x00000000000296b2        0x2 
 .text.buf_prealloc
                0x00000000000296b4      0x14c _build/nrf_log_frontend.o
 .text.buffer_is_empty
                0x0000000000029800       0x14 _build/nrf_log_frontend.o
                0x0000000000029800                buffer_is_empty
 .text.nrf_log_frontend_dequeue
                0x0000000000029814      0x220 _build/nrf_log_frontend.o
                0x0000000000029814                nrf_log_frontend_dequeue
 .text.std_n    0x0000000000029a34       0xb8 _build/nrf_log_frontend.o
 .text.nrf_log_frontend_std_0
                0x0000000000029aec        0x8 _build/nrf_log_frontend.o
                0x0000000000029aec                nrf_log_frontend_std_0
 .text.nrf_log_frontend_std_1
                0x0000000000029af4       0x12 _build/nrf_log_frontend.o
                0x0000000000029af4                nrf_log_frontend_std_1
 .text.nrf_log_frontend_std_2
                0x0000000000029b06       0x14 _build/nrf_log_frontend.o
                0x0000000000029b06                nrf_log_frontend_std_2
 .text.nrf_log_frontend_std_3
                0x0000000000029b1a       0x18 _build/nrf_log_frontend.o
                0x0000000000029b1a                nrf_log_frontend_std_3
 .text.nrf_log_frontend_std_4
                0x0000000000029b32       0x1c _build/nrf_log_frontend.o
                0x0000000000029b32                nrf_log_frontend_std_4
 *fill*         0x0000000000029b4e        0x2 
 .text.nrf_log_panic
                0x0000000000029b50       0x2c _build/nrf_log_frontend.o
                0x0000000000029b50                nrf_log_panic
 .text.memobj_op
                0x0000000000029b7c       0xa8 _build/nrf_memobj.o
 .text.nrf_memobj_free
                0x0000000000029c24       0x2c _build/nrf_memobj.o
                0x0000000000029c24                nrf_memobj_free
 .text.nrf_memobj_alloc
                0x0000000000029c50       0x5e _build/nrf_memobj.o
                0x0000000000029c50                nrf_memobj_alloc
 .text.nrf_memobj_get
                0x0000000000029cae        0x8 _build/nrf_memobj.o
                0x0000000000029cae                nrf_memobj_get
 .text.nrf_memobj_put
                0x0000000000029cb6       0x1e _build/nrf_memobj.o
                0x0000000000029cb6                nrf_memobj_put
 .text.nrf_memobj_write
                0x0000000000029cd4       0x28 _build/nrf_memobj.o
                0x0000000000029cd4                nrf_memobj_write
 .text.sd_app_evt_wait
                0x0000000000029cfc        0x4 _build/nrf_pwr_mgmt.o
 .text.nrf_pwr_mgmt_init
                0x0000000000029d00       0x2c _build/nrf_pwr_mgmt.o
                0x0000000000029d00                nrf_pwr_mgmt_init
 .text.nrf_pwr_mgmt_run
                0x0000000000029d2c       0x6c _build/nrf_pwr_mgmt.o
                0x0000000000029d2c                nrf_pwr_mgmt_run
 .text.nrf_section_iter_init
                0x0000000000029d98       0x30 _build/nrf_section_iter.o
                0x0000000000029d98                nrf_section_iter_init
 .text.nrf_section_iter_next
                0x0000000000029dc8       0x38 _build/nrf_section_iter.o
                0x0000000000029dc8                nrf_section_iter_next
 .text.nrf_strerror_find
                0x0000000000029e00       0x3c _build/nrf_strerror.o
                0x0000000000029e00                nrf_strerror_find
 .text.nrf_strerror_get
                0x0000000000029e3c       0x14 _build/nrf_strerror.o
                0x0000000000029e3c                nrf_strerror_get
 .text.nrfx_clock_init
                0x0000000000029e50       0x28 _build/nrfx_clock.o
                0x0000000000029e50                nrfx_clock_init
 .text.nrfx_clock_enable
                0x0000000000029e78       0x3c _build/nrfx_clock.o
                0x0000000000029e78                nrfx_clock_enable
 .text.nrfx_clock_lfclk_start
                0x0000000000029eb4       0x6c _build/nrfx_clock.o
                0x0000000000029eb4                nrfx_clock_lfclk_start
 .text.nrfx_clock_lfclk_stop
                0x0000000000029f20       0x30 _build/nrfx_clock.o
                0x0000000000029f20                nrfx_clock_lfclk_stop
 .text.POWER_CLOCK_IRQHandler
                0x0000000000029f50       0x64 _build/nrfx_clock.o
                0x0000000000029f50                POWER_CLOCK_IRQHandler
 .text.nrf_gpiote_event_clear
                0x0000000000029fb4       0x18 _build/nrfx_gpiote.o
 .text.channel_free
                0x0000000000029fcc       0x1c _build/nrfx_gpiote.o
 .text.nrf_gpio_pin_port_decode.isra.0.part.0
                0x0000000000029fe8       0x10 _build/nrfx_gpiote.o
 .text.nrf_gpio_cfg_sense_set
                0x0000000000029ff8       0x2e _build/nrfx_gpiote.o
 *fill*         0x000000000002a026        0x2 
 .text.nrfx_gpiote_init
                0x000000000002a028       0x70 _build/nrfx_gpiote.o
                0x000000000002a028                nrfx_gpiote_init
 .text.nrfx_gpiote_is_init
                0x000000000002a098       0x14 _build/nrfx_gpiote.o
                0x000000000002a098                nrfx_gpiote_is_init
 .text.nrfx_gpiote_out_init
                0x000000000002a0ac      0x11c _build/nrfx_gpiote.o
                0x000000000002a0ac                nrfx_gpiote_out_init
 .text.nrfx_gpiote_out_set
                0x000000000002a1c8       0x5c _build/nrfx_gpiote.o
                0x000000000002a1c8                nrfx_gpiote_out_set
 .text.nrfx_gpiote_out_clear
                0x000000000002a224       0x5c _build/nrfx_gpiote.o
                0x000000000002a224                nrfx_gpiote_out_clear
 .text.GPIOTE_IRQHandler
                0x000000000002a280      0x198 _build/nrfx_gpiote.o
                0x000000000002a280                GPIOTE_IRQHandler
 .text.UARTE0_UART0_IRQHandler
                0x000000000002a418       0x20 _build/nrfx_prs.o
                0x000000000002a418                UARTE0_UART0_IRQHandler
 .text.nrfx_prs_acquire
                0x000000000002a438       0x50 _build/nrfx_prs.o
                0x000000000002a438                nrfx_prs_acquire
 .text.nrf_pwm_event_clear
                0x000000000002a488       0x10 _build/nrfx_pwm.o
 .text.irq_handler
                0x000000000002a498       0x80 _build/nrfx_pwm.o
 .text.PWM0_IRQHandler
                0x000000000002a518       0x10 _build/nrfx_pwm.o
                0x000000000002a518                PWM0_IRQHandler
 .text.PWM1_IRQHandler
                0x000000000002a528       0x10 _build/nrfx_pwm.o
                0x000000000002a528                PWM1_IRQHandler
 .text.PWM2_IRQHandler
                0x000000000002a538       0x10 _build/nrfx_pwm.o
                0x000000000002a538                PWM2_IRQHandler
 .text.nrf_saadc_event_clear
                0x000000000002a548       0x18 _build/nrfx_saadc.o
 .text.SAADC_IRQHandler
                0x000000000002a560      0x160 _build/nrfx_saadc.o
                0x000000000002a560                SAADC_IRQHandler
 .text.nrf_gpio_pin_port_decode.isra.0.part.0
                0x000000000002a6c0       0x10 _build/nrfx_spim.o
 .text.nrf_gpio_pin_clear
                0x000000000002a6d0       0x1c _build/nrfx_spim.o
 .text.nrf_gpio_pin_set
                0x000000000002a6ec       0x1c _build/nrfx_spim.o
 .text.SPIM1_SPIS1_TWIM1_TWIS1_SPI1_TWI1_IRQHandler
                0x000000000002a708       0x64 _build/nrfx_spim.o
                0x000000000002a708                SPIM1_SPIS1_TWIM1_TWIS1_SPI1_TWI1_IRQHandler
 .text.nrfx_spim_init
                0x000000000002a76c      0x21c _build/nrfx_spim.o
                0x000000000002a76c                nrfx_spim_init
 .text.nrfx_spim_xfer
                0x000000000002a988      0x170 _build/nrfx_spim.o
                0x000000000002a988                nrfx_spim_xfer
 .text.irq_handler
                0x000000000002aaf8       0x4e _build/nrfx_timer.o
 *fill*         0x000000000002ab46        0x2 
 .text.nrfx_timer_init
                0x000000000002ab48      0x174 _build/nrfx_timer.o
                0x000000000002ab48                nrfx_timer_init
 .text.nrfx_timer_enable
                0x000000000002acbc       0x38 _build/nrfx_timer.o
                0x000000000002acbc                nrfx_timer_enable
 .text.nrfx_timer_capture
                0x000000000002acf4       0x4c _build/nrfx_timer.o
                0x000000000002acf4                nrfx_timer_capture
 .text.nrfx_timer_compare
                0x000000000002ad40       0x36 _build/nrfx_timer.o
                0x000000000002ad40                nrfx_timer_compare
 *fill*         0x000000000002ad76        0x2 
 .text.nrfx_timer_compare_int_disable
                0x000000000002ad78       0x48 _build/nrfx_timer.o
                0x000000000002ad78                nrfx_timer_compare_int_disable
 .text.TIMER0_IRQHandler
                0x000000000002adc0       0x14 _build/nrfx_timer.o
                0x000000000002adc0                TIMER0_IRQHandler
 .text.TIMER1_IRQHandler
                0x000000000002add4       0x14 _build/nrfx_timer.o
                0x000000000002add4                TIMER1_IRQHandler
 .text.TIMER3_IRQHandler
                0x000000000002ade8       0x14 _build/nrfx_timer.o
                0x000000000002ade8                TIMER3_IRQHandler
 .text.nrf_twim_event_clear
                0x000000000002adfc       0x10 _build/nrfx_twim.o
 .text.SPIM0_SPIS0_TWIM0_TWIS0_SPI0_TWI0_IRQHandler
                0x000000000002ae0c      0x154 _build/nrfx_twim.o
                0x000000000002ae0c                SPIM0_SPIS0_TWIM0_TWIS0_SPI0_TWI0_IRQHandler
 .text.nrf_uart_event_clear
                0x000000000002af60       0x10 _build/nrfx_uart.o
 .text.tx_byte  0x000000000002af70       0x1e _build/nrfx_uart.o
 .text.rx_byte  0x000000000002af8e       0x2c _build/nrfx_uart.o
 *fill*         0x000000000002afba        0x2 
 .text.nrf_gpio_pin_port_decode.isra.0.part.0
                0x000000000002afbc       0x10 _build/nrfx_uart.o
 .text.rx_done_event.constprop.0
                0x000000000002afcc       0x20 _build/nrfx_uart.o
 .text.nrfx_uart_0_irq_handler
                0x000000000002afec      0x13c _build/nrfx_uart.o
                0x000000000002afec                nrfx_uart_0_irq_handler
 .text.nrfx_uart_init
                0x000000000002b128      0x204 _build/nrfx_uart.o
                0x000000000002b128                nrfx_uart_init
 .text.nrfx_uart_tx
                0x000000000002b32c       0xd8 _build/nrfx_uart.o
                0x000000000002b32c                nrfx_uart_tx
 .text.sd_ble_gap_addr_get
                0x000000000002b404        0x4 _build/ble_advdata.o
 .text.sd_ble_gap_appearance_get
                0x000000000002b408        0x4 _build/ble_advdata.o
 .text.sd_ble_gap_device_name_get
                0x000000000002b40c        0x4 _build/ble_advdata.o
 .text.sd_ble_uuid_encode
                0x000000000002b410        0x4 _build/ble_advdata.o
 .text.uuid_list_sized_encode
                0x000000000002b414       0xac _build/ble_advdata.o
 .text.uuid_list_encode
                0x000000000002b4c0       0x38 _build/ble_advdata.o
 .text.ble_advdata_encode
                0x000000000002b4f8      0x394 _build/ble_advdata.o
                0x000000000002b4f8                ble_advdata_encode
 .text.ble_advdata_search
                0x000000000002b88c       0x38 _build/ble_advdata.o
                0x000000000002b88c                ble_advdata_search
 .text.ble_advdata_parse
                0x000000000002b8c4       0x20 _build/ble_advdata.o
                0x000000000002b8c4                ble_advdata_parse
 .text.sd_ble_gap_adv_set_configure
                0x000000000002b8e4        0x4 _build/ble_advertising.o
 .text.sd_ble_gap_adv_start
                0x000000000002b8e8        0x4 _build/ble_advertising.o
 .text.flags_set
                0x000000000002b8ec       0x2c _build/ble_advertising.o
 .text.ble_advertising_conn_cfg_tag_set
                0x000000000002b918        0x6 _build/ble_advertising.o
                0x000000000002b918                ble_advertising_conn_cfg_tag_set
 .text.ble_advertising_init
                0x000000000002b91e       0xfe _build/ble_advertising.o
                0x000000000002b91e                ble_advertising_init
 .text.ble_advertising_start
                0x000000000002ba1c      0x21a _build/ble_advertising.o
                0x000000000002ba1c                ble_advertising_start
 .text.ble_advertising_on_ble_evt
                0x000000000002bc36       0x6a _build/ble_advertising.o
                0x000000000002bc36                ble_advertising_on_ble_evt
 .text.ble_advertising_on_sys_evt
                0x000000000002bca0        0x2 _build/ble_advertising.o
                0x000000000002bca0                ble_advertising_on_sys_evt
 .text.sd_ble_gap_conn_param_update
                0x000000000002bca2        0x4 _build/ble_conn_params.o
 .text.sd_ble_gap_disconnect
                0x000000000002bca6        0x4 _build/ble_conn_params.o
 .text.sd_ble_gap_ppcp_set
                0x000000000002bcaa        0x4 _build/ble_conn_params.o
 .text.sd_ble_gap_ppcp_get
                0x000000000002bcae        0x4 _build/ble_conn_params.o
 *fill*         0x000000000002bcb2        0x2 
 .text.instance_get
                0x000000000002bcb4       0x14 _build/ble_conn_params.o
 .text.send_error_evt
                0x000000000002bcc8       0x10 _build/ble_conn_params.o
 .text.update_timeout_handler
                0x000000000002bcd8       0x6c _build/ble_conn_params.o
 .text.conn_params_negotiation
                0x000000000002bd44       0x48 _build/ble_conn_params.o
 .text.is_conn_params_ok.constprop.0
                0x000000000002bd8c       0x34 _build/ble_conn_params.o
 .text.ble_evt_handler
                0x000000000002bdc0       0xe0 _build/ble_conn_params.o
 .text.ble_conn_params_init
                0x000000000002bea0       0x74 _build/ble_conn_params.o
                0x000000000002bea0                ble_conn_params_init
 .text.ble_srv_is_notification_enabled
                0x000000000002bf14        0x8 _build/ble_srv_common.o
                0x000000000002bf14                ble_srv_is_notification_enabled
 .text.sd_ble_gap_data_length_update
                0x000000000002bf1c        0x4 _build/nrf_ble_gatt.o
 .text.sd_ble_gattc_exchange_mtu_request
                0x000000000002bf20        0x4 _build/nrf_ble_gatt.o
 .text.sd_ble_gatts_exchange_mtu_reply
                0x000000000002bf24        0x4 _build/nrf_ble_gatt.o
 .text.data_length_update
                0x000000000002bf28       0x80 _build/nrf_ble_gatt.o
 .text.nrf_ble_gatt_init
                0x000000000002bfa8       0x28 _build/nrf_ble_gatt.o
                0x000000000002bfa8                nrf_ble_gatt_init
 .text.nrf_ble_gatt_on_ble_evt
                0x000000000002bfd0      0x198 _build/nrf_ble_gatt.o
                0x000000000002bfd0                nrf_ble_gatt_on_ble_evt
 .text.sd_ble_gatts_rw_authorize_reply
                0x000000000002c168        0x4 _build/nrf_ble_qwr.o
 .text.sd_ble_user_mem_reply
                0x000000000002c16c        0x4 _build/nrf_ble_qwr.o
 .text.user_mem_reply.part.0
                0x000000000002c170       0x24 _build/nrf_ble_qwr.o
 .text.nrf_ble_qwr_init
                0x000000000002c194       0x24 _build/nrf_ble_qwr.o
                0x000000000002c194                nrf_ble_qwr_init
 .text.nrf_ble_qwr_conn_handle_assign
                0x000000000002c1b8       0x16 _build/nrf_ble_qwr.o
                0x000000000002c1b8                nrf_ble_qwr_conn_handle_assign
 .text.nrf_ble_qwr_on_ble_evt
                0x000000000002c1ce       0xa0 _build/nrf_ble_qwr.o
                0x000000000002c1ce                nrf_ble_qwr_on_ble_evt
 .text.sd_softdevice_enable
                0x000000000002c26e        0x4 _build/nrf_sdh.o
 *fill*         0x000000000002c272        0x2 
 .text.sdh_request_observer_notify
                0x000000000002c274       0x30 _build/nrf_sdh.o
 .text.sdh_state_observer_notify
                0x000000000002c2a4       0x28 _build/nrf_sdh.o
 .text.softdevices_evt_irq_enable
                0x000000000002c2cc       0x40 _build/nrf_sdh.o
 .text.nrf_sdh_enable_request
                0x000000000002c30c       0x7c _build/nrf_sdh.o
                0x000000000002c30c                nrf_sdh_enable_request
 .text.nrf_sdh_is_enabled
                0x000000000002c388        0xc _build/nrf_sdh.o
                0x000000000002c388                nrf_sdh_is_enabled
 .text.nrf_sdh_evts_poll
                0x000000000002c394       0x28 _build/nrf_sdh.o
                0x000000000002c394                nrf_sdh_evts_poll
 .text.SWI2_EGU2_IRQHandler
                0x000000000002c3bc        0x4 _build/nrf_sdh.o
                0x000000000002c3bc                SWI2_EGU2_IRQHandler
 .text.sd_ble_enable
                0x000000000002c3c0        0x4 _build/nrf_sdh_ble.o
 .text.sd_ble_cfg_set
                0x000000000002c3c4        0x4 _build/nrf_sdh_ble.o
 .text.sd_ble_evt_get
                0x000000000002c3c8        0x4 _build/nrf_sdh_ble.o
 .text.nrf_sdh_ble_evts_poll.part.0
                0x000000000002c3cc       0x58 _build/nrf_sdh_ble.o
 .text.nrf_sdh_ble_evts_poll
                0x000000000002c424       0x10 _build/nrf_sdh_ble.o
 .text.nrf_sdh_ble_default_cfg_set
                0x000000000002c434      0x1a4 _build/nrf_sdh_ble.o
                0x000000000002c434                nrf_sdh_ble_default_cfg_set
 .text.nrf_sdh_ble_enable
                0x000000000002c5d8       0x98 _build/nrf_sdh_ble.o
                0x000000000002c5d8                nrf_sdh_ble_enable
 .text.sd_ble_gap_addr_set
                0x000000000002c670        0x4 _build/simple_ble.o
 .text.sd_ble_gap_adv_set_configure
                0x000000000002c674        0x4 _build/simple_ble.o
 .text.sd_ble_gap_adv_stop
                0x000000000002c678        0x4 _build/simple_ble.o
 .text.sd_ble_gap_disconnect
                0x000000000002c67c        0x4 _build/simple_ble.o
 .text.sd_ble_gap_appearance_set
                0x000000000002c680        0x4 _build/simple_ble.o
 .text.sd_ble_gap_ppcp_set
                0x000000000002c684        0x4 _build/simple_ble.o
 .text.sd_ble_gap_device_name_set
                0x000000000002c688        0x4 _build/simple_ble.o
 .text.sd_ble_gap_sec_params_reply
                0x000000000002c68c        0x4 _build/simple_ble.o
 .text.sd_ble_gap_sec_info_reply
                0x000000000002c690        0x4 _build/simple_ble.o
 .text.sd_ble_gap_scan_start
                0x000000000002c694        0x4 _build/simple_ble.o
 .text.sd_ble_gap_phy_update
                0x000000000002c698        0x4 _build/simple_ble.o
 .text.sd_ble_gatts_service_add
                0x000000000002c69c        0x4 _build/simple_ble.o
 .text.sd_ble_gatts_characteristic_add
                0x000000000002c6a0        0x4 _build/simple_ble.o
 .text.sd_ble_gatts_sys_attr_set
                0x000000000002c6a4        0x4 _build/simple_ble.o
 .text.sd_ble_uuid_vs_add
                0x000000000002c6a8        0x4 _build/simple_ble.o
 .text.sd_power_system_off
                0x000000000002c6ac        0x4 _build/simple_ble.o
 .text.on_adv_evt
                0x000000000002c6b0        0x2 _build/simple_ble.o
 *fill*         0x000000000002c6b2        0x2 
 .text.on_ble_evt
                0x000000000002c6b4      0x234 _build/simple_ble.o
 .text.conn_params_error_handler
                0x000000000002c8e8       0x10 _build/simple_ble.o
 .text.on_conn_params_evt
                0x000000000002c8f8       0x24 _build/simple_ble.o
 .text.qwr_error_handler
                0x000000000002c91c       0x10 _build/simple_ble.o
 .text.assert_nrf_callback
                0x000000000002c92c       0x24 _build/simple_ble.o
                0x000000000002c92c                assert_nrf_callback
 .text.ble_address_set
                0x000000000002c950       0x6c _build/simple_ble.o
                0x000000000002c950                ble_address_set
 .text.ble_stack_init
                0x000000000002c9bc       0x4c _build/simple_ble.o
                0x000000000002c9bc                ble_stack_init
 .text.gap_params_init
                0x000000000002ca08       0x80 _build/simple_ble.o
                0x000000000002ca08                gap_params_init
 .text.advertising_init
                0x000000000002ca88       0x6c _build/simple_ble.o
                0x000000000002ca88                advertising_init
 .text.conn_params_init
                0x000000000002caf4       0x58 _build/simple_ble.o
                0x000000000002caf4                conn_params_init
 .text.services_init
                0x000000000002cb4c       0x2c _build/simple_ble.o
                0x000000000002cb4c                services_init
 .text.initialize_app_timer
                0x000000000002cb78       0x18 _build/simple_ble.o
                0x000000000002cb78                initialize_app_timer
 .text.advertising_start
                0x000000000002cb90       0x24 _build/simple_ble.o
                0x000000000002cb90                advertising_start
 .text.advertising_stop
                0x000000000002cbb4       0x28 _build/simple_ble.o
                0x000000000002cbb4                advertising_stop
 .text.simple_ble_init
                0x000000000002cbdc       0x90 _build/simple_ble.o
                0x000000000002cbdc                simple_ble_init
 .text.simple_ble_add_service
                0x000000000002cc6c       0x48 _build/simple_ble.o
                0x000000000002cc6c                simple_ble_add_service
 .text.simple_ble_add_characteristic
                0x000000000002ccb4      0x118 _build/simple_ble.o
                0x000000000002ccb4                simple_ble_add_characteristic
 .text.simple_ble_adv_only_name
                0x000000000002cdcc       0x74 _build/simple_ble.o
                0x000000000002cdcc                simple_ble_adv_only_name
 .text.errata_12
                0x000000000002ce40       0x40 _build/system_nrf52.o
 .text.errata_16
                0x000000000002ce80       0x34 _build/system_nrf52.o
 .text.SystemInit
                0x000000000002ceb4      0x25c _build/system_nrf52.o
                0x000000000002ceb4                SystemInit
 .text          0x000000000002d110       0x3c _build/gcc_startup_nrf52.os
                0x000000000002d110                Reset_Handler
                0x000000000002d138                NMI_Handler
                0x000000000002d13c                MemoryManagement_Handler
                0x000000000002d13e                BusFault_Handler
                0x000000000002d140                UsageFault_Handler
                0x000000000002d142                SVC_Handler
                0x000000000002d144                DebugMon_Handler
                0x000000000002d146                PendSV_Handler
                0x000000000002d148                SysTick_Handler
                0x000000000002d14a                TIMER2_IRQHandler
                0x000000000002d14a                RTC0_IRQHandler
                0x000000000002d14a                RADIO_IRQHandler
                0x000000000002d14a                PDM_IRQHandler
                0x000000000002d14a                TEMP_IRQHandler
                0x000000000002d14a                QDEC_IRQHandler
                0x000000000002d14a                FPU_IRQHandler
                0x000000000002d14a                TIMER4_IRQHandler
                0x000000000002d14a                I2S_IRQHandler
                0x000000000002d14a                SWI4_EGU4_IRQHandler
                0x000000000002d14a                ECB_IRQHandler
                0x000000000002d14a                Default_Handler
                0x000000000002d14a                CCM_AAR_IRQHandler
                0x000000000002d14a                WDT_IRQHandler
                0x000000000002d14a                SWI5_EGU5_IRQHandler
                0x000000000002d14a                RNG_IRQHandler
                0x000000000002d14a                RTC2_IRQHandler
                0x000000000002d14a                SWI3_EGU3_IRQHandler
                0x000000000002d14a                SWI1_EGU1_IRQHandler
                0x000000000002d14a                SPIM2_SPIS2_SPI2_IRQHandler
                0x000000000002d14a                NFCT_IRQHandler
                0x000000000002d14a                MWU_IRQHandler
                0x000000000002d14a                COMP_LPCOMP_IRQHandler
 .text          0x000000000002d14c        0x8 /usr/lib/gcc/arm-none-eabi/9.2.1/../../../arm-none-eabi/lib/thumb/v7e-m+fp/hard/libc.a(lib_a-abs.o)
                0x000000000002d14c                abs
 .text          0x000000000002d154       0x48 /usr/lib/gcc/arm-none-eabi/9.2.1/../../../arm-none-eabi/lib/thumb/v7e-m+fp/hard/libc.a(lib_a-assert.o)
                0x000000000002d154                __assert_func
                0x000000000002d190                __assert
 .text          0x000000000002d19c        0xc /usr/lib/gcc/arm-none-eabi/9.2.1/../../../arm-none-eabi/lib/thumb/v7e-m+fp/hard/libc.a(lib_a-atexit.o)
                0x000000000002d19c                atexit
 .text          0x000000000002d1a8       0x10 /usr/lib/gcc/arm-none-eabi/9.2.1/../../../arm-none-eabi/lib/thumb/v7e-m+fp/hard/libc.a(lib_a-atoi.o)
                0x000000000002d1a8                atoi
                0x000000000002d1b0                _atoi_r
 .text          0x000000000002d1b8       0x10 /usr/lib/gcc/arm-none-eabi/9.2.1/../../../arm-none-eabi/lib/thumb/v7e-m+fp/hard/libc.a(lib_a-atoll.o)
                0x000000000002d1b8                atoll
                0x000000000002d1c0                _atoll_r
 .text          0x000000000002d1c8       0x10 /usr/lib/gcc/arm-none-eabi/9.2.1/../../../arm-none-eabi/lib/thumb/v7e-m+fp/hard/libc.a(lib_a-calloc.o)
                0x000000000002d1c8                calloc
 .text          0x000000000002d1d8       0x60 /usr/lib/gcc/arm-none-eabi/9.2.1/../../../arm-none-eabi/lib/thumb/v7e-m+fp/hard/libc.a(lib_a-callocr.o)
                0x000000000002d1d8                _calloc_r
 .text          0x000000000002d238       0x10 /usr/lib/gcc/arm-none-eabi/9.2.1/../../../arm-none-eabi/lib/thumb/v7e-m+fp/hard/libc.a(lib_a-ctime.o)
                0x000000000002d238                ctime
 .text          0x000000000002d248       0x20 /usr/lib/gcc/arm-none-eabi/9.2.1/../../../arm-none-eabi/lib/thumb/v7e-m+fp/hard/libc.a(lib_a-exit.o)
                0x000000000002d248                exit
 .text          0x000000000002d268       0x34 /usr/lib/gcc/arm-none-eabi/9.2.1/../../../arm-none-eabi/lib/thumb/v7e-m+fp/hard/libc.a(lib_a-fini.o)
                0x000000000002d268                __libc_fini_array
 .text          0x000000000002d29c       0x44 /usr/lib/gcc/arm-none-eabi/9.2.1/../../../arm-none-eabi/lib/thumb/v7e-m+fp/hard/libc.a(lib_a-fiprintf.o)
                0x000000000002d29c                _fiprintf_r
                0x000000000002d2b8                fiprintf
 .text          0x000000000002d2e0       0x48 /usr/lib/gcc/arm-none-eabi/9.2.1/../../../arm-none-eabi/lib/thumb/v7e-m+fp/hard/libc.a(lib_a-init.o)
                0x000000000002d2e0                __libc_init_array
 .text          0x000000000002d328       0x10 /usr/lib/gcc/arm-none-eabi/9.2.1/../../../arm-none-eabi/lib/thumb/v7e-m+fp/hard/libc.a(lib_a-lcltime.o)
                0x000000000002d328                localtime
 .text          0x000000000002d338      0x244 /usr/lib/gcc/arm-none-eabi/9.2.1/../../../arm-none-eabi/lib/thumb/v7e-m+fp/hard/libc.a(lib_a-lcltime_r.o)
                0x000000000002d338                localtime_r
 .text          0x000000000002d57c       0x20 /usr/lib/gcc/arm-none-eabi/9.2.1/../../../arm-none-eabi/lib/thumb/v7e-m+fp/hard/libc.a(lib_a-malloc.o)
                0x000000000002d57c                malloc
                0x000000000002d58c                free
 .text          0x000000000002d59c      0x564 /usr/lib/gcc/arm-none-eabi/9.2.1/../../../arm-none-eabi/lib/thumb/v7e-m+fp/hard/libc.a(lib_a-mallocr.o)
                0x000000000002d59c                _malloc_r
 .text          0x000000000002db00      0x134 /usr/lib/gcc/arm-none-eabi/9.2.1/../../../arm-none-eabi/lib/thumb/v7e-m+fp/hard/libc.a(lib_a-memcpy.o)
                0x000000000002db00                memcpy
 .text          0x000000000002dc34       0xa0 /usr/lib/gcc/arm-none-eabi/9.2.1/../../../arm-none-eabi/lib/thumb/v7e-m+fp/hard/libc.a(lib_a-memset.o)
                0x000000000002dc34                memset
 .text          0x000000000002dcd4        0x8 /usr/lib/gcc/arm-none-eabi/9.2.1/../../../arm-none-eabi/lib/thumb/v7e-m+fp/hard/libc.a(lib_a-mlock.o)
                0x000000000002dcd4                __malloc_lock
                0x000000000002dcd8                __malloc_unlock
 .text          0x000000000002dcdc       0x48 /usr/lib/gcc/arm-none-eabi/9.2.1/../../../arm-none-eabi/lib/thumb/v7e-m+fp/hard/libc.a(lib_a-printf.o)
                0x000000000002dcdc                _printf_r
                0x000000000002dcfc                printf
 .text          0x000000000002dd24       0x10 /usr/lib/gcc/arm-none-eabi/9.2.1/../../../arm-none-eabi/lib/thumb/v7e-m+fp/hard/libc.a(lib_a-realloc.o)
                0x000000000002dd24                realloc
 .text          0x000000000002dd34      0x36c /usr/lib/gcc/arm-none-eabi/9.2.1/../../../arm-none-eabi/lib/thumb/v7e-m+fp/hard/libc.a(lib_a-reallocr.o)
                0x000000000002dd34                _realloc_r
 .text          0x000000000002e0a0       0x24 /usr/lib/gcc/arm-none-eabi/9.2.1/../../../arm-none-eabi/lib/thumb/v7e-m+fp/hard/libc.a(lib_a-sbrkr.o)
                0x000000000002e0a0                _sbrk_r
 .text          0x000000000002e0c4       0x10 /usr/lib/gcc/arm-none-eabi/9.2.1/../../../arm-none-eabi/lib/thumb/v7e-m+fp/hard/libc.a(lib_a-setbuf.o)
                0x000000000002e0c4                setbuf
 .text          0x000000000002e0d4      0x154 /usr/lib/gcc/arm-none-eabi/9.2.1/../../../arm-none-eabi/lib/thumb/v7e-m+fp/hard/libc.a(lib_a-setvbuf.o)
                0x000000000002e0d4                setvbuf
 .text          0x000000000002e228      0x15c /usr/lib/gcc/arm-none-eabi/9.2.1/../../../arm-none-eabi/lib/thumb/v7e-m+fp/hard/libc.a(lib_a-signal.o)
                0x000000000002e250                _init_signal_r
                0x000000000002e25c                _signal_r
                0x000000000002e294                _raise_r
                0x000000000002e2ec                __sigtramp_r
                0x000000000002e340                raise
                0x000000000002e350                signal
                0x000000000002e360                _init_signal
                0x000000000002e374                __sigtramp
 .text          0x000000000002e384       0x2c /usr/lib/gcc/arm-none-eabi/9.2.1/../../../arm-none-eabi/lib/thumb/v7e-m+fp/hard/libc.a(lib_a-signalr.o)
                0x000000000002e384                _kill_r
                0x000000000002e3ac                _getpid_r
 .text          0x000000000002e3b0      0x110 /usr/lib/gcc/arm-none-eabi/9.2.1/../../../arm-none-eabi/lib/thumb/v7e-m+fp/hard/libc.a(lib_a-snprintf.o)
                0x000000000002e3b0                _snprintf_r
                0x000000000002e434                snprintf
 .text          0x000000000002e4c0       0x80 /usr/lib/gcc/arm-none-eabi/9.2.1/../../../arm-none-eabi/lib/thumb/v7e-m+fp/hard/libc.a(lib_a-sprintf.o)
                0x000000000002e4c0                _sprintf_r
                0x000000000002e4fc                sprintf
 .text          0x000000000002e540      0x2dc /usr/lib/gcc/arm-none-eabi/9.2.1/../../../arm-none-eabi/lib/thumb/v7e-m+fp/hard/libc.a(lib_a-strcmp.o)
                0x000000000002e548                strcmp
 .text          0x000000000002e81c       0xbc /usr/lib/gcc/arm-none-eabi/9.2.1/../../../arm-none-eabi/lib/thumb/v7e-m+fp/hard/libc.a(lib_a-strcpy.o)
                0x000000000002e81c                strcpy
 *fill*         0x000000000002e8d8       0x28 
 .text          0x000000000002e900       0xdc /usr/lib/gcc/arm-none-eabi/9.2.1/../../../arm-none-eabi/lib/thumb/v7e-m+fp/hard/libc.a(lib_a-strlen.o)
                0x000000000002e900                strlen
 .text          0x000000000002e9dc       0xa4 /usr/lib/gcc/arm-none-eabi/9.2.1/../../../arm-none-eabi/lib/thumb/v7e-m+fp/hard/libc.a(lib_a-strncmp.o)
                0x000000000002e9dc                strncmp
 .text          0x000000000002ea80      0x168 /usr/lib/gcc/arm-none-eabi/9.2.1/../../../arm-none-eabi/lib/thumb/v7e-m+fp/hard/libc.a(lib_a-strtol.o)
                0x000000000002ebb4                _strtol_r
                0x000000000002ebb8                strtol_l
                0x000000000002ebd0                strtol
 .text          0x000000000002ebe8      0x1c4 /usr/lib/gcc/arm-none-eabi/9.2.1/../../../arm-none-eabi/lib/thumb/v7e-m+fp/hard/libc.a(lib_a-strtoll.o)
                0x000000000002ed78                _strtoll_r
                0x000000000002ed7c                strtoll_l
                0x000000000002ed94                strtoll
 *fill*         0x000000000002edac        0x4 
 .text          0x000000000002edb0     0x1498 /usr/lib/gcc/arm-none-eabi/9.2.1/../../../arm-none-eabi/lib/thumb/v7e-m+fp/hard/libc.a(lib_a-svfprintf.o)
                0x000000000002edb0                _svfprintf_r
 .text          0x0000000000030248      0x180 /usr/lib/gcc/arm-none-eabi/9.2.1/../../../arm-none-eabi/lib/thumb/v7e-m+fp/hard/libc.a(lib_a-tzcalc_limits.o)
                0x0000000000030248                __tzcalc_limits
 .text          0x00000000000303c8        0x8 /usr/lib/gcc/arm-none-eabi/9.2.1/../../../arm-none-eabi/lib/thumb/v7e-m+fp/hard/libc.a(lib_a-tzlock.o)
                0x00000000000303c8                __tz_lock
                0x00000000000303cc                __tz_unlock
 .text          0x00000000000303d0       0x28 /usr/lib/gcc/arm-none-eabi/9.2.1/../../../arm-none-eabi/lib/thumb/v7e-m+fp/hard/libc.a(lib_a-tzset.o)
                0x00000000000303d0                _tzset_unlocked
                0x00000000000303dc                tzset
 .text          0x00000000000303f8      0x34c /usr/lib/gcc/arm-none-eabi/9.2.1/../../../arm-none-eabi/lib/thumb/v7e-m+fp/hard/libc.a(lib_a-tzset_r.o)
                0x00000000000303f8                _tzset_unlocked_r
                0x000000000003072c                _tzset_r
 .text          0x0000000000030744      0xd00 /usr/lib/gcc/arm-none-eabi/9.2.1/../../../arm-none-eabi/lib/thumb/v7e-m+fp/hard/libc.a(lib_a-vfiprintf.o)
                0x00000000000307bc                __sprint_r
                0x00000000000307d0                _vfiprintf_r
                0x00000000000313c0                vfiprintf
 *fill*         0x0000000000031444        0x4 
 .text          0x0000000000031448     0x1580 /usr/lib/gcc/arm-none-eabi/9.2.1/../../../arm-none-eabi/lib/thumb/v7e-m+fp/hard/libc.a(lib_a-vfprintf.o)
                0x0000000000031448                _vfprintf_r
                0x0000000000032944                vfprintf
 .text          0x00000000000329c8       0xd0 /usr/lib/gcc/arm-none-eabi/9.2.1/../../../arm-none-eabi/lib/thumb/v7e-m+fp/hard/libc.a(lib_a-wsetup.o)
                0x00000000000329c8                __swsetup_r
 .text          0x0000000000032a98       0x68 /usr/lib/gcc/arm-none-eabi/9.2.1/../../../arm-none-eabi/lib/thumb/v7e-m+fp/hard/libc.a(lib_a-__atexit.o)
                0x0000000000032a98                __register_exitproc
 .text          0x0000000000032b00       0x9c /usr/lib/gcc/arm-none-eabi/9.2.1/../../../arm-none-eabi/lib/thumb/v7e-m+fp/hard/libc.a(lib_a-__call_atexit.o)
                0x0000000000032b00                __call_exitprocs
 .text.startup  0x0000000000032b9c       0x14 /usr/lib/gcc/arm-none-eabi/9.2.1/../../../arm-none-eabi/lib/thumb/v7e-m+fp/hard/libc.a(lib_a-__call_atexit.o)
 .text          0x0000000000032bb0       0x10 /usr/lib/gcc/arm-none-eabi/9.2.1/../../../arm-none-eabi/lib/thumb/v7e-m+fp/hard/libc.a(lib_a-abort.o)
                0x0000000000032bb0                abort
 .text          0x0000000000032bc0       0x10 /usr/lib/gcc/arm-none-eabi/9.2.1/../../../arm-none-eabi/lib/thumb/v7e-m+fp/hard/libc.a(lib_a-asctime.o)
                0x0000000000032bc0                asctime
 .text          0x0000000000032bd0       0x48 /usr/lib/gcc/arm-none-eabi/9.2.1/../../../arm-none-eabi/lib/thumb/v7e-m+fp/hard/libc.a(lib_a-asctime_r.o)
                0x0000000000032bd0                asctime_r
 .text          0x0000000000032c18      0xfc0 /usr/lib/gcc/arm-none-eabi/9.2.1/../../../arm-none-eabi/lib/thumb/v7e-m+fp/hard/libc.a(lib_a-dtoa.o)
                0x0000000000032d3c                _dtoa_r
 .text          0x0000000000033bd8        0xc /usr/lib/gcc/arm-none-eabi/9.2.1/../../../arm-none-eabi/lib/thumb/v7e-m+fp/hard/libc.a(lib_a-errno.o)
                0x0000000000033bd8                __errno
 .text          0x0000000000033be4      0x1a4 /usr/lib/gcc/arm-none-eabi/9.2.1/../../../arm-none-eabi/lib/thumb/v7e-m+fp/hard/libc.a(lib_a-fflush.o)
                0x0000000000033be4                __sflush_r
                0x0000000000033d30                _fflush_r
                0x0000000000033d64                fflush
 .text          0x0000000000033d88      0x1f4 /usr/lib/gcc/arm-none-eabi/9.2.1/../../../arm-none-eabi/lib/thumb/v7e-m+fp/hard/libc.a(lib_a-findfp.o)
                0x0000000000033d8c                _cleanup_r
                0x0000000000033e70                __sfmoreglue
                0x0000000000033ea0                __sfp
                0x0000000000033f28                _cleanup
                0x0000000000033f3c                __sinit
                0x0000000000033f44                __sfp_lock_acquire
                0x0000000000033f48                __sfp_lock_release
                0x0000000000033f4c                __sinit_lock_acquire
                0x0000000000033f50                __sinit_lock_release
                0x0000000000033f54                __fp_lock_all
                0x0000000000033f68                __fp_unlock_all
 .text          0x0000000000033f7c      0x110 /usr/lib/gcc/arm-none-eabi/9.2.1/../../../arm-none-eabi/lib/thumb/v7e-m+fp/hard/libc.a(lib_a-fputwc.o)
                0x0000000000033f7c                __fputwc
                0x0000000000034024                _fputwc_r
                0x000000000003404c                fputwc
 .text          0x000000000003408c      0x294 /usr/lib/gcc/arm-none-eabi/9.2.1/../../../arm-none-eabi/lib/thumb/v7e-m+fp/hard/libc.a(lib_a-freer.o)
                0x000000000003408c                _malloc_trim_r
                0x000000000003412c                _free_r
 .text          0x0000000000034320      0x308 /usr/lib/gcc/arm-none-eabi/9.2.1/../../../arm-none-eabi/lib/thumb/v7e-m+fp/hard/libc.a(lib_a-fvwrite.o)
                0x0000000000034320                __sfvwrite_r
 .text          0x0000000000034628       0xa0 /usr/lib/gcc/arm-none-eabi/9.2.1/../../../arm-none-eabi/lib/thumb/v7e-m+fp/hard/libc.a(lib_a-fwalk.o)
                0x0000000000034628                _fwalk
                0x0000000000034674                _fwalk_reent
 .text          0x00000000000346c8       0x8c /usr/lib/gcc/arm-none-eabi/9.2.1/../../../arm-none-eabi/lib/thumb/v7e-m+fp/hard/libc.a(lib_a-getenv_r.o)
                0x00000000000346c8                _findenv_r
                0x0000000000034744                _getenv_r
 .text          0x0000000000034754        0x8 /usr/lib/gcc/arm-none-eabi/9.2.1/../../../arm-none-eabi/lib/thumb/v7e-m+fp/hard/libc.a(lib_a-gettzinfo.o)
                0x0000000000034754                __gettzinfo
 .text          0x000000000003475c      0x1cc /usr/lib/gcc/arm-none-eabi/9.2.1/../../../arm-none-eabi/lib/thumb/v7e-m+fp/hard/libc.a(lib_a-gmtime_r.o)
                0x000000000003475c                gmtime_r
 .text          0x0000000000034928       0x5c /usr/lib/gcc/arm-none-eabi/9.2.1/../../../arm-none-eabi/lib/thumb/v7e-m+fp/hard/libc.a(lib_a-locale.o)
                0x0000000000034928                _setlocale_r
                0x0000000000034968                __locale_mb_cur_max
                0x0000000000034974                setlocale
 .text          0x0000000000034984       0x14 /usr/lib/gcc/arm-none-eabi/9.2.1/../../../arm-none-eabi/lib/thumb/v7e-m+fp/hard/libc.a(lib_a-localeconv.o)
                0x0000000000034984                __localeconv_l
                0x0000000000034988                _localeconv_r
                0x0000000000034990                localeconv
 .text          0x0000000000034998       0xf0 /usr/lib/gcc/arm-none-eabi/9.2.1/../../../arm-none-eabi/lib/thumb/v7e-m+fp/hard/libc.a(lib_a-makebuf.o)
                0x0000000000034998                __swhatbuf_r
                0x00000000000349f4                __smakebuf_r
 .text          0x0000000000034a88       0x40 /usr/lib/gcc/arm-none-eabi/9.2.1/../../../arm-none-eabi/lib/thumb/v7e-m+fp/hard/libc.a(lib_a-mbtowc_r.o)
                0x0000000000034a88                _mbtowc_r
                0x0000000000034a9c                __ascii_mbtowc
 *fill*         0x0000000000034ac8        0x8 
 .text          0x0000000000034ad0       0xa0 /usr/lib/gcc/arm-none-eabi/9.2.1/../../../arm-none-eabi/lib/thumb/v7e-m+fp/hard/libc.a(lib_a-memchr.o)
                0x0000000000034ad0                memchr
 .text          0x0000000000034b70       0xd0 /usr/lib/gcc/arm-none-eabi/9.2.1/../../../arm-none-eabi/lib/thumb/v7e-m+fp/hard/libc.a(lib_a-memmove.o)
                0x0000000000034b70                memmove
 .text          0x0000000000034c40      0x9a8 /usr/lib/gcc/arm-none-eabi/9.2.1/../../../arm-none-eabi/lib/thumb/v7e-m+fp/hard/libc.a(lib_a-mprec.o)
                0x0000000000034c40                _Balloc
                0x0000000000034c8c                _Bfree
                0x0000000000034ca0                __multadd
                0x0000000000034d44                __s2b
                0x0000000000034df0                __hi0bits
                0x0000000000034e30                __lo0bits
                0x0000000000034e90                __i2b
                0x0000000000034ebc                __multiply
                0x0000000000035008                __pow5mult
                0x00000000000350a0                __lshift
                0x000000000003516c                __mcmp
                0x00000000000351a4                __mdiff
                0x00000000000352cc                __ulp
                0x000000000003531c                __b2d
                0x00000000000353d4                __d2b
                0x00000000000354a8                __ratio
                0x0000000000035508                _mprec_log10
                0x0000000000035548                __copybits
                0x0000000000035590                __any_on
 .text          0x00000000000355e8       0x80 /usr/lib/gcc/arm-none-eabi/9.2.1/../../../arm-none-eabi/lib/thumb/v7e-m+fp/hard/libc.a(lib_a-siprintf.o)
                0x00000000000355e8                _siprintf_r
                0x0000000000035624                siprintf
 .text          0x0000000000035668       0xac /usr/lib/gcc/arm-none-eabi/9.2.1/../../../arm-none-eabi/lib/thumb/v7e-m+fp/hard/libc.a(lib_a-siscanf.o)
                0x0000000000035668                siscanf
                0x00000000000356c0                _siscanf_r
 .text          0x0000000000035714       0x90 /usr/lib/gcc/arm-none-eabi/9.2.1/../../../arm-none-eabi/lib/thumb/v7e-m+fp/hard/libc.a(lib_a-stdio.o)
                0x0000000000035714                __sread
                0x0000000000035738                __seofread
                0x000000000003573c                __swrite
                0x000000000003577c                __sseek
                0x000000000003579c                __sclose
 .text          0x00000000000357a4      0x174 /usr/lib/gcc/arm-none-eabi/9.2.1/../../../arm-none-eabi/lib/thumb/v7e-m+fp/hard/libc.a(lib_a-strtoul.o)
                0x00000000000358e4                _strtoul_r
                0x00000000000358e8                strtoul_l
                0x0000000000035900                strtoul
 .text          0x0000000000035918      0xb64 /usr/lib/gcc/arm-none-eabi/9.2.1/../../../arm-none-eabi/lib/thumb/v7e-m+fp/hard/libc.a(lib_a-svfiprintf.o)
                0x0000000000035918                __ssprint_r
                0x0000000000035a10                _svfiprintf_r
 .text          0x000000000003647c      0xbf0 /usr/lib/gcc/arm-none-eabi/9.2.1/../../../arm-none-eabi/lib/thumb/v7e-m+fp/hard/libc.a(lib_a-svfiscanf.o)
                0x000000000003647c                _sungetc_r
                0x00000000000364f8                __ssrefill_r
                0x0000000000036534                _sfread_r
                0x00000000000365b8                __ssvfiscanf_r
 .text          0x000000000003706c      0x160 /usr/lib/gcc/arm-none-eabi/9.2.1/../../../arm-none-eabi/lib/thumb/v7e-m+fp/hard/libc.a(lib_a-ungetc.o)
                0x000000000003706c                __submore
                0x00000000000370e4                _ungetc_r
                0x00000000000371bc                ungetc
 .text          0x00000000000371cc       0xc0 /usr/lib/gcc/arm-none-eabi/9.2.1/../../../arm-none-eabi/lib/thumb/v7e-m+fp/hard/libc.a(lib_a-wbuf.o)
                0x00000000000371cc                __swbuf_r
                0x000000000003727c                __swbuf
 .text          0x000000000003728c       0x7c /usr/lib/gcc/arm-none-eabi/9.2.1/../../../arm-none-eabi/lib/thumb/v7e-m+fp/hard/libc.a(lib_a-wcrtomb.o)
                0x000000000003728c                _wcrtomb_r
                0x00000000000372c0                wcrtomb
 .text          0x0000000000037308       0x30 /usr/lib/gcc/arm-none-eabi/9.2.1/../../../arm-none-eabi/lib/thumb/v7e-m+fp/hard/libc.a(lib_a-wctomb_r.o)
                0x0000000000037308                _wctomb_r
                0x000000000003731c                __ascii_wctomb
 .text          0x0000000000037338       0x24 /usr/lib/gcc/arm-none-eabi/9.2.1/../../../arm-none-eabi/lib/thumb/v7e-m+fp/hard/libc.a(lib_a-closer.o)
                0x0000000000037338                _close_r
 .text          0x000000000003735c        0x8 /usr/lib/gcc/arm-none-eabi/9.2.1/../../../arm-none-eabi/lib/thumb/v7e-m+fp/hard/libc.a(lib_a-envlock.o)
                0x000000000003735c                __env_lock
                0x0000000000037360                __env_unlock
 .text          0x0000000000037364       0x98 /usr/lib/gcc/arm-none-eabi/9.2.1/../../../arm-none-eabi/lib/thumb/v7e-m+fp/hard/libc.a(lib_a-fclose.o)
                0x0000000000037364                _fclose_r
                0x00000000000373ec                fclose
 .text          0x00000000000373fc       0x28 /usr/lib/gcc/arm-none-eabi/9.2.1/../../../arm-none-eabi/lib/thumb/v7e-m+fp/hard/libc.a(lib_a-fstatr.o)
                0x00000000000373fc                _fstat_r
 .text          0x0000000000037424       0x24 /usr/lib/gcc/arm-none-eabi/9.2.1/../../../arm-none-eabi/lib/thumb/v7e-m+fp/hard/libc.a(lib_a-isattyr.o)
                0x0000000000037424                _isatty_r
 .text          0x0000000000037448        0x8 /usr/lib/gcc/arm-none-eabi/9.2.1/../../../arm-none-eabi/lib/thumb/v7e-m+fp/hard/libc.a(lib_a-iswspace.o)
                0x0000000000037448                iswspace
 .text          0x0000000000037450       0x14 /usr/lib/gcc/arm-none-eabi/9.2.1/../../../arm-none-eabi/lib/thumb/v7e-m+fp/hard/libc.a(lib_a-iswspace_l.o)
                0x0000000000037450                iswspace_l
 .text          0x0000000000037464       0x2c /usr/lib/gcc/arm-none-eabi/9.2.1/../../../arm-none-eabi/lib/thumb/v7e-m+fp/hard/libc.a(lib_a-lseekr.o)
                0x0000000000037464                _lseek_r
 .text          0x0000000000037490       0x8c /usr/lib/gcc/arm-none-eabi/9.2.1/../../../arm-none-eabi/lib/thumb/v7e-m+fp/hard/libc.a(lib_a-mbrtowc.o)
                0x0000000000037490                _mbrtowc_r
                0x00000000000374d0                mbrtowc
 .text          0x000000000003751c       0x2c /usr/lib/gcc/arm-none-eabi/9.2.1/../../../arm-none-eabi/lib/thumb/v7e-m+fp/hard/libc.a(lib_a-readr.o)
                0x000000000003751c                _read_r
 .text          0x0000000000037548       0x70 /usr/lib/gcc/arm-none-eabi/9.2.1/../../../arm-none-eabi/lib/thumb/v7e-m+fp/hard/libc.a(lib_a-sccl.o)
                0x0000000000037548                __sccl
 .text          0x00000000000375b8      0x1f8 /usr/lib/gcc/arm-none-eabi/9.2.1/../../../arm-none-eabi/lib/thumb/v7e-m+fp/hard/libc.a(lib_a-strtoull.o)
                0x000000000003777c                _strtoull_r
                0x0000000000037780                strtoull_l
                0x0000000000037798                strtoull
 .text          0x00000000000377b0       0x10 /usr/lib/gcc/arm-none-eabi/9.2.1/../../../arm-none-eabi/lib/thumb/v7e-m+fp/hard/libnosys.a(close.o)
                0x00000000000377b0                _close
 .text          0x00000000000377c0       0x10 /usr/lib/gcc/arm-none-eabi/9.2.1/../../../arm-none-eabi/lib/thumb/v7e-m+fp/hard/libnosys.a(fstat.o)
                0x00000000000377c0                _fstat
 .text          0x00000000000377d0       0x10 /usr/lib/gcc/arm-none-eabi/9.2.1/../../../arm-none-eabi/lib/thumb/v7e-m+fp/hard/libnosys.a(getpid.o)
                0x00000000000377d0                _getpid
 .text          0x00000000000377e0       0x10 /usr/lib/gcc/arm-none-eabi/9.2.1/../../../arm-none-eabi/lib/thumb/v7e-m+fp/hard/libnosys.a(isatty.o)
                0x00000000000377e0                _isatty
 .text          0x00000000000377f0       0x10 /usr/lib/gcc/arm-none-eabi/9.2.1/../../../arm-none-eabi/lib/thumb/v7e-m+fp/hard/libnosys.a(kill.o)
                0x00000000000377f0                _kill
 .text          0x0000000000037800       0x10 /usr/lib/gcc/arm-none-eabi/9.2.1/../../../arm-none-eabi/lib/thumb/v7e-m+fp/hard/libnosys.a(lseek.o)
                0x0000000000037800                _lseek
 .text          0x0000000000037810       0x10 /usr/lib/gcc/arm-none-eabi/9.2.1/../../../arm-none-eabi/lib/thumb/v7e-m+fp/hard/libnosys.a(read.o)
                0x0000000000037810                _read
 .text          0x0000000000037820       0x1c /usr/lib/gcc/arm-none-eabi/9.2.1/../../../arm-none-eabi/lib/thumb/v7e-m+fp/hard/libnosys.a(sbrk.o)
                0x0000000000037820                _sbrk
 .text          0x000000000003783c        0x4 /usr/lib/gcc/arm-none-eabi/9.2.1/../../../arm-none-eabi/lib/thumb/v7e-m+fp/hard/libnosys.a(_exit.o)
                0x000000000003783c                _exit
 .text          0x0000000000037840       0xa0 /usr/lib/gcc/arm-none-eabi/9.2.1/../../../arm-none-eabi/lib/thumb/v7e-m+fp/hard/libm.a(lib_a-s_round.o)
                0x0000000000037840                round
 .text          0x00000000000378e0      0x378 /usr/lib/gcc/arm-none-eabi/9.2.1/thumb/v7e-m+fp/hard/libgcc.a(_arm_addsubdf3.o)
                0x00000000000378e0                __aeabi_drsub
                0x00000000000378e8                __aeabi_dsub
                0x00000000000378e8                __subdf3
                0x00000000000378ec                __adddf3
                0x00000000000378ec                __aeabi_dadd
                0x0000000000037b64                __aeabi_ui2d
                0x0000000000037b64                __floatunsidf
                0x0000000000037b84                __floatsidf
                0x0000000000037b84                __aeabi_i2d
                0x0000000000037ba8                __extendsfdf2
                0x0000000000037ba8                __aeabi_f2d
                0x0000000000037bec                __aeabi_ul2d
                0x0000000000037bec                __floatundidf
                0x0000000000037bfc                __floatdidf
                0x0000000000037bfc                __aeabi_l2d
 .text          0x0000000000037c58      0x424 /usr/lib/gcc/arm-none-eabi/9.2.1/thumb/v7e-m+fp/hard/libgcc.a(_arm_muldivdf3.o)
                0x0000000000037c58                __aeabi_dmul
                0x0000000000037c58                __muldf3
                0x0000000000037eac                __aeabi_ddiv
                0x0000000000037eac                __divdf3
 .text          0x000000000003807c      0x110 /usr/lib/gcc/arm-none-eabi/9.2.1/thumb/v7e-m+fp/hard/libgcc.a(_arm_cmpdf2.o)
                0x000000000003807c                __gtdf2
                0x000000000003807c                __gedf2
                0x0000000000038084                __ltdf2
                0x0000000000038084                __ledf2
                0x000000000003808c                __cmpdf2
                0x000000000003808c                __eqdf2
                0x000000000003808c                __nedf2
                0x0000000000038108                __aeabi_cdrcmple
                0x0000000000038118                __aeabi_cdcmple
                0x0000000000038118                __aeabi_cdcmpeq
                0x0000000000038128                __aeabi_dcmpeq
                0x000000000003813c                __aeabi_dcmplt
                0x0000000000038150                __aeabi_dcmple
                0x0000000000038164                __aeabi_dcmpge
                0x0000000000038178                __aeabi_dcmpgt
 .text          0x000000000003818c       0x2c /usr/lib/gcc/arm-none-eabi/9.2.1/thumb/v7e-m+fp/hard/libgcc.a(_arm_unorddf2.o)
                0x000000000003818c                __aeabi_dcmpun
                0x000000000003818c                __unorddf2
 .text          0x00000000000381b8       0x50 /usr/lib/gcc/arm-none-eabi/9.2.1/thumb/v7e-m+fp/hard/libgcc.a(_arm_fixdfsi.o)
                0x00000000000381b8                __fixdfsi
                0x00000000000381b8                __aeabi_d2iz
 .text          0x0000000000038208       0xa0 /usr/lib/gcc/arm-none-eabi/9.2.1/thumb/v7e-m+fp/hard/libgcc.a(_aeabi_ldivmod.o)
                0x0000000000038208                __aeabi_ldivmod
 .text          0x00000000000382a8       0x30 /usr/lib/gcc/arm-none-eabi/9.2.1/thumb/v7e-m+fp/hard/libgcc.a(_aeabi_uldivmod.o)
                0x00000000000382a8                __aeabi_uldivmod
 .text          0x00000000000382d8      0x2c4 /usr/lib/gcc/arm-none-eabi/9.2.1/thumb/v7e-m+fp/hard/libgcc.a(_udivmoddi4.o)
                0x00000000000382d8                __udivmoddi4
 .text          0x000000000003859c        0x4 /usr/lib/gcc/arm-none-eabi/9.2.1/thumb/v7e-m+fp/hard/libgcc.a(_dvmd_tls.o)
                0x000000000003859c                __aeabi_ldiv0
                0x000000000003859c                __aeabi_idiv0
 *(.init)
 .init          0x00000000000385a0        0x4 /usr/lib/gcc/arm-none-eabi/9.2.1/thumb/v7e-m+fp/hard/crti.o
                0x00000000000385a0                _init
 .init          0x00000000000385a4        0x8 /usr/lib/gcc/arm-none-eabi/9.2.1/thumb/v7e-m+fp/hard/crtn.o
 *(.fini)
 .fini          0x00000000000385ac        0x4 /usr/lib/gcc/arm-none-eabi/9.2.1/thumb/v7e-m+fp/hard/crti.o
                0x00000000000385ac                _fini
 .fini          0x00000000000385b0        0x8 /usr/lib/gcc/arm-none-eabi/9.2.1/thumb/v7e-m+fp/hard/crtn.o
 *crtbegin.o(.ctors)
 *crtbegin?.o(.ctors)
 *(EXCLUDE_FILE(*crtend.o *crtend?.o) .ctors)
 *(SORT_BY_NAME(.ctors.*))
 *(.ctors)
 *crtbegin.o(.dtors)
 *crtbegin?.o(.dtors)
 *(EXCLUDE_FILE(*crtend.o *crtend?.o) .dtors)
 *(SORT_BY_NAME(.dtors.*))
 *(.dtors)
 *(.rodata*)
 .rodata.lf_initialize_clock.str1.1
                0x00000000000385b8       0x23 _build/lf_nrf52_support.o
 .rodata.lf_sleep_until.str1.1
                0x00000000000385db       0x16 _build/lf_nrf52_support.o
 *fill*         0x00000000000385f1        0x3 
 .rodata        0x00000000000385f4        0x8 _build/lf_nrf52_support.o
 .rodata.__func__.10063
                0x00000000000385fc        0xf _build/lf_nrf52_support.o
 *fill*         0x000000000003860b        0x1 
 .rodata.g_lf_timer_inst
                0x000000000003860c        0x8 _build/lf_nrf52_support.o
 .rodata.romi_init.str1.1
                0x0000000000038614        0xd _build/romi.o
 .rodata.displayreaction_function_1.str1.1
                0x0000000000038621       0x45 _build/BLE_Template.o
                                         0x48 (size before relaxing)
 .rodata.arrowkeysreaction_function_0.str1.1
                0x0000000000038666       0x46 _build/BLE_Template.o
 .rodata.vector_resize.str1.1
                0x00000000000386ac       0x2f _build/BLE_Template.o
 .rodata.displayreaction_function_0.str1.1
                0x00000000000386db        0xc _build/BLE_Template.o
 .rodata.lf_comma_separated_time.str1.1
                0x00000000000386e7        0xf _build/BLE_Template.o
                                         0x11 (size before relaxing)
 .rodata._lf_message_print.str1.1
                0x00000000000386f6       0x13 _build/BLE_Template.o
                                         0x19 (size before relaxing)
 .rodata.lf_vprint_error.str1.1
                0x0000000000038709       0x13 _build/BLE_Template.o
                                          0x8 (size before relaxing)
 .rodata._lf_physical_time.str1.1
                0x0000000000038709       0x23 _build/BLE_Template.o
 .rodata.lf_vprint_warning.str1.1
                0x000000000003872c        0xa _build/BLE_Template.o
 .rodata.lf_vprint_error_and_exit.str1.1
                0x0000000000038736        0xe _build/BLE_Template.o
 .rodata.find_equal_same_priority.str1.1
                0x0000000000038744       0x3d _build/BLE_Template.o
 .rodata._lf_allocate.str1.1
                0x0000000000038781        0xf _build/BLE_Template.o
 .rodata._lf_done_using.str1.1
                0x0000000000038790       0x32 _build/BLE_Template.o
 .rodata.termination.str1.1
                0x00000000000387c2      0x175 _build/BLE_Template.o
 .rodata._lf_initialize_token_with_value.str1.1
                0x0000000000038937       0x24 _build/BLE_Template.o
 .rodata._lf_schedule.str1.1
                0x000000000003895b       0xd7 _build/BLE_Template.o
 .rodata._lf_advance_logical_time.str1.1
                0x0000000000038a32       0xad _build/BLE_Template.o
 .rodata.usage.str1.1
                0x0000000000038adf      0x243 _build/BLE_Template.o
                                        0x246 (size before relaxing)
 .rodata.process_args.str1.1
                0x0000000000038d22      0x1a3 _build/BLE_Template.o
                                        0x1b0 (size before relaxing)
 .rodata.new_Display.str1.1
                0x0000000000038ec5        0x2 _build/BLE_Template.o
 .rodata.initialize.str1.1
                0x0000000000038ec7       0x3b _build/BLE_Template.o
 .rodata.lf_reactor_c_main.str1.1
                0x0000000000038f02       0x29 _build/BLE_Template.o
 .rodata.str1.1
                0x0000000000038f2b        0x5 _build/BLE_Template.o
 .rodata        0x0000000000038f30       0x20 _build/BLE_Template.o
 .rodata.__func__.10352
                0x0000000000038f50        0xe _build/BLE_Template.o
 .rodata.__func__.10622
                0x0000000000038f5e       0x20 _build/BLE_Template.o
 .rodata.display_init.str1.1
                0x0000000000038f7e       0x7b _build/display.o
 *fill*         0x0000000000038ff9        0x7 
 .rodata.delay_machine_code.8924
                0x0000000000039000        0x6 _build/display.o
 .rodata.app_error_fault_handler.str1.1
                0x0000000000039006       0xb7 _build/better_error_handling.o
 *fill*         0x00000000000390bd        0x3 
 .rodata.delay_machine_code.8733
                0x00000000000390c0        0x6 _build/better_error_handling.o
 .rodata._DoInit.str1.1
                0x00000000000390c6       0x14 _build/SEGGER_RTT.o
 *fill*         0x00000000000390da        0x6 
 .rodata.delay_machine_code.9377
                0x00000000000390e0        0x6 _build/app_timer.o
 .rodata.app_util_critical_region_enter.str1.1
                0x00000000000390e6       0x94 _build/app_util_platform.o
 .rodata.HardFault_c_handler.str1.1
                0x000000000003917a      0x12e _build/hardfault_implementation.o
 .rodata.str1.1
                0x00000000000392a8      0x4c0 _build/hardfault_implementation.o
 .rodata.cfsr_msgs.9572
                0x0000000000039768       0x68 _build/hardfault_implementation.o
 .rodata.nrf_balloc_init.str1.1
                0x00000000000397d0       0x8f _build/nrf_balloc.o
 .rodata.nrf_drv_clock_uninit.str1.1
                0x000000000003985f       0x8e _build/nrf_drv_clock.o
 .rodata.str1.1
                0x00000000000398ed        0x6 _build/nrf_drv_clock.o
 *fill*         0x00000000000398f3        0x1 
 .rodata        0x00000000000398f4       0x10 _build/nrf_drv_spi.o
 .rodata.str1.1
                0x0000000000039904        0xd _build/nrf_fstorage.o
 .rodata.buf_prealloc.str1.1
                0x0000000000039911       0x96 _build/nrf_log_frontend.o
 .rodata.nrf_log_frontend_dequeue.str1.1
                0x00000000000399a7       0x11 _build/nrf_log_frontend.o
 .rodata.str1.1
                0x00000000000399b8        0x4 _build/nrf_log_frontend.o
 .rodata.memobj_op.str1.1
                0x00000000000399bc       0x8f _build/nrf_memobj.o
 .rodata.nrf_pwr_mgmt_run.str1.1
                0x0000000000039a4b       0x93 _build/nrf_pwr_mgmt.o
 .rodata.str1.1
                0x0000000000039ade        0x9 _build/nrf_pwr_mgmt.o
 *fill*         0x0000000000039ae7        0x1 
 .rodata.pwr_mgmt_data
                0x0000000000039ae8        0xc _build/nrf_pwr_mgmt.o
 .rodata.nrf_section_iter_init.str1.1
                0x0000000000039af4       0xa8 _build/nrf_section_iter.o
 .rodata.str1.1
                0x0000000000039b9c      0x3ba _build/nrf_strerror.o
 .rodata.m_unknown_str
                0x0000000000039f56       0x13 _build/nrf_strerror.o
 *fill*         0x0000000000039f69        0x3 
 .rodata.nrf_strerror_array
                0x0000000000039f6c      0x128 _build/nrf_strerror.o
 .rodata.nrfx_clock_init.str1.1
                0x000000000003a094       0x8c _build/nrfx_clock.o
 .rodata.str1.1
                0x000000000003a120        0x6 _build/nrfx_clock.o
 .rodata.nrf_gpio_pin_port_decode.isra.0.part.0.str1.1
                0x000000000003a126       0x82 _build/nrfx_gpiote.o
 .rodata.nrfx_gpiote_out_init.str1.1
                0x000000000003a1a8       0x8d _build/nrfx_gpiote.o
 .rodata.str1.1
                0x000000000003a235        0x7 _build/nrfx_gpiote.o
 .rodata.str1.1
                0x000000000003a23c        0x4 _build/nrfx_ppi.o
 .rodata.UARTE0_UART0_IRQHandler.str1.1
                0x000000000003a240       0x8e _build/nrfx_prs.o
 .rodata.str1.1
                0x000000000003a2ce        0x4 _build/nrfx_prs.o
 .rodata.str1.1
                0x000000000003a2d2        0x4 _build/nrfx_pwm.o
 .rodata.str1.1
                0x000000000003a2d6        0x6 _build/nrfx_saadc.o
 .rodata.nrf_gpio_pin_port_decode.isra.0.part.0.str1.1
                0x000000000003a2dc       0x82 _build/nrfx_spim.o
 .rodata.SPIM1_SPIS1_TWIM1_TWIS1_SPI1_TWI1_IRQHandler.str1.1
                0x000000000003a2dc       0x8b _build/nrfx_spim.o
 .rodata.nrfx_spim_init.str1.1
                0x000000000003a367       0x83 _build/nrfx_spim.o
 .rodata.str1.1
                0x000000000003a3ea        0x5 _build/nrfx_spim.o
 .rodata.nrfx_timer_init.str1.1
                0x000000000003a3ef       0x8c _build/nrfx_timer.o
                                        0x10f (size before relaxing)
 .rodata.str1.1
                0x000000000003a47b        0x6 _build/nrfx_timer.o
 .rodata.SPIM0_SPIS0_TWIM0_TWIS0_SPI0_TWI0_IRQHandler.str1.1
                0x000000000003a481       0x8b _build/nrfx_twim.o
 .rodata.str1.1
                0x000000000003a50c        0x5 _build/nrfx_twim.o
 .rodata.nrf_gpio_pin_port_decode.isra.0.part.0.str1.1
                0x000000000003a511       0x82 _build/nrfx_uart.o
 .rodata.nrfx_uart_init.str1.1
                0x000000000003a511       0x8b _build/nrfx_uart.o
                                        0x10e (size before relaxing)
 .rodata.str1.1
                0x000000000003a59c        0x5 _build/nrfx_uart.o
 .rodata.str1.1
                0x000000000003a5a1        0x6 _build/nrfx_uarte.o
 .rodata.data_length_update.str1.1
                0x000000000003a5a7       0xdf _build/nrf_ble_gatt.o
 .rodata.nrf_ble_gatt_on_ble_evt.str1.1
                0x000000000003a686       0x60 _build/nrf_ble_gatt.o
 .rodata.str1.1
                0x000000000003a6e6        0xd _build/nrf_ble_gatt.o
 .rodata.softdevices_evt_irq_enable.str1.1
                0x000000000003a6f3       0x8d _build/nrf_sdh.o
 .rodata.str1.1
                0x000000000003a780        0x8 _build/nrf_sdh.o
 .rodata        0x000000000003a788        0x4 _build/nrf_sdh.o
 .rodata.sdh_req_observers
                0x000000000003a78c        0xc _build/nrf_sdh.o
 .rodata.sdh_stack_observers
                0x000000000003a798        0xc _build/nrf_sdh.o
 .rodata.sdh_state_observers
                0x000000000003a7a4        0xc _build/nrf_sdh.o
 .rodata.nrf_sdh_ble_evts_poll.part.0.str1.1
                0x000000000003a7b0       0x91 _build/nrf_sdh_ble.o
 .rodata.nrf_sdh_ble_default_cfg_set.str1.1
                0x000000000003a841      0x1c9 _build/nrf_sdh_ble.o
 .rodata.nrf_sdh_ble_enable.str1.1
                0x000000000003aa0a       0xa7 _build/nrf_sdh_ble.o
 .rodata.str1.1
                0x000000000003aab1        0xc _build/nrf_sdh_ble.o
 *fill*         0x000000000003aabd        0x3 
 .rodata.sdh_ble_observers
                0x000000000003aac0        0xc _build/nrf_sdh_ble.o
 .rodata.on_ble_evt.str1.1
                0x000000000003aacc       0x90 _build/simple_ble.o
 .rodata.assert_nrf_callback.str1.1
                0x000000000003ab5c       0x25 _build/simple_ble.o
 .rodata.simple_ble_init.str1.1
                0x000000000003ab81       0x4b _build/simple_ble.o
 .rodata.str1.4
                0x000000000003abcc       0x3f /usr/lib/gcc/arm-none-eabi/9.2.1/../../../arm-none-eabi/lib/thumb/v7e-m+fp/hard/libc.a(lib_a-assert.o)
                                         0x43 (size before relaxing)
 *fill*         0x000000000003ac0b        0x1 
 .rodata        0x000000000003ac0c      0x101 /usr/lib/gcc/arm-none-eabi/9.2.1/../../../arm-none-eabi/lib/thumb/v7e-m+fp/hard/libc.a(lib_a-ctype_.o)
                0x000000000003ac0c                _ctype_
 *fill*         0x000000000003ad0d        0x3 
 .rodata        0x000000000003ad10        0x4 /usr/lib/gcc/arm-none-eabi/9.2.1/../../../arm-none-eabi/lib/thumb/v7e-m+fp/hard/libc.a(lib_a-impure.o)
                0x000000000003ad10                _global_impure_ptr
 .rodata        0x000000000003ad14       0x60 /usr/lib/gcc/arm-none-eabi/9.2.1/../../../arm-none-eabi/lib/thumb/v7e-m+fp/hard/libc.a(lib_a-month_lengths.o)
                0x000000000003ad14                __month_lengths
 .rodata        0x000000000003ad74       0x20 /usr/lib/gcc/arm-none-eabi/9.2.1/../../../arm-none-eabi/lib/thumb/v7e-m+fp/hard/libc.a(lib_a-svfprintf.o)
 .rodata.str1.4
                0x000000000003ad94       0x42 /usr/lib/gcc/arm-none-eabi/9.2.1/../../../arm-none-eabi/lib/thumb/v7e-m+fp/hard/libc.a(lib_a-svfprintf.o)
 *fill*         0x000000000003add6        0x2 
 .rodata.str1.4
                0x000000000003add8       0x53 /usr/lib/gcc/arm-none-eabi/9.2.1/../../../arm-none-eabi/lib/thumb/v7e-m+fp/hard/libc.a(lib_a-tzset_r.o)
 .rodata.str1.4
                0x000000000003ae2b        0x4 /usr/lib/gcc/arm-none-eabi/9.2.1/../../../arm-none-eabi/lib/thumb/v7e-m+fp/hard/libc.a(lib_a-tzvars.o)
 *fill*         0x000000000003ae2b        0x1 
 .rodata        0x000000000003ae2c       0x20 /usr/lib/gcc/arm-none-eabi/9.2.1/../../../arm-none-eabi/lib/thumb/v7e-m+fp/hard/libc.a(lib_a-vfiprintf.o)
 .rodata.str1.4
                0x000000000003ae4c       0x2f /usr/lib/gcc/arm-none-eabi/9.2.1/../../../arm-none-eabi/lib/thumb/v7e-m+fp/hard/libc.a(lib_a-vfiprintf.o)
 .rodata        0x000000000003ae4c       0x20 /usr/lib/gcc/arm-none-eabi/9.2.1/../../../arm-none-eabi/lib/thumb/v7e-m+fp/hard/libc.a(lib_a-vfprintf.o)
 .rodata.str1.4
                0x000000000003ae6c       0x42 /usr/lib/gcc/arm-none-eabi/9.2.1/../../../arm-none-eabi/lib/thumb/v7e-m+fp/hard/libc.a(lib_a-vfprintf.o)
 .rodata        0x000000000003ae6c       0x39 /usr/lib/gcc/arm-none-eabi/9.2.1/../../../arm-none-eabi/lib/thumb/v7e-m+fp/hard/libc.a(lib_a-asctime_r.o)
 *fill*         0x000000000003aea5        0x3 
 .rodata.str1.4
                0x000000000003aea8       0x20 /usr/lib/gcc/arm-none-eabi/9.2.1/../../../arm-none-eabi/lib/thumb/v7e-m+fp/hard/libc.a(lib_a-asctime_r.o)
 .rodata.str1.4
                0x000000000003aec8       0x56 /usr/lib/gcc/arm-none-eabi/9.2.1/../../../arm-none-eabi/lib/thumb/v7e-m+fp/hard/libc.a(lib_a-dtoa.o)
                                         0x5a (size before relaxing)
 *fill*         0x000000000003af1e        0x2 
 .rodata.str1.4
                0x000000000003af20        0xe /usr/lib/gcc/arm-none-eabi/9.2.1/../../../arm-none-eabi/lib/thumb/v7e-m+fp/hard/libc.a(lib_a-locale.o)
                                         0x12 (size before relaxing)
 *fill*         0x000000000003af2e        0x2 
 .rodata        0x000000000003af30      0x128 /usr/lib/gcc/arm-none-eabi/9.2.1/../../../arm-none-eabi/lib/thumb/v7e-m+fp/hard/libc.a(lib_a-mprec.o)
                0x000000000003af40                __mprec_tens
                0x000000000003b008                __mprec_tinytens
                0x000000000003b030                __mprec_bigtens
 .rodata.str1.4
                0x000000000003b058       0x33 /usr/lib/gcc/arm-none-eabi/9.2.1/../../../arm-none-eabi/lib/thumb/v7e-m+fp/hard/libc.a(lib_a-mprec.o)
                                         0x47 (size before relaxing)
 *fill*         0x000000000003b08b        0x1 
 .rodata        0x000000000003b08c       0x20 /usr/lib/gcc/arm-none-eabi/9.2.1/../../../arm-none-eabi/lib/thumb/v7e-m+fp/hard/libc.a(lib_a-svfiprintf.o)
 .rodata.str1.4
                0x000000000003b0ac       0x2f /usr/lib/gcc/arm-none-eabi/9.2.1/../../../arm-none-eabi/lib/thumb/v7e-m+fp/hard/libc.a(lib_a-svfiprintf.o)
 .rodata        0x000000000003b0ac       0x22 /usr/lib/gcc/arm-none-eabi/9.2.1/../../../arm-none-eabi/lib/thumb/v7e-m+fp/hard/libc.a(lib_a-svfiscanf.o)
 .rodata.str1.4
                0x000000000003b0ce        0x1 /usr/lib/gcc/arm-none-eabi/9.2.1/../../../arm-none-eabi/lib/thumb/v7e-m+fp/hard/libc.a(lib_a-mbrtowc.o)
 *(.eh_frame*)
 *fill*         0x000000000003b0ce        0x2 
 .eh_frame      0x000000000003b0d0        0x0 /usr/lib/gcc/arm-none-eabi/9.2.1/thumb/v7e-m+fp/hard/crtbegin.o
 .eh_frame      0x000000000003b0d0        0x4 /usr/lib/gcc/arm-none-eabi/9.2.1/thumb/v7e-m+fp/hard/crtend.o

.glue_7         0x000000000003b0d4        0x0
 .glue_7        0x000000000003b0d4        0x0 linker stubs

.glue_7t        0x000000000003b0d4        0x0
 .glue_7t       0x000000000003b0d4        0x0 linker stubs

.vfp11_veneer   0x000000000003b0d4        0x0
 .vfp11_veneer  0x000000000003b0d4        0x0 linker stubs

.v4_bx          0x000000000003b0d4        0x0
 .v4_bx         0x000000000003b0d4        0x0 linker stubs

.iplt           0x000000000003b0d4        0x0
 .iplt          0x000000000003b0d4        0x0 /usr/lib/gcc/arm-none-eabi/9.2.1/thumb/v7e-m+fp/hard/crtbegin.o

.mem_section_dummy_rom

.sdh_soc_observers
                0x000000000003b0d4       0x10
                [!provide]                        PROVIDE (__start_sdh_soc_observers = .)
 *(SORT_BY_NAME(.sdh_soc_observers*))
 .sdh_soc_observers0
                0x000000000003b0d4        0x8 _build/nrf_drv_clock.o
 .sdh_soc_observers1
                0x000000000003b0dc        0x8 _build/simple_ble.o
                [!provide]                        PROVIDE (__stop_sdh_soc_observers = .)

.crypto_data    0x000000000003b0e4        0x0
                [!provide]                        PROVIDE (__start_crypto_data = .)
 *(SORT_BY_NAME(.crypto_data*))
                [!provide]                        PROVIDE (__stop_crypto_data = .)

.log_const_data
                0x000000000003b0e4       0x98
                0x000000000003b0e4                PROVIDE (__start_log_const_data = .)
 *(SORT_BY_NAME(.log_const_data*))
 .log_const_data_CLOCK
                0x000000000003b0e4        0x8 _build/nrfx_clock.o
                0x000000000003b0e4                m_nrf_log_CLOCK_logs_data_const
 .log_const_data_GPIOTE
                0x000000000003b0ec        0x8 _build/nrfx_gpiote.o
                0x000000000003b0ec                m_nrf_log_GPIOTE_logs_data_const
 .log_const_data_PPI
                0x000000000003b0f4        0x8 _build/nrfx_ppi.o
                0x000000000003b0f4                m_nrf_log_PPI_logs_data_const
 .log_const_data_PRS
                0x000000000003b0fc        0x8 _build/nrfx_prs.o
                0x000000000003b0fc                m_nrf_log_PRS_logs_data_const
 .log_const_data_PWM
                0x000000000003b104        0x8 _build/nrfx_pwm.o
                0x000000000003b104                m_nrf_log_PWM_logs_data_const
 .log_const_data_SAADC
                0x000000000003b10c        0x8 _build/nrfx_saadc.o
                0x000000000003b10c                m_nrf_log_SAADC_logs_data_const