Archive member included to satisfy reference by file (symbol)

/usr/lib/gcc/arm-none-eabi/9.2.1/../../../arm-none-eabi/lib/thumb/v7e-m+fp/hard/libc.a(lib_a-abs.o)
                              _build/romi.o (abs)
/usr/lib/gcc/arm-none-eabi/9.2.1/../../../arm-none-eabi/lib/thumb/v7e-m+fp/hard/libc.a(lib_a-assert.o)
                              _build/lf_nrf52_support.o (__assert_func)
/usr/lib/gcc/arm-none-eabi/9.2.1/../../../arm-none-eabi/lib/thumb/v7e-m+fp/hard/libc.a(lib_a-atexit.o)
                              /usr/lib/gcc/arm-none-eabi/9.2.1/../../../arm-none-eabi/lib/thumb/v7e-m+fp/hard/crt0.o (atexit)
/usr/lib/gcc/arm-none-eabi/9.2.1/../../../arm-none-eabi/lib/thumb/v7e-m+fp/hard/libc.a(lib_a-atoi.o)
                              _build/RobotTemplate.o (atoi)
/usr/lib/gcc/arm-none-eabi/9.2.1/../../../arm-none-eabi/lib/thumb/v7e-m+fp/hard/libc.a(lib_a-atoll.o)
                              _build/RobotTemplate.o (atoll)
/usr/lib/gcc/arm-none-eabi/9.2.1/../../../arm-none-eabi/lib/thumb/v7e-m+fp/hard/libc.a(lib_a-calloc.o)
                              _build/filter.o (calloc)
/usr/lib/gcc/arm-none-eabi/9.2.1/../../../arm-none-eabi/lib/thumb/v7e-m+fp/hard/libc.a(lib_a-callocr.o)
                              /usr/lib/gcc/arm-none-eabi/9.2.1/../../../arm-none-eabi/lib/thumb/v7e-m+fp/hard/libc.a(lib_a-calloc.o) (_calloc_r)
/usr/lib/gcc/arm-none-eabi/9.2.1/../../../arm-none-eabi/lib/thumb/v7e-m+fp/hard/libc.a(lib_a-ctime.o)
                              _build/RobotTemplate.o (ctime)
/usr/lib/gcc/arm-none-eabi/9.2.1/../../../arm-none-eabi/lib/thumb/v7e-m+fp/hard/libc.a(lib_a-ctype_.o)
                              _build/nrf_log_str_formatter.o (_ctype_)
/usr/lib/gcc/arm-none-eabi/9.2.1/../../../arm-none-eabi/lib/thumb/v7e-m+fp/hard/libc.a(lib_a-exit.o)
                              /usr/lib/gcc/arm-none-eabi/9.2.1/../../../arm-none-eabi/lib/thumb/v7e-m+fp/hard/crt0.o (exit)
/usr/lib/gcc/arm-none-eabi/9.2.1/../../../arm-none-eabi/lib/thumb/v7e-m+fp/hard/libc.a(lib_a-fini.o)
                              /usr/lib/gcc/arm-none-eabi/9.2.1/../../../arm-none-eabi/lib/thumb/v7e-m+fp/hard/crt0.o (__libc_fini_array)
/usr/lib/gcc/arm-none-eabi/9.2.1/../../../arm-none-eabi/lib/thumb/v7e-m+fp/hard/libc.a(lib_a-fiprintf.o)
                              /usr/lib/gcc/arm-none-eabi/9.2.1/../../../arm-none-eabi/lib/thumb/v7e-m+fp/hard/libc.a(lib_a-assert.o) (fiprintf)
/usr/lib/gcc/arm-none-eabi/9.2.1/../../../arm-none-eabi/lib/thumb/v7e-m+fp/hard/libc.a(lib_a-impure.o)
                              /usr/lib/gcc/arm-none-eabi/9.2.1/../../../arm-none-eabi/lib/thumb/v7e-m+fp/hard/libc.a(lib_a-exit.o) (_global_impure_ptr)
/usr/lib/gcc/arm-none-eabi/9.2.1/../../../arm-none-eabi/lib/thumb/v7e-m+fp/hard/libc.a(lib_a-init.o)
                              /usr/lib/gcc/arm-none-eabi/9.2.1/../../../arm-none-eabi/lib/thumb/v7e-m+fp/hard/crt0.o (__libc_init_array)
/usr/lib/gcc/arm-none-eabi/9.2.1/../../../arm-none-eabi/lib/thumb/v7e-m+fp/hard/libc.a(lib_a-lcltime.o)
                              /usr/lib/gcc/arm-none-eabi/9.2.1/../../../arm-none-eabi/lib/thumb/v7e-m+fp/hard/libc.a(lib_a-ctime.o) (localtime)
/usr/lib/gcc/arm-none-eabi/9.2.1/../../../arm-none-eabi/lib/thumb/v7e-m+fp/hard/libc.a(lib_a-lcltime_r.o)
                              /usr/lib/gcc/arm-none-eabi/9.2.1/../../../arm-none-eabi/lib/thumb/v7e-m+fp/hard/libc.a(lib_a-lcltime.o) (localtime_r)
/usr/lib/gcc/arm-none-eabi/9.2.1/../../../arm-none-eabi/lib/thumb/v7e-m+fp/hard/libc.a(lib_a-malloc.o)
                              _build/RobotTemplate.o (malloc)
/usr/lib/gcc/arm-none-eabi/9.2.1/../../../arm-none-eabi/lib/thumb/v7e-m+fp/hard/libc.a(lib_a-mallocr.o)
                              /usr/lib/gcc/arm-none-eabi/9.2.1/../../../arm-none-eabi/lib/thumb/v7e-m+fp/hard/libc.a(lib_a-callocr.o) (_malloc_r)
/usr/lib/gcc/arm-none-eabi/9.2.1/../../../arm-none-eabi/lib/thumb/v7e-m+fp/hard/libc.a(lib_a-memcmp.o)
                              _build/nrf_twi_mngr.o (memcmp)
/usr/lib/gcc/arm-none-eabi/9.2.1/../../../arm-none-eabi/lib/thumb/v7e-m+fp/hard/libc.a(lib_a-memcpy.o)
                              _build/romi.o (memcpy)
/usr/lib/gcc/arm-none-eabi/9.2.1/../../../arm-none-eabi/lib/thumb/v7e-m+fp/hard/libc.a(lib_a-memset.o)
                              /usr/lib/gcc/arm-none-eabi/9.2.1/../../../arm-none-eabi/lib/thumb/v7e-m+fp/hard/crt0.o (memset)
/usr/lib/gcc/arm-none-eabi/9.2.1/../../../arm-none-eabi/lib/thumb/v7e-m+fp/hard/libc.a(lib_a-mlock.o)
                              /usr/lib/gcc/arm-none-eabi/9.2.1/../../../arm-none-eabi/lib/thumb/v7e-m+fp/hard/libc.a(lib_a-mallocr.o) (__malloc_lock)
/usr/lib/gcc/arm-none-eabi/9.2.1/../../../arm-none-eabi/lib/thumb/v7e-m+fp/hard/libc.a(lib_a-month_lengths.o)
                              /usr/lib/gcc/arm-none-eabi/9.2.1/../../../arm-none-eabi/lib/thumb/v7e-m+fp/hard/libc.a(lib_a-lcltime_r.o) (__month_lengths)
/usr/lib/gcc/arm-none-eabi/9.2.1/../../../arm-none-eabi/lib/thumb/v7e-m+fp/hard/libc.a(lib_a-printf.o)
[...]
Memory Configuration

Name             Origin             Length             Attributes
FLASH            0x0000000000026000 0x0000000000059000 xr
RAM              0x00000000200098a8 0x0000000000006758 xrw
bootloader_settings_page 0x000000000007f000 0x0000000000001000 r
uicr_bootloader_start_address 0x0000000010001014 0x0000000000000004 r
*default*        0x0000000000000000 0xffffffffffffffff

Linker script and memory map


.text           0x0000000000026000    0x146c4
 *(.isr_vector)
 .isr_vector    0x0000000000026000      0x200 _build/gcc_startup_nrf52.os
                0x0000000000026000                __isr_vector
 *(.text*)
 .text          0x0000000000026200       0x88 /usr/lib/gcc/arm-none-eabi/9.2.1/thumb/v7e-m+fp/hard/crtbegin.o
 .text          0x0000000000026288       0x70 /usr/lib/gcc/arm-none-eabi/9.2.1/../../../arm-none-eabi/lib/thumb/v7e-m+fp/hard/crt0.o
                0x0000000000026288                _stack_init
                0x0000000000026290                _mainCRTStartup
                0x0000000000026290                _start
 .text.lf_timer_event_handler
                0x00000000000262f8       0x24 _build/lf_nrf52_support.o
                0x00000000000262f8                lf_timer_event_handler
 .text.lf_initialize_clock
                0x000000000002631c       0x70 _build/lf_nrf52_support.o
                0x000000000002631c                lf_initialize_clock
 .text.lf_clock_gettime
                0x000000000002638c       0x44 _build/lf_nrf52_support.o
                0x000000000002638c                lf_clock_gettime
 .text.in_critical_section
                0x00000000000263d0       0x10 _build/lf_nrf52_support.o
                0x00000000000263d0                in_critical_section
 .text.lf_critical_section_enter
                0x00000000000263e0       0x50 _build/lf_nrf52_support.o
                0x00000000000263e0                lf_critical_section_enter
 .text.lf_critical_section_exit
                0x0000000000026430       0x34 _build/lf_nrf52_support.o
                0x0000000000026430                lf_critical_section_exit
 .text.lf_sleep_until
                0x0000000000026464       0xa8 _build/lf_nrf52_support.o
                0x0000000000026464                lf_sleep_until
 .text._romi_send_payload.constprop.0
                0x000000000002650c       0x54 _build/romi.o
 .text.romi_drive_direct
                0x0000000000026560       0xb8 _build/romi.o
                0x0000000000026560                romi_drive_direct
 .text.romi_init
                0x0000000000026618       0x84 _build/romi.o
                0x0000000000026618                romi_init
 .text.bubble_up
                0x000000000002669c       0x66 _build/RobotTemplate.o
 .text.percolate_down
                0x0000000000026702       0xc8 _build/RobotTemplate.o
 .text.in_reverse_order
                0x00000000000267ca        0xe _build/RobotTemplate.o
 .text.in_no_particular_order
                0x00000000000267d8        0x4 _build/RobotTemplate.o
 .text.event_matches
                0x00000000000267dc        0xc _build/RobotTemplate.o
 .text.reaction_matches
                0x00000000000267e8        0x8 _build/RobotTemplate.o
 .text.get_event_time
                0x00000000000267f0        0x6 _build/RobotTemplate.o
 .text.get_reaction_index
                0x00000000000267f6        0x6 _build/RobotTemplate.o
 .text.get_event_position
                0x00000000000267fc        0x4 _build/RobotTemplate.o
 .text.get_reaction_position
                0x0000000000026800        0x4 _build/RobotTemplate.o
 .text.set_event_position
                0x0000000000026804        0x4 _build/RobotTemplate.o
 .text.set_reaction_position
                0x0000000000026808        0x4 _build/RobotTemplate.o
 .text.print_reaction
                0x000000000002680c        0x2 _build/RobotTemplate.o
 *fill*         0x000000000002680e        0x2 
 .text.displayreaction_function_1
                0x0000000000026810       0x44 _build/RobotTemplate.o
                0x0000000000026810                displayreaction_function_1
 .text.vector_resize
                0x0000000000026854       0x50 _build/RobotTemplate.o
 .text.displayreaction_function_0
                0x00000000000268a4       0x68 _build/RobotTemplate.o
                0x00000000000268a4                displayreaction_function_0
 .text.print_event
                0x000000000002690c        0x2 _build/RobotTemplate.o
 *fill*         0x000000000002690e        0x2 
 .text.lf_tag   0x0000000000026910       0x14 _build/RobotTemplate.o
                0x0000000000026910                lf_tag
 .text.lf_comma_separated_time
                0x0000000000026924      0x100 _build/RobotTemplate.o
                0x0000000000026924                lf_comma_separated_time
 .text.pqueue_init
                0x0000000000026a24       0x4e _build/RobotTemplate.o
                0x0000000000026a24                pqueue_init
 .text.pqueue_size
                0x0000000000026a72        0x8 _build/RobotTemplate.o
                0x0000000000026a72                pqueue_size
 .text.pqueue_insert
                0x0000000000026a7a       0x3e _build/RobotTemplate.o
                0x0000000000026a7a                pqueue_insert
 .text.pqueue_remove
                0x0000000000026ab8       0x5e _build/RobotTemplate.o
                0x0000000000026ab8                pqueue_remove
 .text.pqueue_pop
                0x0000000000026b16       0x2a _build/RobotTemplate.o
                0x0000000000026b16                pqueue_pop
 .text.pqueue_peek
                0x0000000000026b40       0x12 _build/RobotTemplate.o
                0x0000000000026b40                pqueue_peek
 .text.vector_at
                0x0000000000026b52       0x3c _build/RobotTemplate.o
                0x0000000000026b52                vector_at
 *fill*         0x0000000000026b8e        0x2 
 .text._lf_message_print
                0x0000000000026b90       0xac _build/RobotTemplate.o
                0x0000000000026b90                _lf_message_print
 .text.lf_vprint_error
                0x0000000000026c3c       0x1c _build/RobotTemplate.o
                0x0000000000026c3c                lf_vprint_error
 .text.lf_print_error
                0x0000000000026c58       0x1a _build/RobotTemplate.o
                0x0000000000026c58                lf_print_error
 *fill*         0x0000000000026c72        0x2 
 .text._lf_physical_time
                0x0000000000026c74       0x5c _build/RobotTemplate.o
                0x0000000000026c74                _lf_physical_time
 .text._lf_time
                0x0000000000026cd0       0x54 _build/RobotTemplate.o
                0x0000000000026cd0                _lf_time
 .text.lf_time_logical_elapsed
                0x0000000000026d24        0x6 _build/RobotTemplate.o
                0x0000000000026d24                lf_time_logical_elapsed
 *fill*         0x0000000000026d2a        0x2 
 .text.lf_vprint_warning
                0x0000000000026d2c       0x1c _build/RobotTemplate.o
                0x0000000000026d2c                lf_vprint_warning
 .text.lf_print_warning
                0x0000000000026d48       0x1a _build/RobotTemplate.o
                0x0000000000026d48                lf_print_warning
 *fill*         0x0000000000026d62        0x2 
 .text.lf_vprint_error_and_exit
                0x0000000000026d64       0x1c _build/RobotTemplate.o
                0x0000000000026d64                lf_vprint_error_and_exit
 .text.lf_print_error_and_exit
                0x0000000000026d80       0x16 _build/RobotTemplate.o
                0x0000000000026d80                lf_print_error_and_exit
 *fill*         0x0000000000026d96        0x2 
 .text.find_equal_same_priority
                0x0000000000026d98       0x8c _build/RobotTemplate.o
                0x0000000000026d98                find_equal_same_priority
 .text.pqueue_find_equal_same_priority
                0x0000000000026e24        0x6 _build/RobotTemplate.o
                0x0000000000026e24                pqueue_find_equal_same_priority
 *fill*         0x0000000000026e2a        0x2 
 .text._lf_add_suspended_event
                0x0000000000026e2c       0x38 _build/RobotTemplate.o
                0x0000000000026e2c                _lf_add_suspended_event
 .text._lf_remove_suspended_event
                0x0000000000026e64       0x3c _build/RobotTemplate.o
                0x0000000000026e64                _lf_remove_suspended_event
 .text._lf_mode_is_active
                0x0000000000026ea0        0xe _build/RobotTemplate.o
                0x0000000000026ea0                _lf_mode_is_active
 *fill*         0x0000000000026eae        0x2 
 .text._lf_initialize_mode_states
                0x0000000000026eb0       0x38 _build/RobotTemplate.o
                0x0000000000026eb0                _lf_initialize_mode_states
 .text._lf_allocate
                0x0000000000026ee8       0x30 _build/RobotTemplate.o
                0x0000000000026ee8                _lf_allocate
 .text._lf_new_reactor
                0x0000000000026f18       0x10 _build/RobotTemplate.o
                0x0000000000026f18                _lf_new_reactor
 .text._lf_free
                0x0000000000026f28       0x20 _build/RobotTemplate.o
                0x0000000000026f28                _lf_free
 .text._lf_free_reactor
                0x0000000000026f48       0x12 _build/RobotTemplate.o
                0x0000000000026f48                _lf_free_reactor
 *fill*         0x0000000000026f5a        0x2 
 .text._lf_free_all_reactors
                0x0000000000026f5c       0x24 _build/RobotTemplate.o
                0x0000000000026f5c                _lf_free_all_reactors
 .text._lf_set_stop_tag
                0x0000000000026f80       0x3c _build/RobotTemplate.o
                0x0000000000026f80                _lf_set_stop_tag
 .text._lf_free_token
                0x0000000000026fbc       0x6c _build/RobotTemplate.o
                0x0000000000026fbc                _lf_free_token
 .text._lf_done_using
                0x0000000000027028       0x28 _build/RobotTemplate.o
                0x0000000000027028                _lf_done_using
 .text._lf_start_time_step
                0x0000000000027050       0xc8 _build/RobotTemplate.o
                0x0000000000027050                _lf_start_time_step
 .text._lf_create_token
                0x0000000000027118       0x3c _build/RobotTemplate.o
                0x0000000000027118                _lf_create_token
 .text.create_token
                0x0000000000027154       0x18 _build/RobotTemplate.o
                0x0000000000027154                create_token
 .text._lf_initialize_token_with_value
                0x000000000002716c       0x34 _build/RobotTemplate.o
                0x000000000002716c                _lf_initialize_token_with_value
 .text._lf_is_tag_after_stop_tag
                0x00000000000271a0       0x4c _build/RobotTemplate.o
                0x00000000000271a0                _lf_is_tag_after_stop_tag
 .text._lf_get_new_event
                0x00000000000271ec       0x28 _build/RobotTemplate.o
                0x00000000000271ec                _lf_get_new_event
 .text._lf_recycle_event
                0x0000000000027214       0x24 _build/RobotTemplate.o
                0x0000000000027214                _lf_recycle_event
 .text._lf_terminate_modal_reactors
                0x0000000000027238       0x40 _build/RobotTemplate.o
                0x0000000000027238                _lf_terminate_modal_reactors
 .text.termination
                0x0000000000027278      0x110 _build/RobotTemplate.o
                0x0000000000027278                termination
 .text._lf_create_dummy_events
                0x0000000000027388       0x4a _build/RobotTemplate.o
                0x0000000000027388                _lf_create_dummy_events
 .text._lf_replace_token
                0x00000000000273d2       0x14 _build/RobotTemplate.o
                0x00000000000273d2                _lf_replace_token
 *fill*         0x00000000000273e6        0x2 
 .text._lf_schedule_at_tag
                0x00000000000273e8      0x1b8 _build/RobotTemplate.o
                0x00000000000273e8                _lf_schedule_at_tag
 .text._lf_schedule
                0x00000000000275a0      0x274 _build/RobotTemplate.o
                0x00000000000275a0                _lf_schedule
 .text._lf_process_mode_changes
                0x0000000000027814      0x2a4 _build/RobotTemplate.o
                0x0000000000027814                _lf_process_mode_changes
 .text._lf_advance_logical_time
                0x0000000000027ab8       0x80 _build/RobotTemplate.o
                0x0000000000027ab8                _lf_advance_logical_time
 .text._lf_invoke_reaction
                0x0000000000027b38       0x16 _build/RobotTemplate.o
                0x0000000000027b38                _lf_invoke_reaction
 *fill*         0x0000000000027b4e        0x2 
 .text.usage    0x0000000000027b50       0xb0 _build/RobotTemplate.o
                0x0000000000027b50                usage
 .text.process_args
                0x0000000000027c00      0x308 _build/RobotTemplate.o
                0x0000000000027c00                process_args
 .text._lf_set_present
                0x0000000000027f08       0x58 _build/RobotTemplate.o
                0x0000000000027f08                _lf_set_present
 .text.robotreaction_function_0
                0x0000000000027f60       0x50 _build/RobotTemplate.o
                0x0000000000027f60                robotreaction_function_0
 .text.robotreaction_function_1
                0x0000000000027fb0       0x4c _build/RobotTemplate.o
                0x0000000000027fb0                robotreaction_function_1
 .text.robotreaction_function_2
                0x0000000000027ffc       0x4c _build/RobotTemplate.o
                0x0000000000027ffc                robotreaction_function_2
 .text.robottemplatereaction_function_0
                0x0000000000028048       0x40 _build/RobotTemplate.o
                0x0000000000028048                robottemplatereaction_function_0
 .text.wait_until
                0x0000000000028088       0x44 _build/RobotTemplate.o
                0x0000000000028088                wait_until
 .text._lf_trigger_reaction
                0x00000000000280cc       0x2c _build/RobotTemplate.o
                0x00000000000280cc                _lf_trigger_reaction
 .text._lf_handle_mode_startup_reset_reactions
                0x00000000000280f8       0xd0 _build/RobotTemplate.o
                0x00000000000280f8                _lf_handle_mode_startup_reset_reactions
 .text._lf_initialize_timer
                0x00000000000281c8       0x8c _build/RobotTemplate.o
                0x00000000000281c8                _lf_initialize_timer
 .text.schedule_output_reactions
                0x0000000000028254      0x10c _build/RobotTemplate.o
                0x0000000000028254                schedule_output_reactions
 .text.new_Robot
                0x0000000000028360       0xe4 _build/RobotTemplate.o
                0x0000000000028360                new_Robot
 .text.new_Display
                0x0000000000028444       0x78 _build/RobotTemplate.o
                0x0000000000028444                new_Display
 .text.new_RobotTemplate
                0x00000000000284bc       0x48 _build/RobotTemplate.o
                0x00000000000284bc                new_RobotTemplate
 *fill*         0x0000000000028504        0x4 
 .text._lf_initialize_trigger_objects
                0x0000000000028508      0x2b8 _build/RobotTemplate.o
                0x0000000000028508                _lf_initialize_trigger_objects
 .text.initialize
                0x00000000000287c0      0x11c _build/RobotTemplate.o
                0x00000000000287c0                initialize
 .text._lf_trigger_startup_reactions
                0x00000000000288dc       0x4c _build/RobotTemplate.o
                0x00000000000288dc                _lf_trigger_startup_reactions
 .text._lf_initialize_timers
                0x0000000000028928       0x28 _build/RobotTemplate.o
                0x0000000000028928                _lf_initialize_timers
 .text._lf_initialize_modes
                0x0000000000028950       0x14 _build/RobotTemplate.o
                0x0000000000028950                _lf_initialize_modes
 .text._lf_handle_mode_changes
                0x0000000000028964       0x30 _build/RobotTemplate.o
                0x0000000000028964                _lf_handle_mode_changes
 .text._lf_do_step
                0x0000000000028994       0xc0 _build/RobotTemplate.o
                0x0000000000028994                _lf_do_step
 .text._lf_handle_mode_triggered_reactions
                0x0000000000028a54       0x30 _build/RobotTemplate.o
                0x0000000000028a54                _lf_handle_mode_triggered_reactions
 .text._lf_pop_events
                0x0000000000028a84      0x128 _build/RobotTemplate.o
                0x0000000000028a84                _lf_pop_events
 .text.next     0x0000000000028bac       0xcc _build/RobotTemplate.o
                0x0000000000028bac                next
 .text.lf_reactor_c_main
                0x0000000000028c78       0xd0 _build/RobotTemplate.o
                0x0000000000028c78                lf_reactor_c_main
 .text.startup.main
                0x0000000000028d48        0x4 _build/RobotTemplate.o
                0x0000000000028d48                main
 .text.nrf_drv_spi_transfer.constprop.0
                0x0000000000028d4c       0x1c _build/display.o
 .text.nrf_delay_ms.part.0.constprop.0
                0x0000000000028d68       0x1c _build/display.o
 .text.display_init
                0x0000000000028d84       0xf0 _build/display.o
                0x0000000000028d84                display_init
 .text.display_write
                0x0000000000028e74       0xa4 _build/display.o
                0x0000000000028e74                display_write
 .text.nrf_delay_ms.part.0
                0x0000000000028f18       0x1c _build/better_error_handling.o
 .text.app_error_fault_handler
                0x0000000000028f34      0x12c _build/better_error_handling.o
                0x0000000000028f34                app_error_fault_handler
 .text.HardFault_process
                0x0000000000029060       0x9a _build/better_error_handling.o
                0x0000000000029060                HardFault_process
 .text._GetAvailWriteSpace
                0x00000000000290fa       0x1c _build/SEGGER_RTT.o
 .text._WriteNoCheck
                0x0000000000029116       0x38 _build/SEGGER_RTT.o
 .text._WriteBlocking
                0x000000000002914e       0x52 _build/SEGGER_RTT.o
 .text._DoInit  0x00000000000291a0       0x60 _build/SEGGER_RTT.o
 .text.SEGGER_RTT_WriteNoLock
                0x0000000000029200       0x68 _build/SEGGER_RTT.o
                0x0000000000029200                SEGGER_RTT_WriteNoLock
 .text.SEGGER_RTT_Write
                0x0000000000029268       0x40 _build/SEGGER_RTT.o
                0x0000000000029268                SEGGER_RTT_Write
 .text._write_r
                0x00000000000292a8       0x12 _build/SEGGER_RTT_Syscalls_GCC.o
                0x00000000000292a8                _write_r
 .text.app_error_handler
                0x00000000000292ba       0x1a _build/app_error_handler_gcc.o
                0x00000000000292ba                app_error_handler
 .text.user_op_alloc
                0x00000000000292d4       0x2c _build/app_timer.o
 .text.timer_stop_op_schedule
                0x0000000000029300       0x50 _build/app_timer.o
 .text.nrfx_coredep_delay_us.part.0.constprop.0
                0x0000000000029350       0x10 _build/app_timer.o
 .text.RTC1_IRQHandler
                0x0000000000029360       0x9c _build/app_timer.o
                0x0000000000029360                RTC1_IRQHandler
 .text.SWI0_EGU0_IRQHandler
                0x00000000000293fc      0x2b8 _build/app_timer.o
                0x00000000000293fc                SWI0_EGU0_IRQHandler
 .text.app_timer_init
                0x00000000000296b4       0x88 _build/app_timer.o
                0x00000000000296b4                app_timer_init
 .text.app_timer_start
                0x000000000002973c       0x90 _build/app_timer.o
                0x000000000002973c                app_timer_start
 .text.app_timer_stop
                0x00000000000297cc       0x20 _build/app_timer.o
                0x00000000000297cc                app_timer_stop
 .text.privilege_level_get
                0x00000000000297ec       0x1a _build/app_util_platform.o
                0x00000000000297ec                privilege_level_get
 *fill*         0x0000000000029806        0x2 
 .text.app_util_critical_region_enter
                0x0000000000029808       0x60 _build/app_util_platform.o
                0x0000000000029808                app_util_critical_region_enter
 .text.app_util_critical_region_exit
                0x0000000000029868       0x40 _build/app_util_platform.o
                0x0000000000029868                app_util_critical_region_exit
 .text.startup.called_first
                0x00000000000298a8       0x10 _build/before_startup.o
                0x00000000000298a8                called_first
 .text.HardFault_Handler
                0x00000000000298b8       0x34 _build/hardfault_handler_gcc.o
                0x00000000000298b8                HardFault_Handler
 .text.HardFault_c_handler
                0x00000000000298ec      0x104 _build/hardfault_implementation.o
                0x00000000000298ec                HardFault_c_handler
 .text.nrf_atomic_u32_fetch_store
                0x00000000000299f0       0x16 _build/nrf_atomic.o
                0x00000000000299f0                nrf_atomic_u32_fetch_store
 .text.nrf_atomic_u32_or
                0x0000000000029a06       0x18 _build/nrf_atomic.o
                0x0000000000029a06                nrf_atomic_u32_or
 .text.nrf_atomic_u32_fetch_and
                0x0000000000029a1e       0x18 _build/nrf_atomic.o
                0x0000000000029a1e                nrf_atomic_u32_fetch_and
 .text.nrf_atomic_u32_add
                0x0000000000029a36       0x18 _build/nrf_atomic.o
                0x0000000000029a36                nrf_atomic_u32_add
 .text.nrf_atomic_u32_sub
                0x0000000000029a4e       0x18 _build/nrf_atomic.o
                0x0000000000029a4e                nrf_atomic_u32_sub
 .text.nrf_atomic_flag_set
                0x0000000000029a66        0x6 _build/nrf_atomic.o
                0x0000000000029a66                nrf_atomic_flag_set
 .text.nrf_atomic_flag_clear_fetch
                0x0000000000029a6c        0x6 _build/nrf_atomic.o
                0x0000000000029a6c                nrf_atomic_flag_clear_fetch
 *fill*         0x0000000000029a72        0x2 
 .text.nrf_balloc_alloc
                0x0000000000029a74       0x5c _build/nrf_balloc.o
                0x0000000000029a74                nrf_balloc_alloc
 .text.nrf_balloc_free
                0x0000000000029ad0       0x50 _build/nrf_balloc.o
                0x0000000000029ad0                nrf_balloc_free
 .text.clock_clk_started_notify
                0x0000000000029b20       0x24 _build/nrf_drv_clock.o
 .text.clock_irq_handler
                0x0000000000029b44       0x1c _build/nrf_drv_clock.o
 .text.soc_evt_handler
                0x0000000000029b60       0x14 _build/nrf_drv_clock.o
 .text.nrf_drv_clock_init
                0x0000000000029b74       0x38 _build/nrf_drv_clock.o
                0x0000000000029b74                nrf_drv_clock_init
 .text.nrf_drv_clock_lfclk_request
                0x0000000000029bac       0x84 _build/nrf_drv_clock.o
                0x0000000000029bac                nrf_drv_clock_lfclk_request
 .text.nrf_drv_clock_lfclk_release
                0x0000000000029c30       0x64 _build/nrf_drv_clock.o
                0x0000000000029c30                nrf_drv_clock_lfclk_release
 .text.sd_state_evt_handler
                0x0000000000029c94       0x6c _build/nrf_drv_clock.o
 .text.spim_evt_handler
                0x0000000000029d00       0x3c _build/nrf_drv_spi.o
 .text.nrf_drv_spi_init
                0x0000000000029d3c       0x64 _build/nrf_drv_spi.o
                0x0000000000029d3c                nrf_drv_spi_init
 .text.invalid_packets_omit
                0x0000000000029da0       0x3a _build/nrf_log_frontend.o
 *fill*         0x0000000000029dda        0x2 
 .text.buf_prealloc
                0x0000000000029ddc      0x14c _build/nrf_log_frontend.o
 .text.buffer_is_empty
                0x0000000000029f28       0x14 _build/nrf_log_frontend.o
                0x0000000000029f28                buffer_is_empty
 .text.nrf_log_frontend_dequeue
                0x0000000000029f3c      0x220 _build/nrf_log_frontend.o
                0x0000000000029f3c                nrf_log_frontend_dequeue
 .text.std_n    0x000000000002a15c       0xb8 _build/nrf_log_frontend.o
 .text.nrf_log_frontend_std_0
                0x000000000002a214        0x8 _build/nrf_log_frontend.o
                0x000000000002a214                nrf_log_frontend_std_0
 .text.nrf_log_frontend_std_1
                0x000000000002a21c       0x12 _build/nrf_log_frontend.o
                0x000000000002a21c                nrf_log_frontend_std_1
 .text.nrf_log_frontend_std_2
                0x000000000002a22e       0x14 _build/nrf_log_frontend.o
                0x000000000002a22e                nrf_log_frontend_std_2
 .text.nrf_log_frontend_std_3
                0x000000000002a242       0x18 _build/nrf_log_frontend.o
                0x000000000002a242                nrf_log_frontend_std_3
 .text.nrf_log_frontend_std_4
                0x000000000002a25a       0x1c _build/nrf_log_frontend.o
                0x000000000002a25a                nrf_log_frontend_std_4
 *fill*         0x000000000002a276        0x2 
 .text.nrf_log_panic
                0x000000000002a278       0x2c _build/nrf_log_frontend.o
                0x000000000002a278                nrf_log_panic
 .text.memobj_op
                0x000000000002a2a4       0xa8 _build/nrf_memobj.o
 .text.nrf_memobj_free
                0x000000000002a34c       0x2c _build/nrf_memobj.o
                0x000000000002a34c                nrf_memobj_free
 .text.nrf_memobj_alloc
                0x000000000002a378       0x5e _build/nrf_memobj.o
                0x000000000002a378                nrf_memobj_alloc
 .text.nrf_memobj_get
                0x000000000002a3d6        0x8 _build/nrf_memobj.o
                0x000000000002a3d6                nrf_memobj_get
 .text.nrf_memobj_put
                0x000000000002a3de       0x1e _build/nrf_memobj.o
                0x000000000002a3de                nrf_memobj_put
 .text.nrf_memobj_write
                0x000000000002a3fc       0x28 _build/nrf_memobj.o
                0x000000000002a3fc                nrf_memobj_write
 .text.sd_app_evt_wait
                0x000000000002a424        0x4 _build/nrf_pwr_mgmt.o
 .text.nrf_pwr_mgmt_init
                0x000000000002a428       0x2c _build/nrf_pwr_mgmt.o
                0x000000000002a428                nrf_pwr_mgmt_init
 .text.nrf_pwr_mgmt_run
                0x000000000002a454       0x6c _build/nrf_pwr_mgmt.o
                0x000000000002a454                nrf_pwr_mgmt_run
 .text.nrf_section_iter_init
                0x000000000002a4c0       0x30 _build/nrf_section_iter.o
                0x000000000002a4c0                nrf_section_iter_init
 .text.nrf_section_iter_next
                0x000000000002a4f0       0x38 _build/nrf_section_iter.o
                0x000000000002a4f0                nrf_section_iter_next
 .text.nrf_strerror_find
                0x000000000002a528       0x3c _build/nrf_strerror.o
                0x000000000002a528                nrf_strerror_find
 .text.nrf_strerror_get
                0x000000000002a564       0x14 _build/nrf_strerror.o
                0x000000000002a564                nrf_strerror_get
 .text.nrfx_clock_init
                0x000000000002a578       0x28 _build/nrfx_clock.o
                0x000000000002a578                nrfx_clock_init
 .text.nrfx_clock_enable
                0x000000000002a5a0       0x3c _build/nrfx_clock.o
                0x000000000002a5a0                nrfx_clock_enable
 .text.nrfx_clock_lfclk_start
                0x000000000002a5dc       0x6c _build/nrfx_clock.o
                0x000000000002a5dc                nrfx_clock_lfclk_start
 .text.nrfx_clock_lfclk_stop
                0x000000000002a648       0x30 _build/nrfx_clock.o
                0x000000000002a648                nrfx_clock_lfclk_stop
 .text.POWER_CLOCK_IRQHandler
                0x000000000002a678       0x64 _build/nrfx_clock.o
                0x000000000002a678                POWER_CLOCK_IRQHandler
 .text.nrf_gpiote_event_clear
                0x000000000002a6dc       0x18 _build/nrfx_gpiote.o
 .text.channel_free
                0x000000000002a6f4       0x1c _build/nrfx_gpiote.o
 .text.nrf_gpio_pin_port_decode.isra.0.part.0
                0x000000000002a710       0x10 _build/nrfx_gpiote.o
 .text.nrf_gpio_cfg_sense_set
                0x000000000002a720       0x2e _build/nrfx_gpiote.o
 *fill*         0x000000000002a74e        0x2 
 .text.nrfx_gpiote_init
                0x000000000002a750       0x70 _build/nrfx_gpiote.o
                0x000000000002a750                nrfx_gpiote_init
 .text.nrfx_gpiote_is_init
                0x000000000002a7c0       0x14 _build/nrfx_gpiote.o
                0x000000000002a7c0                nrfx_gpiote_is_init
 .text.nrfx_gpiote_out_init
                0x000000000002a7d4      0x11c _build/nrfx_gpiote.o
                0x000000000002a7d4                nrfx_gpiote_out_init
 .text.nrfx_gpiote_out_set
                0x000000000002a8f0       0x5c _build/nrfx_gpiote.o
                0x000000000002a8f0                nrfx_gpiote_out_set
 .text.nrfx_gpiote_out_clear
                0x000000000002a94c       0x5c _build/nrfx_gpiote.o
                0x000000000002a94c                nrfx_gpiote_out_clear
 .text.GPIOTE_IRQHandler
                0x000000000002a9a8      0x198 _build/nrfx_gpiote.o
                0x000000000002a9a8                GPIOTE_IRQHandler
 .text.UARTE0_UART0_IRQHandler
                0x000000000002ab40       0x20 _build/nrfx_prs.o
                0x000000000002ab40                UARTE0_UART0_IRQHandler
 .text.nrfx_prs_acquire
                0x000000000002ab60       0x50 _build/nrfx_prs.o
                0x000000000002ab60                nrfx_prs_acquire
 .text.nrf_pwm_event_clear
                0x000000000002abb0       0x10 _build/nrfx_pwm.o
 .text.irq_handler
                0x000000000002abc0       0x80 _build/nrfx_pwm.o
 .text.PWM0_IRQHandler
                0x000000000002ac40       0x10 _build/nrfx_pwm.o
                0x000000000002ac40                PWM0_IRQHandler
 .text.PWM1_IRQHandler
                0x000000000002ac50       0x10 _build/nrfx_pwm.o
                0x000000000002ac50                PWM1_IRQHandler
 .text.PWM2_IRQHandler
                0x000000000002ac60       0x10 _build/nrfx_pwm.o
                0x000000000002ac60                PWM2_IRQHandler
 .text.nrf_saadc_event_clear
                0x000000000002ac70       0x18 _build/nrfx_saadc.o
 .text.SAADC_IRQHandler
                0x000000000002ac88      0x160 _build/nrfx_saadc.o
                0x000000000002ac88                SAADC_IRQHandler
 .text.nrf_gpio_pin_port_decode.isra.0.part.0
                0x000000000002ade8       0x10 _build/nrfx_spim.o
 .text.nrf_gpio_pin_clear
                0x000000000002adf8       0x1c _build/nrfx_spim.o
 .text.nrf_gpio_pin_set
                0x000000000002ae14       0x1c _build/nrfx_spim.o
 .text.SPIM1_SPIS1_TWIM1_TWIS1_SPI1_TWI1_IRQHandler
                0x000000000002ae30       0x64 _build/nrfx_spim.o
                0x000000000002ae30                SPIM1_SPIS1_TWIM1_TWIS1_SPI1_TWI1_IRQHandler
 .text.nrfx_spim_init
                0x000000000002ae94      0x21c _build/nrfx_spim.o
                0x000000000002ae94                nrfx_spim_init
 .text.nrfx_spim_xfer
                0x000000000002b0b0      0x170 _build/nrfx_spim.o
                0x000000000002b0b0                nrfx_spim_xfer
 .text.irq_handler
                0x000000000002b220       0x4e _build/nrfx_timer.o
 *fill*         0x000000000002b26e        0x2 
 .text.nrfx_timer_init
                0x000000000002b270      0x174 _build/nrfx_timer.o
                0x000000000002b270                nrfx_timer_init
 .text.nrfx_timer_enable
                0x000000000002b3e4       0x38 _build/nrfx_timer.o
                0x000000000002b3e4                nrfx_timer_enable
 .text.nrfx_timer_capture
                0x000000000002b41c       0x4c _build/nrfx_timer.o
                0x000000000002b41c                nrfx_timer_capture
 .text.nrfx_timer_compare
                0x000000000002b468       0x36 _build/nrfx_timer.o
                0x000000000002b468                nrfx_timer_compare
 *fill*         0x000000000002b49e        0x2 
 .text.nrfx_timer_compare_int_disable
                0x000000000002b4a0       0x48 _build/nrfx_timer.o
                0x000000000002b4a0                nrfx_timer_compare_int_disable
 .text.TIMER0_IRQHandler
                0x000000000002b4e8       0x14 _build/nrfx_timer.o
                0x000000000002b4e8                TIMER0_IRQHandler
 .text.TIMER1_IRQHandler
                0x000000000002b4fc       0x14 _build/nrfx_timer.o
                0x000000000002b4fc                TIMER1_IRQHandler
 .text.TIMER3_IRQHandler
                0x000000000002b510       0x14 _build/nrfx_timer.o
                0x000000000002b510                TIMER3_IRQHandler
 .text.nrf_twim_event_clear
                0x000000000002b524       0x10 _build/nrfx_twim.o
 .text.SPIM0_SPIS0_TWIM0_TWIS0_SPI0_TWI0_IRQHandler
                0x000000000002b534      0x154 _build/nrfx_twim.o
                0x000000000002b534                SPIM0_SPIS0_TWIM0_TWIS0_SPI0_TWI0_IRQHandler
 .text.nrf_uart_event_clear
                0x000000000002b688       0x10 _build/nrfx_uart.o
 .text.tx_byte  0x000000000002b698       0x1e _build/nrfx_uart.o
 .text.rx_byte  0x000000000002b6b6       0x2c _build/nrfx_uart.o
 *fill*         0x000000000002b6e2        0x2 
 .text.nrf_gpio_pin_port_decode.isra.0.part.0
                0x000000000002b6e4       0x10 _build/nrfx_uart.o
 .text.rx_done_event.constprop.0
                0x000000000002b6f4       0x20 _build/nrfx_uart.o
 .text.nrfx_uart_0_irq_handler
                0x000000000002b714      0x13c _build/nrfx_uart.o
                0x000000000002b714                nrfx_uart_0_irq_handler
 .text.nrfx_uart_init
                0x000000000002b850      0x204 _build/nrfx_uart.o
                0x000000000002b850                nrfx_uart_init
 .text.nrfx_uart_tx
                0x000000000002ba54       0xd8 _build/nrfx_uart.o
                0x000000000002ba54                nrfx_uart_tx
 .text.ble_advdata_search
                0x000000000002bb2c       0x38 _build/ble_advdata.o
                0x000000000002bb2c                ble_advdata_search
 .text.ble_advdata_parse
                0x000000000002bb64       0x20 _build/ble_advdata.o
                0x000000000002bb64                ble_advdata_parse
 .text.sd_ble_gap_adv_set_configure
                0x000000000002bb84        0x4 _build/ble_advertising.o
 .text.sd_ble_gap_adv_start
                0x000000000002bb88        0x4 _build/ble_advertising.o
 .text.flags_set
                0x000000000002bb8c       0x2c _build/ble_advertising.o
 .text.ble_advertising_start
                0x000000000002bbb8      0x21a _build/ble_advertising.o
                0x000000000002bbb8                ble_advertising_start
 .text.ble_advertising_on_ble_evt
                0x000000000002bdd2       0x6a _build/ble_advertising.o
                0x000000000002bdd2                ble_advertising_on_ble_evt
 .text.ble_advertising_on_sys_evt
                0x000000000002be3c        0x2 _build/ble_advertising.o
                0x000000000002be3c                ble_advertising_on_sys_evt
 *fill*         0x000000000002be3e        0x2 
 .text.instance_get
                0x000000000002be40       0x14 _build/ble_conn_params.o
 .text.send_error_evt
                0x000000000002be54       0x10 _build/ble_conn_params.o
 .text.conn_params_negotiation
                0x000000000002be64       0x48 _build/ble_conn_params.o
 .text.is_conn_params_ok.constprop.0
                0x000000000002beac       0x34 _build/ble_conn_params.o
 .text.ble_evt_handler
                0x000000000002bee0       0xe0 _build/ble_conn_params.o
 .text.ble_srv_is_notification_enabled
                0x000000000002bfc0        0x8 _build/ble_srv_common.o
                0x000000000002bfc0                ble_srv_is_notification_enabled
 .text.sd_ble_gap_data_length_update
                0x000000000002bfc8        0x4 _build/nrf_ble_gatt.o
 .text.sd_ble_gattc_exchange_mtu_request
                0x000000000002bfcc        0x4 _build/nrf_ble_gatt.o
 .text.sd_ble_gatts_exchange_mtu_reply
                0x000000000002bfd0        0x4 _build/nrf_ble_gatt.o
 .text.data_length_update
                0x000000000002bfd4       0x80 _build/nrf_ble_gatt.o
 .text.nrf_ble_gatt_on_ble_evt
                0x000000000002c054      0x198 _build/nrf_ble_gatt.o
                0x000000000002c054                nrf_ble_gatt_on_ble_evt
 .text.sd_ble_gatts_rw_authorize_reply
                0x000000000002c1ec        0x4 _build/nrf_ble_qwr.o
 .text.sd_ble_user_mem_reply
                0x000000000002c1f0        0x4 _build/nrf_ble_qwr.o
 .text.user_mem_reply.part.0
                0x000000000002c1f4       0x24 _build/nrf_ble_qwr.o
 .text.nrf_ble_qwr_conn_handle_assign
                0x000000000002c218       0x16 _build/nrf_ble_qwr.o
                0x000000000002c218                nrf_ble_qwr_conn_handle_assign
 .text.nrf_ble_qwr_on_ble_evt
                0x000000000002c22e       0xa0 _build/nrf_ble_qwr.o
                0x000000000002c22e                nrf_ble_qwr_on_ble_evt
 *fill*         0x000000000002c2ce        0x2 
 .text.nrf_sdh_is_enabled
                0x000000000002c2d0        0xc _build/nrf_sdh.o
                0x000000000002c2d0                nrf_sdh_is_enabled
 .text.nrf_sdh_evts_poll
                0x000000000002c2dc       0x28 _build/nrf_sdh.o
                0x000000000002c2dc                nrf_sdh_evts_poll
 .text.SWI2_EGU2_IRQHandler
                0x000000000002c304        0x4 _build/nrf_sdh.o
                0x000000000002c304                SWI2_EGU2_IRQHandler
 .text.sd_ble_evt_get
                0x000000000002c308        0x4 _build/nrf_sdh_ble.o
 .text.nrf_sdh_ble_evts_poll.part.0
                0x000000000002c30c       0x58 _build/nrf_sdh_ble.o
 .text.nrf_sdh_ble_evts_poll
                0x000000000002c364       0x10 _build/nrf_sdh_ble.o
 .text.sd_ble_gap_disconnect
                0x000000000002c374        0x4 _build/simple_ble.o
 .text.sd_ble_gap_sec_params_reply
                0x000000000002c378        0x4 _build/simple_ble.o
 .text.sd_ble_gap_sec_info_reply
                0x000000000002c37c        0x4 _build/simple_ble.o
 .text.sd_ble_gap_scan_start
                0x000000000002c380        0x4 _build/simple_ble.o
 .text.sd_ble_gap_phy_update
                0x000000000002c384        0x4 _build/simple_ble.o
 .text.sd_ble_gatts_sys_attr_set
                0x000000000002c388        0x4 _build/simple_ble.o
 .text.sd_power_system_off
                0x000000000002c38c        0x4 _build/simple_ble.o
 .text.on_ble_evt
                0x000000000002c390      0x234 _build/simple_ble.o
 .text.assert_nrf_callback
                0x000000000002c5c4       0x24 _build/simple_ble.o
                0x000000000002c5c4                assert_nrf_callback
 .text.errata_12
                0x000000000002c5e8       0x40 _build/system_nrf52.o
 .text.errata_16
                0x000000000002c628       0x34 _build/system_nrf52.o
 .text.SystemInit
                0x000000000002c65c      0x25c _build/system_nrf52.o
                0x000000000002c65c                SystemInit
 .text          0x000000000002c8b8       0x3c _build/gcc_startup_nrf52.os
                0x000000000002c8b8                Reset_Handler
                0x000000000002c8e0                NMI_Handler
                0x000000000002c8e4                MemoryManagement_Handler
                0x000000000002c8e6                BusFault_Handler
                0x000000000002c8e8                UsageFault_Handler
                0x000000000002c8ea                SVC_Handler
                0x000000000002c8ec                DebugMon_Handler
                0x000000000002c8ee                PendSV_Handler
                0x000000000002c8f0                SysTick_Handler
                0x000000000002c8f2                TIMER2_IRQHandler
                0x000000000002c8f2                RTC0_IRQHandler
                0x000000000002c8f2                RADIO_IRQHandler
                0x000000000002c8f2                PDM_IRQHandler
                0x000000000002c8f2                TEMP_IRQHandler
                0x000000000002c8f2                QDEC_IRQHandler
                0x000000000002c8f2                FPU_IRQHandler
                0x000000000002c8f2                TIMER4_IRQHandler
                0x000000000002c8f2                I2S_IRQHandler
                0x000000000002c8f2                SWI4_EGU4_IRQHandler
                0x000000000002c8f2                ECB_IRQHandler
                0x000000000002c8f2                Default_Handler
                0x000000000002c8f2                CCM_AAR_IRQHandler
                0x000000000002c8f2                WDT_IRQHandler
                0x000000000002c8f2                SWI5_EGU5_IRQHandler
                0x000000000002c8f2                RNG_IRQHandler
                0x000000000002c8f2                RTC2_IRQHandler
                0x000000000002c8f2                SWI3_EGU3_IRQHandler
                0x000000000002c8f2                SWI1_EGU1_IRQHandler
                0x000000000002c8f2                SPIM2_SPIS2_SPI2_IRQHandler
                0x000000000002c8f2                NFCT_IRQHandler
                0x000000000002c8f2                MWU_IRQHandler
                0x000000000002c8f2                COMP_LPCOMP_IRQHandler
 .text          0x000000000002c8f4        0x8 /usr/lib/gcc/arm-none-eabi/9.2.1/../../../arm-none-eabi/lib/thumb/v7e-m+fp/hard/libc.a(lib_a-abs.o)
                0x000000000002c8f4                abs
 .text          0x000000000002c8fc       0x48 /usr/lib/gcc/arm-none-eabi/9.2.1/../../../arm-none-eabi/lib/thumb/v7e-m+fp/hard/libc.a(lib_a-assert.o)
                0x000000000002c8fc                __assert_func
                0x000000000002c938                __assert
 .text          0x000000000002c944        0xc /usr/lib/gcc/arm-none-eabi/9.2.1/../../../arm-none-eabi/lib/thumb/v7e-m+fp/hard/libc.a(lib_a-atexit.o)
                0x000000000002c944                atexit
 .text          0x000000000002c950       0x10 /usr/lib/gcc/arm-none-eabi/9.2.1/../../../arm-none-eabi/lib/thumb/v7e-m+fp/hard/libc.a(lib_a-atoi.o)
                0x000000000002c950                atoi
                0x000000000002c958                _atoi_r
 .text          0x000000000002c960       0x10 /usr/lib/gcc/arm-none-eabi/9.2.1/../../../arm-none-eabi/lib/thumb/v7e-m+fp/hard/libc.a(lib_a-atoll.o)
                0x000000000002c960                atoll
                0x000000000002c968                _atoll_r
 .text          0x000000000002c970       0x10 /usr/lib/gcc/arm-none-eabi/9.2.1/../../../arm-none-eabi/lib/thumb/v7e-m+fp/hard/libc.a(lib_a-calloc.o)
                0x000000000002c970                calloc
 .text          0x000000000002c980       0x60 /usr/lib/gcc/arm-none-eabi/9.2.1/../../../arm-none-eabi/lib/thumb/v7e-m+fp/hard/libc.a(lib_a-callocr.o)
                0x000000000002c980                _calloc_r
 .text          0x000000000002c9e0       0x10 /usr/lib/gcc/arm-none-eabi/9.2.1/../../../arm-none-eabi/lib/thumb/v7e-m+fp/hard/libc.a(lib_a-ctime.o)
                0x000000000002c9e0                ctime
 .text          0x000000000002c9f0       0x20 /usr/lib/gcc/arm-none-eabi/9.2.1/../../../arm-none-eabi/lib/thumb/v7e-m+fp/hard/libc.a(lib_a-exit.o)
                0x000000000002c9f0                exit
 .text          0x000000000002ca10       0x34 /usr/lib/gcc/arm-none-eabi/9.2.1/../../../arm-none-eabi/lib/thumb/v7e-m+fp/hard/libc.a(lib_a-fini.o)
                0x000000000002ca10                __libc_fini_array
 .text          0x000000000002ca44       0x44 /usr/lib/gcc/arm-none-eabi/9.2.1/../../../arm-none-eabi/lib/thumb/v7e-m+fp/hard/libc.a(lib_a-fiprintf.o)
                0x000000000002ca44                _fiprintf_r
                0x000000000002ca60                fiprintf
 .text          0x000000000002ca88       0x48 /usr/lib/gcc/arm-none-eabi/9.2.1/../../../arm-none-eabi/lib/thumb/v7e-m+fp/hard/libc.a(lib_a-init.o)
                0x000000000002ca88                __libc_init_array
 .text          0x000000000002cad0       0x10 /usr/lib/gcc/arm-none-eabi/9.2.1/../../../arm-none-eabi/lib/thumb/v7e-m+fp/hard/libc.a(lib_a-lcltime.o)
                0x000000000002cad0                localtime
 .text          0x000000000002cae0      0x244 /usr/lib/gcc/arm-none-eabi/9.2.1/../../../arm-none-eabi/lib/thumb/v7e-m+fp/hard/libc.a(lib_a-lcltime_r.o)
                0x000000000002cae0                localtime_r
 .text          0x000000000002cd24       0x20 /usr/lib/gcc/arm-none-eabi/9.2.1/../../../arm-none-eabi/lib/thumb/v7e-m+fp/hard/libc.a(lib_a-malloc.o)
                0x000000000002cd24                malloc
                0x000000000002cd34                free
 .text          0x000000000002cd44      0x564 /usr/lib/gcc/arm-none-eabi/9.2.1/../../../arm-none-eabi/lib/thumb/v7e-m+fp/hard/libc.a(lib_a-mallocr.o)
                0x000000000002cd44                _malloc_r
 .text          0x000000000002d2a8      0x134 /usr/lib/gcc/arm-none-eabi/9.2.1/../../../arm-none-eabi/lib/thumb/v7e-m+fp/hard/libc.a(lib_a-memcpy.o)
                0x000000000002d2a8                memcpy
 .text          0x000000000002d3dc       0xa0 /usr/lib/gcc/arm-none-eabi/9.2.1/../../../arm-none-eabi/lib/thumb/v7e-m+fp/hard/libc.a(lib_a-memset.o)
                0x000000000002d3dc                memset
 .text          0x000000000002d47c        0x8 /usr/lib/gcc/arm-none-eabi/9.2.1/../../../arm-none-eabi/lib/thumb/v7e-m+fp/hard/libc.a(lib_a-mlock.o)
                0x000000000002d47c                __malloc_lock
                0x000000000002d480                __malloc_unlock
 .text          0x000000000002d484       0x48 /usr/lib/gcc/arm-none-eabi/9.2.1/../../../arm-none-eabi/lib/thumb/v7e-m+fp/hard/libc.a(lib_a-printf.o)
                0x000000000002d484                _printf_r
                0x000000000002d4a4                printf
 .text          0x000000000002d4cc       0x10 /usr/lib/gcc/arm-none-eabi/9.2.1/../../../arm-none-eabi/lib/thumb/v7e-m+fp/hard/libc.a(lib_a-realloc.o)
                0x000000000002d4cc                realloc
 .text          0x000000000002d4dc      0x36c /usr/lib/gcc/arm-none-eabi/9.2.1/../../../arm-none-eabi/lib/thumb/v7e-m+fp/hard/libc.a(lib_a-reallocr.o)
                0x000000000002d4dc                _realloc_r
 .text          0x000000000002d848       0x24 /usr/lib/gcc/arm-none-eabi/9.2.1/../../../arm-none-eabi/lib/thumb/v7e-m+fp/hard/libc.a(lib_a-sbrkr.o)
                0x000000000002d848                _sbrk_r
 .text          0x000000000002d86c       0x10 /usr/lib/gcc/arm-none-eabi/9.2.1/../../../arm-none-eabi/lib/thumb/v7e-m+fp/hard/libc.a(lib_a-setbuf.o)
                0x000000000002d86c                setbuf
 .text          0x000000000002d87c      0x154 /usr/lib/gcc/arm-none-eabi/9.2.1/../../../arm-none-eabi/lib/thumb/v7e-m+fp/hard/libc.a(lib_a-setvbuf.o)
                0x000000000002d87c                setvbuf
 .text          0x000000000002d9d0      0x15c /usr/lib/gcc/arm-none-eabi/9.2.1/../../../arm-none-eabi/lib/thumb/v7e-m+fp/hard/libc.a(lib_a-signal.o)
                0x000000000002d9f8                _init_signal_r
                0x000000000002da04                _signal_r
                0x000000000002da3c                _raise_r
                0x000000000002da94                __sigtramp_r
                0x000000000002dae8                raise
                0x000000000002daf8                signal
                0x000000000002db08                _init_signal
                0x000000000002db1c                __sigtramp
 .text          0x000000000002db2c       0x2c /usr/lib/gcc/arm-none-eabi/9.2.1/../../../arm-none-eabi/lib/thumb/v7e-m+fp/hard/libc.a(lib_a-signalr.o)
                0x000000000002db2c                _kill_r
                0x000000000002db54                _getpid_r
 .text          0x000000000002db58      0x110 /usr/lib/gcc/arm-none-eabi/9.2.1/../../../arm-none-eabi/lib/thumb/v7e-m+fp/hard/libc.a(lib_a-snprintf.o)
                0x000000000002db58                _snprintf_r
                0x000000000002dbdc                snprintf
 .text          0x000000000002dc68       0x80 /usr/lib/gcc/arm-none-eabi/9.2.1/../../../arm-none-eabi/lib/thumb/v7e-m+fp/hard/libc.a(lib_a-sprintf.o)
                0x000000000002dc68                _sprintf_r
                0x000000000002dca4                sprintf
 *fill*         0x000000000002dce8       0x18 
 .text          0x000000000002dd00      0x2dc /usr/lib/gcc/arm-none-eabi/9.2.1/../../../arm-none-eabi/lib/thumb/v7e-m+fp/hard/libc.a(lib_a-strcmp.o)
                0x000000000002dd08                strcmp
 .text          0x000000000002dfdc       0xbc /usr/lib/gcc/arm-none-eabi/9.2.1/../../../arm-none-eabi/lib/thumb/v7e-m+fp/hard/libc.a(lib_a-strcpy.o)
                0x000000000002dfdc                strcpy
 *fill*         0x000000000002e098       0x28 
 .text          0x000000000002e0c0       0xdc /usr/lib/gcc/arm-none-eabi/9.2.1/../../../arm-none-eabi/lib/thumb/v7e-m+fp/hard/libc.a(lib_a-strlen.o)
                0x000000000002e0c0                strlen
 .text          0x000000000002e19c       0xa4 /usr/lib/gcc/arm-none-eabi/9.2.1/../../../arm-none-eabi/lib/thumb/v7e-m+fp/hard/libc.a(lib_a-strncmp.o)
                0x000000000002e19c                strncmp
 .text          0x000000000002e240      0x168 /usr/lib/gcc/arm-none-eabi/9.2.1/../../../arm-none-eabi/lib/thumb/v7e-m+fp/hard/libc.a(lib_a-strtol.o)
                0x000000000002e374                _strtol_r
                0x000000000002e378                strtol_l
                0x000000000002e390                strtol
 .text          0x000000000002e3a8      0x1c4 /usr/lib/gcc/arm-none-eabi/9.2.1/../../../arm-none-eabi/lib/thumb/v7e-m+fp/hard/libc.a(lib_a-strtoll.o)
                0x000000000002e538                _strtoll_r
                0x000000000002e53c                strtoll_l
                0x000000000002e554                strtoll
 *fill*         0x000000000002e56c        0x4 
 .text          0x000000000002e570     0x1498 /usr/lib/gcc/arm-none-eabi/9.2.1/../../../arm-none-eabi/lib/thumb/v7e-m+fp/hard/libc.a(lib_a-svfprintf.o)
                0x000000000002e570                _svfprintf_r
 .text          0x000000000002fa08      0x180 /usr/lib/gcc/arm-none-eabi/9.2.1/../../../arm-none-eabi/lib/thumb/v7e-m+fp/hard/libc.a(lib_a-tzcalc_limits.o)
                0x000000000002fa08                __tzcalc_limits
 .text          0x000000000002fb88        0x8 /usr/lib/gcc/arm-none-eabi/9.2.1/../../../arm-none-eabi/lib/thumb/v7e-m+fp/hard/libc.a(lib_a-tzlock.o)
                0x000000000002fb88                __tz_lock
                0x000000000002fb8c                __tz_unlock
 .text          0x000000000002fb90       0x28 /usr/lib/gcc/arm-none-eabi/9.2.1/../../../arm-none-eabi/lib/thumb/v7e-m+fp/hard/libc.a(lib_a-tzset.o)
                0x000000000002fb90                _tzset_unlocked
                0x000000000002fb9c                tzset
 .text          0x000000000002fbb8      0x34c /usr/lib/gcc/arm-none-eabi/9.2.1/../../../arm-none-eabi/lib/thumb/v7e-m+fp/hard/libc.a(lib_a-tzset_r.o)
                0x000000000002fbb8                _tzset_unlocked_r
                0x000000000002feec                _tzset_r
 .text          0x000000000002ff04      0xd00 /usr/lib/gcc/arm-none-eabi/9.2.1/../../../arm-none-eabi/lib/thumb/v7e-m+fp/hard/libc.a(lib_a-vfiprintf.o)
                0x000000000002ff7c                __sprint_r
                0x000000000002ff90                _vfiprintf_r
                0x0000000000030b80                vfiprintf
 *fill*         0x0000000000030c04        0x4 
 .text          0x0000000000030c08     0x1580 /usr/lib/gcc/arm-none-eabi/9.2.1/../../../arm-none-eabi/lib/thumb/v7e-m+fp/hard/libc.a(lib_a-vfprintf.o)
                0x0000000000030c08                _vfprintf_r
                0x0000000000032104                vfprintf
 .text          0x0000000000032188       0xd0 /usr/lib/gcc/arm-none-eabi/9.2.1/../../../arm-none-eabi/lib/thumb/v7e-m+fp/hard/libc.a(lib_a-wsetup.o)
                0x0000000000032188                __swsetup_r
 .text          0x0000000000032258       0x68 /usr/lib/gcc/arm-none-eabi/9.2.1/../../../arm-none-eabi/lib/thumb/v7e-m+fp/hard/libc.a(lib_a-__atexit.o)
                0x0000000000032258                __register_exitproc
 .text          0x00000000000322c0       0x9c /usr/lib/gcc/arm-none-eabi/9.2.1/../../../arm-none-eabi/lib/thumb/v7e-m+fp/hard/libc.a(lib_a-__call_atexit.o)
                0x00000000000322c0                __call_exitprocs
 .text.startup  0x000000000003235c       0x14 /usr/lib/gcc/arm-none-eabi/9.2.1/../../../arm-none-eabi/lib/thumb/v7e-m+fp/hard/libc.a(lib_a-__call_atexit.o)
 .text          0x0000000000032370       0x10 /usr/lib/gcc/arm-none-eabi/9.2.1/../../../arm-none-eabi/lib/thumb/v7e-m+fp/hard/libc.a(lib_a-abort.o)
                0x0000000000032370                abort
 .text          0x0000000000032380       0x10 /usr/lib/gcc/arm-none-eabi/9.2.1/../../../arm-none-eabi/lib/thumb/v7e-m+fp/hard/libc.a(lib_a-asctime.o)
                0x0000000000032380                asctime
 .text          0x0000000000032390       0x48 /usr/lib/gcc/arm-none-eabi/9.2.1/../../../arm-none-eabi/lib/thumb/v7e-m+fp/hard/libc.a(lib_a-asctime_r.o)
                0x0000000000032390                asctime_r
 .text          0x00000000000323d8      0xfc0 /usr/lib/gcc/arm-none-eabi/9.2.1/../../../arm-none-eabi/lib/thumb/v7e-m+fp/hard/libc.a(lib_a-dtoa.o)
                0x00000000000324fc                _dtoa_r
 .text          0x0000000000033398        0xc /usr/lib/gcc/arm-none-eabi/9.2.1/../../../arm-none-eabi/lib/thumb/v7e-m+fp/hard/libc.a(lib_a-errno.o)
                0x0000000000033398                __errno
 .text          0x00000000000333a4      0x1a4 /usr/lib/gcc/arm-none-eabi/9.2.1/../../../arm-none-eabi/lib/thumb/v7e-m+fp/hard/libc.a(lib_a-fflush.o)
                0x00000000000333a4                __sflush_r
                0x00000000000334f0                _fflush_r
                0x0000000000033524                fflush
 .text          0x0000000000033548      0x1f4 /usr/lib/gcc/arm-none-eabi/9.2.1/../../../arm-none-eabi/lib/thumb/v7e-m+fp/hard/libc.a(lib_a-findfp.o)
                0x000000000003354c                _cleanup_r
                0x0000000000033630                __sfmoreglue
                0x0000000000033660                __sfp
                0x00000000000336e8                _cleanup
                0x00000000000336fc                __sinit
                0x0000000000033704                __sfp_lock_acquire
                0x0000000000033708                __sfp_lock_release
                0x000000000003370c                __sinit_lock_acquire
                0x0000000000033710                __sinit_lock_release
                0x0000000000033714                __fp_lock_all
                0x0000000000033728                __fp_unlock_all
 .text          0x000000000003373c      0x110 /usr/lib/gcc/arm-none-eabi/9.2.1/../../../arm-none-eabi/lib/thumb/v7e-m+fp/hard/libc.a(lib_a-fputwc.o)
                0x000000000003373c                __fputwc
                0x00000000000337e4                _fputwc_r
                0x000000000003380c                fputwc
 .text          0x000000000003384c      0x294 /usr/lib/gcc/arm-none-eabi/9.2.1/../../../arm-none-eabi/lib/thumb/v7e-m+fp/hard/libc.a(lib_a-freer.o)
                0x000000000003384c                _malloc_trim_r
                0x00000000000338ec                _free_r
 .text          0x0000000000033ae0      0x308 /usr/lib/gcc/arm-none-eabi/9.2.1/../../../arm-none-eabi/lib/thumb/v7e-m+fp/hard/libc.a(lib_a-fvwrite.o)
                0x0000000000033ae0                __sfvwrite_r
 .text          0x0000000000033de8       0xa0 /usr/lib/gcc/arm-none-eabi/9.2.1/../../../arm-none-eabi/lib/thumb/v7e-m+fp/hard/libc.a(lib_a-fwalk.o)
                0x0000000000033de8                _fwalk
                0x0000000000033e34                _fwalk_reent
 .text          0x0000000000033e88       0x8c /usr/lib/gcc/arm-none-eabi/9.2.1/../../../arm-none-eabi/lib/thumb/v7e-m+fp/hard/libc.a(lib_a-getenv_r.o)
                0x0000000000033e88                _findenv_r
                0x0000000000033f04                _getenv_r
 .text          0x0000000000033f14        0x8 /usr/lib/gcc/arm-none-eabi/9.2.1/../../../arm-none-eabi/lib/thumb/v7e-m+fp/hard/libc.a(lib_a-gettzinfo.o)
                0x0000000000033f14                __gettzinfo
 .text          0x0000000000033f1c      0x1cc /usr/lib/gcc/arm-none-eabi/9.2.1/../../../arm-none-eabi/lib/thumb/v7e-m+fp/hard/libc.a(lib_a-gmtime_r.o)
                0x0000000000033f1c                gmtime_r
 .text          0x00000000000340e8       0x5c /usr/lib/gcc/arm-none-eabi/9.2.1/../../../arm-none-eabi/lib/thumb/v7e-m+fp/hard/libc.a(lib_a-locale.o)
                0x00000000000340e8                _setlocale_r
                0x0000000000034128                __locale_mb_cur_max
                0x0000000000034134                setlocale
 .text          0x0000000000034144       0x14 /usr/lib/gcc/arm-none-eabi/9.2.1/../../../arm-none-eabi/lib/thumb/v7e-m+fp/hard/libc.a(lib_a-localeconv.o)
                0x0000000000034144                __localeconv_l
                0x0000000000034148                _localeconv_r
                0x0000000000034150                localeconv
 .text          0x0000000000034158       0xf0 /usr/lib/gcc/arm-none-eabi/9.2.1/../../../arm-none-eabi/lib/thumb/v7e-m+fp/hard/libc.a(lib_a-makebuf.o)
                0x0000000000034158                __swhatbuf_r
                0x00000000000341b4                __smakebuf_r
 .text          0x0000000000034248       0x40 /usr/lib/gcc/arm-none-eabi/9.2.1/../../../arm-none-eabi/lib/thumb/v7e-m+fp/hard/libc.a(lib_a-mbtowc_r.o)
                0x0000000000034248                _mbtowc_r
                0x000000000003425c                __ascii_mbtowc
 *fill*         0x0000000000034288        0x8 
 .text          0x0000000000034290       0xa0 /usr/lib/gcc/arm-none-eabi/9.2.1/../../../arm-none-eabi/lib/thumb/v7e-m+fp/hard/libc.a(lib_a-memchr.o)
                0x0000000000034290                memchr
 .text          0x0000000000034330       0xd0 /usr/lib/gcc/arm-none-eabi/9.2.1/../../../arm-none-eabi/lib/thumb/v7e-m+fp/hard/libc.a(lib_a-memmove.o)
                0x0000000000034330                memmove
 .text          0x0000000000034400      0x9a8 /usr/lib/gcc/arm-none-eabi/9.2.1/../../../arm-none-eabi/lib/thumb/v7e-m+fp/hard/libc.a(lib_a-mprec.o)
                0x0000000000034400                _Balloc
                0x000000000003444c                _Bfree
                0x0000000000034460                __multadd
                0x0000000000034504                __s2b
                0x00000000000345b0                __hi0bits
                0x00000000000345f0                __lo0bits
                0x0000000000034650                __i2b
                0x000000000003467c                __multiply
                0x00000000000347c8                __pow5mult
                0x0000000000034860                __lshift
                0x000000000003492c                __mcmp
                0x0000000000034964                __mdiff
                0x0000000000034a8c                __ulp
                0x0000000000034adc                __b2d
                0x0000000000034b94                __d2b
                0x0000000000034c68                __ratio
                0x0000000000034cc8                _mprec_log10
                0x0000000000034d08                __copybits
                0x0000000000034d50                __any_on
 .text          0x0000000000034da8       0x80 /usr/lib/gcc/arm-none-eabi/9.2.1/../../../arm-none-eabi/lib/thumb/v7e-m+fp/hard/libc.a(lib_a-siprintf.o)
                0x0000000000034da8                _siprintf_r
                0x0000000000034de4                siprintf
 .text          0x0000000000034e28       0xac /usr/lib/gcc/arm-none-eabi/9.2.1/../../../arm-none-eabi/lib/thumb/v7e-m+fp/hard/libc.a(lib_a-siscanf.o)
                0x0000000000034e28                siscanf
                0x0000000000034e80                _siscanf_r
 .text          0x0000000000034ed4       0x90 /usr/lib/gcc/arm-none-eabi/9.2.1/../../../arm-none-eabi/lib/thumb/v7e-m+fp/hard/libc.a(lib_a-stdio.o)
                0x0000000000034ed4                __sread
                0x0000000000034ef8                __seofread
                0x0000000000034efc                __swrite
                0x0000000000034f3c                __sseek
                0x0000000000034f5c                __sclose
 .text          0x0000000000034f64      0x174 /usr/lib/gcc/arm-none-eabi/9.2.1/../../../arm-none-eabi/lib/thumb/v7e-m+fp/hard/libc.a(lib_a-strtoul.o)
                0x00000000000350a4                _strtoul_r
                0x00000000000350a8                strtoul_l
                0x00000000000350c0                strtoul
 .text          0x00000000000350d8      0xb64 /usr/lib/gcc/arm-none-eabi/9.2.1/../../../arm-none-eabi/lib/thumb/v7e-m+fp/hard/libc.a(lib_a-svfiprintf.o)
                0x00000000000350d8                __ssprint_r
                0x00000000000351d0                _svfiprintf_r
 .text          0x0000000000035c3c      0xbf0 /usr/lib/gcc/arm-none-eabi/9.2.1/../../../arm-none-eabi/lib/thumb/v7e-m+fp/hard/libc.a(lib_a-svfiscanf.o)
                0x0000000000035c3c                _sungetc_r
                0x0000000000035cb8                __ssrefill_r
                0x0000000000035cf4                _sfread_r
                0x0000000000035d78                __ssvfiscanf_r
 .text          0x000000000003682c      0x160 /usr/lib/gcc/arm-none-eabi/9.2.1/../../../arm-none-eabi/lib/thumb/v7e-m+fp/hard/libc.a(lib_a-ungetc.o)
                0x000000000003682c                __submore
                0x00000000000368a4                _ungetc_r
                0x000000000003697c                ungetc
 .text          0x000000000003698c       0xc0 /usr/lib/gcc/arm-none-eabi/9.2.1/../../../arm-none-eabi/lib/thumb/v7e-m+fp/hard/libc.a(lib_a-wbuf.o)
                0x000000000003698c                __swbuf_r
                0x0000000000036a3c                __swbuf
 .text          0x0000000000036a4c       0x7c /usr/lib/gcc/arm-none-eabi/9.2.1/../../../arm-none-eabi/lib/thumb/v7e-m+fp/hard/libc.a(lib_a-wcrtomb.o)
                0x0000000000036a4c                _wcrtomb_r
                0x0000000000036a80                wcrtomb
 .text          0x0000000000036ac8       0x30 /usr/lib/gcc/arm-none-eabi/9.2.1/../../../arm-none-eabi/lib/thumb/v7e-m+fp/hard/libc.a(lib_a-wctomb_r.o)
                0x0000000000036ac8                _wctomb_r
                0x0000000000036adc                __ascii_wctomb
 .text          0x0000000000036af8       0x24 /usr/lib/gcc/arm-none-eabi/9.2.1/../../../arm-none-eabi/lib/thumb/v7e-m+fp/hard/libc.a(lib_a-closer.o)
                0x0000000000036af8                _close_r
 .text          0x0000000000036b1c        0x8 /usr/lib/gcc/arm-none-eabi/9.2.1/../../../arm-none-eabi/lib/thumb/v7e-m+fp/hard/libc.a(lib_a-envlock.o)
                0x0000000000036b1c                __env_lock
                0x0000000000036b20                __env_unlock
 .text          0x0000000000036b24       0x98 /usr/lib/gcc/arm-none-eabi/9.2.1/../../../arm-none-eabi/lib/thumb/v7e-m+fp/hard/libc.a(lib_a-fclose.o)
                0x0000000000036b24                _fclose_r
                0x0000000000036bac                fclose
 .text          0x0000000000036bbc       0x28 /usr/lib/gcc/arm-none-eabi/9.2.1/../../../arm-none-eabi/lib/thumb/v7e-m+fp/hard/libc.a(lib_a-fstatr.o)
                0x0000000000036bbc                _fstat_r
 .text          0x0000000000036be4       0x24 /usr/lib/gcc/arm-none-eabi/9.2.1/../../../arm-none-eabi/lib/thumb/v7e-m+fp/hard/libc.a(lib_a-isattyr.o)
                0x0000000000036be4                _isatty_r
 .text          0x0000000000036c08        0x8 /usr/lib/gcc/arm-none-eabi/9.2.1/../../../arm-none-eabi/lib/thumb/v7e-m+fp/hard/libc.a(lib_a-iswspace.o)
                0x0000000000036c08                iswspace
 .text          0x0000000000036c10       0x14 /usr/lib/gcc/arm-none-eabi/9.2.1/../../../arm-none-eabi/lib/thumb/v7e-m+fp/hard/libc.a(lib_a-iswspace_l.o)
                0x0000000000036c10                iswspace_l
 .text          0x0000000000036c24       0x2c /usr/lib/gcc/arm-none-eabi/9.2.1/../../../arm-none-eabi/lib/thumb/v7e-m+fp/hard/libc.a(lib_a-lseekr.o)
                0x0000000000036c24                _lseek_r
 .text          0x0000000000036c50       0x8c /usr/lib/gcc/arm-none-eabi/9.2.1/../../../arm-none-eabi/lib/thumb/v7e-m+fp/hard/libc.a(lib_a-mbrtowc.o)
                0x0000000000036c50                _mbrtowc_r
                0x0000000000036c90                mbrtowc
 .text          0x0000000000036cdc       0x2c /usr/lib/gcc/arm-none-eabi/9.2.1/../../../arm-none-eabi/lib/thumb/v7e-m+fp/hard/libc.a(lib_a-readr.o)
                0x0000000000036cdc                _read_r
 .text          0x0000000000036d08       0x70 /usr/lib/gcc/arm-none-eabi/9.2.1/../../../arm-none-eabi/lib/thumb/v7e-m+fp/hard/libc.a(lib_a-sccl.o)
                0x0000000000036d08                __sccl
 .text          0x0000000000036d78      0x1f8 /usr/lib/gcc/arm-none-eabi/9.2.1/../../../arm-none-eabi/lib/thumb/v7e-m+fp/hard/libc.a(lib_a-strtoull.o)
                0x0000000000036f3c                _strtoull_r
                0x0000000000036f40                strtoull_l
                0x0000000000036f58                strtoull
 .text          0x0000000000036f70       0x10 /usr/lib/gcc/arm-none-eabi/9.2.1/../../../arm-none-eabi/lib/thumb/v7e-m+fp/hard/libnosys.a(close.o)
                0x0000000000036f70                _close
 .text          0x0000000000036f80       0x10 /usr/lib/gcc/arm-none-eabi/9.2.1/../../../arm-none-eabi/lib/thumb/v7e-m+fp/hard/libnosys.a(fstat.o)
                0x0000000000036f80                _fstat
 .text          0x0000000000036f90       0x10 /usr/lib/gcc/arm-none-eabi/9.2.1/../../../arm-none-eabi/lib/thumb/v7e-m+fp/hard/libnosys.a(getpid.o)
                0x0000000000036f90                _getpid
 .text          0x0000000000036fa0       0x10 /usr/lib/gcc/arm-none-eabi/9.2.1/../../../arm-none-eabi/lib/thumb/v7e-m+fp/hard/libnosys.a(isatty.o)
                0x0000000000036fa0                _isatty
 .text          0x0000000000036fb0       0x10 /usr/lib/gcc/arm-none-eabi/9.2.1/../../../arm-none-eabi/lib/thumb/v7e-m+fp/hard/libnosys.a(kill.o)
                0x0000000000036fb0                _kill
 .text          0x0000000000036fc0       0x10 /usr/lib/gcc/arm-none-eabi/9.2.1/../../../arm-none-eabi/lib/thumb/v7e-m+fp/hard/libnosys.a(lseek.o)
                0x0000000000036fc0                _lseek
 .text          0x0000000000036fd0       0x10 /usr/lib/gcc/arm-none-eabi/9.2.1/../../../arm-none-eabi/lib/thumb/v7e-m+fp/hard/libnosys.a(read.o)
                0x0000000000036fd0                _read
 .text          0x0000000000036fe0       0x1c /usr/lib/gcc/arm-none-eabi/9.2.1/../../../arm-none-eabi/lib/thumb/v7e-m+fp/hard/libnosys.a(sbrk.o)
                0x0000000000036fe0                _sbrk
 .text          0x0000000000036ffc        0x4 /usr/lib/gcc/arm-none-eabi/9.2.1/../../../arm-none-eabi/lib/thumb/v7e-m+fp/hard/libnosys.a(_exit.o)
                0x0000000000036ffc                _exit
 .text          0x0000000000037000       0xa0 /usr/lib/gcc/arm-none-eabi/9.2.1/../../../arm-none-eabi/lib/thumb/v7e-m+fp/hard/libm.a(lib_a-s_round.o)
                0x0000000000037000                round
 .text          0x00000000000370a0      0x378 /usr/lib/gcc/arm-none-eabi/9.2.1/thumb/v7e-m+fp/hard/libgcc.a(_arm_addsubdf3.o)
                0x00000000000370a0                __aeabi_drsub
                0x00000000000370a8                __aeabi_dsub
                0x00000000000370a8                __subdf3
                0x00000000000370ac                __adddf3
                0x00000000000370ac                __aeabi_dadd
                0x0000000000037324                __aeabi_ui2d
                0x0000000000037324                __floatunsidf
                0x0000000000037344                __floatsidf
                0x0000000000037344                __aeabi_i2d
                0x0000000000037368                __extendsfdf2
                0x0000000000037368                __aeabi_f2d
                0x00000000000373ac                __aeabi_ul2d
                0x00000000000373ac                __floatundidf
                0x00000000000373bc                __floatdidf
                0x00000000000373bc                __aeabi_l2d
 .text          0x0000000000037418      0x424 /usr/lib/gcc/arm-none-eabi/9.2.1/thumb/v7e-m+fp/hard/libgcc.a(_arm_muldivdf3.o)
                0x0000000000037418                __aeabi_dmul
                0x0000000000037418                __muldf3
                0x000000000003766c                __aeabi_ddiv
                0x000000000003766c                __divdf3
 .text          0x000000000003783c      0x110 /usr/lib/gcc/arm-none-eabi/9.2.1/thumb/v7e-m+fp/hard/libgcc.a(_arm_cmpdf2.o)
                0x000000000003783c                __gtdf2
                0x000000000003783c                __gedf2
                0x0000000000037844                __ltdf2
                0x0000000000037844                __ledf2
                0x000000000003784c                __cmpdf2
                0x000000000003784c                __eqdf2
                0x000000000003784c                __nedf2
                0x00000000000378c8                __aeabi_cdrcmple
                0x00000000000378d8                __aeabi_cdcmple
                0x00000000000378d8                __aeabi_cdcmpeq
                0x00000000000378e8                __aeabi_dcmpeq
                0x00000000000378fc                __aeabi_dcmplt
                0x0000000000037910                __aeabi_dcmple
                0x0000000000037924                __aeabi_dcmpge
                0x0000000000037938                __aeabi_dcmpgt
 .text          0x000000000003794c       0x2c /usr/lib/gcc/arm-none-eabi/9.2.1/thumb/v7e-m+fp/hard/libgcc.a(_arm_unorddf2.o)
                0x000000000003794c                __aeabi_dcmpun
                0x000000000003794c                __unorddf2
 .text          0x0000000000037978       0x50 /usr/lib/gcc/arm-none-eabi/9.2.1/thumb/v7e-m+fp/hard/libgcc.a(_arm_fixdfsi.o)
                0x0000000000037978                __fixdfsi
                0x0000000000037978                __aeabi_d2iz
 .text          0x00000000000379c8       0xa0 /usr/lib/gcc/arm-none-eabi/9.2.1/thumb/v7e-m+fp/hard/libgcc.a(_aeabi_ldivmod.o)
                0x00000000000379c8                __aeabi_ldivmod
 .text          0x0000000000037a68       0x30 /usr/lib/gcc/arm-none-eabi/9.2.1/thumb/v7e-m+fp/hard/libgcc.a(_aeabi_uldivmod.o)
                0x0000000000037a68                __aeabi_uldivmod
 .text          0x0000000000037a98      0x2c4 /usr/lib/gcc/arm-none-eabi/9.2.1/thumb/v7e-m+fp/hard/libgcc.a(_udivmoddi4.o)
                0x0000000000037a98                __udivmoddi4
 .text          0x0000000000037d5c        0x4 /usr/lib/gcc/arm-none-eabi/9.2.1/thumb/v7e-m+fp/hard/libgcc.a(_dvmd_tls.o)
                0x0000000000037d5c                __aeabi_ldiv0
                0x0000000000037d5c                __aeabi_idiv0
 *(.init)
 .init          0x0000000000037d60        0x4 /usr/lib/gcc/arm-none-eabi/9.2.1/thumb/v7e-m+fp/hard/crti.o
                0x0000000000037d60                _init
 .init          0x0000000000037d64        0x8 /usr/lib/gcc/arm-none-eabi/9.2.1/thumb/v7e-m+fp/hard/crtn.o
 *(.fini)
 .fini          0x0000000000037d6c        0x4 /usr/lib/gcc/arm-none-eabi/9.2.1/thumb/v7e-m+fp/hard/crti.o
                0x0000000000037d6c                _fini
 .fini          0x0000000000037d70        0x8 /usr/lib/gcc/arm-none-eabi/9.2.1/thumb/v7e-m+fp/hard/crtn.o
 *crtbegin.o(.ctors)
 *crtbegin?.o(.ctors)
 *(EXCLUDE_FILE(*crtend.o *crtend?.o) .ctors)
 *(SORT_BY_NAME(.ctors.*))
 *(.ctors)
 *crtbegin.o(.dtors)
 *crtbegin?.o(.dtors)
 *(EXCLUDE_FILE(*crtend.o *crtend?.o) .dtors)
 *(SORT_BY_NAME(.dtors.*))
 *(.dtors)
 *(.rodata*)
 .rodata.lf_initialize_clock.str1.1
                0x0000000000037d78       0x23 _build/lf_nrf52_support.o
 .rodata.lf_sleep_until.str1.1
                0x0000000000037d9b       0x16 _build/lf_nrf52_support.o
 *fill*         0x0000000000037db1        0x3 
 .rodata        0x0000000000037db4        0x8 _build/lf_nrf52_support.o
 .rodata.__func__.10063
                0x0000000000037dbc        0xf _build/lf_nrf52_support.o
 *fill*         0x0000000000037dcb        0x1 
 .rodata.g_lf_timer_inst
                0x0000000000037dcc        0x8 _build/lf_nrf52_support.o
 .rodata.romi_init.str1.1
                0x0000000000037dd4        0xd _build/romi.o
 .rodata.displayreaction_function_1.str1.1
                0x0000000000037de1       0x45 _build/RobotTemplate.o
                                         0x48 (size before relaxing)
 .rodata.vector_resize.str1.1
                0x0000000000037e26       0x2f _build/RobotTemplate.o
 .rodata.displayreaction_function_0.str1.1
                0x0000000000037e55        0xc _build/RobotTemplate.o
 .rodata.lf_comma_separated_time.str1.1
                0x0000000000037e61        0xf _build/RobotTemplate.o
                                         0x11 (size before relaxing)
 .rodata._lf_message_print.str1.1
                0x0000000000037e70       0x13 _build/RobotTemplate.o
                                         0x19 (size before relaxing)
 .rodata.lf_vprint_error.str1.1
                0x0000000000037e83       0x13 _build/RobotTemplate.o
                                          0x8 (size before relaxing)
 .rodata._lf_physical_time.str1.1
                0x0000000000037e83       0x23 _build/RobotTemplate.o
 .rodata.lf_vprint_warning.str1.1
                0x0000000000037ea6        0xa _build/RobotTemplate.o
 .rodata.lf_vprint_error_and_exit.str1.1
                0x0000000000037eb0        0xe _build/RobotTemplate.o
 .rodata.find_equal_same_priority.str1.1
                0x0000000000037ebe       0x3d _build/RobotTemplate.o
 .rodata._lf_allocate.str1.1
                0x0000000000037efb        0xf _build/RobotTemplate.o
 .rodata._lf_done_using.str1.1
                0x0000000000037f0a       0x32 _build/RobotTemplate.o
 .rodata._lf_initialize_token_with_value.str1.1
                0x0000000000037f3c       0x24 _build/RobotTemplate.o
 .rodata.termination.str1.1
                0x0000000000037f60      0x175 _build/RobotTemplate.o
 .rodata._lf_schedule_at_tag.str1.1
                0x00000000000380d5       0xbb _build/RobotTemplate.o
 .rodata._lf_schedule.str1.1
                0x0000000000038190       0xd7 _build/RobotTemplate.o
 .rodata._lf_process_mode_changes.str1.1
                0x0000000000038267       0x5a _build/RobotTemplate.o
 .rodata._lf_advance_logical_time.str1.1
                0x00000000000382c1       0xad _build/RobotTemplate.o
 .rodata.usage.str1.1
                0x000000000003836e      0x243 _build/RobotTemplate.o
                                        0x246 (size before relaxing)
 .rodata.process_args.str1.1
                0x00000000000385b1      0x1a3 _build/RobotTemplate.o
                                        0x1b0 (size before relaxing)
 .rodata.robotreaction_function_0.str1.1
                0x0000000000038754       0x4c _build/RobotTemplate.o
 .rodata.robotreaction_function_1.str1.1
                0x00000000000387a0        0x8 _build/RobotTemplate.o
 .rodata.robotreaction_function_2.str1.1
                0x00000000000387a8        0x8 _build/RobotTemplate.o
 .rodata.new_Robot.str1.1
                0x00000000000387b0        0x2 _build/RobotTemplate.o
 .rodata.initialize.str1.1
                0x00000000000387b2       0x3b _build/RobotTemplate.o
 .rodata._lf_pop_events.str1.1
                0x00000000000387ed       0x62 _build/RobotTemplate.o
 .rodata.lf_reactor_c_main.str1.1
                0x000000000003884f       0x29 _build/RobotTemplate.o
 .rodata        0x0000000000038878       0x20 _build/RobotTemplate.o
 .rodata.__func__.10382
                0x0000000000038898        0xe _build/RobotTemplate.o
 .rodata.__func__.10795
                0x00000000000388a6       0x20 _build/RobotTemplate.o
 .rodata.display_init.str1.1
                0x00000000000388c6       0x7b _build/display.o
 *fill*         0x0000000000038941        0xf 
 .rodata.delay_machine_code.8924
                0x0000000000038950        0x6 _build/display.o
 .rodata.app_error_fault_handler.str1.1
                0x0000000000038956       0xb7 _build/better_error_handling.o
 *fill*         0x0000000000038a0d        0x3 
 .rodata.delay_machine_code.8733
                0x0000000000038a10        0x6 _build/better_error_handling.o
 .rodata._DoInit.str1.1
                0x0000000000038a16       0x14 _build/SEGGER_RTT.o
 *fill*         0x0000000000038a2a        0x6 
 .rodata.delay_machine_code.9377
                0x0000000000038a30        0x6 _build/app_timer.o
 .rodata.app_util_critical_region_enter.str1.1
                0x0000000000038a36       0x94 _build/app_util_platform.o
 .rodata.HardFault_c_handler.str1.1
                0x0000000000038aca      0x12e _build/hardfault_implementation.o
 .rodata.str1.1
                0x0000000000038bf8      0x4c0 _build/hardfault_implementation.o
 .rodata.cfsr_msgs.9572
                0x00000000000390b8       0x68 _build/hardfault_implementation.o
 .rodata.nrf_balloc_init.str1.1
                0x0000000000039120       0x8f _build/nrf_balloc.o
 .rodata.nrf_drv_clock_uninit.str1.1
                0x00000000000391af       0x8e _build/nrf_drv_clock.o
 .rodata.str1.1
                0x000000000003923d        0x6 _build/nrf_drv_clock.o
 *fill*         0x0000000000039243        0x1 
 .rodata        0x0000000000039244       0x10 _build/nrf_drv_spi.o
 .rodata.str1.1
                0x0000000000039254        0xd _build/nrf_fstorage.o
 .rodata.buf_prealloc.str1.1
                0x0000000000039261       0x96 _build/nrf_log_frontend.o
 .rodata.nrf_log_frontend_dequeue.str1.1
                0x00000000000392f7       0x11 _build/nrf_log_frontend.o
 .rodata.str1.1
                0x0000000000039308        0x4 _build/nrf_log_frontend.o
 .rodata.memobj_op.str1.1
                0x000000000003930c       0x8f _build/nrf_memobj.o
 .rodata.nrf_pwr_mgmt_run.str1.1
                0x000000000003939b       0x93 _build/nrf_pwr_mgmt.o
 .rodata.str1.1
                0x000000000003942e        0x9 _build/nrf_pwr_mgmt.o
 *fill*         0x0000000000039437        0x1 
 .rodata.pwr_mgmt_data
                0x0000000000039438        0xc _build/nrf_pwr_mgmt.o
 .rodata.nrf_section_iter_init.str1.1
                0x0000000000039444       0xa8 _build/nrf_section_iter.o
 .rodata.str1.1
                0x00000000000394ec      0x3ba _build/nrf_strerror.o
 .rodata.m_unknown_str
                0x00000000000398a6       0x13 _build/nrf_strerror.o
 *fill*         0x00000000000398b9        0x3 
 .rodata.nrf_strerror_array
                0x00000000000398bc      0x128 _build/nrf_strerror.o
 .rodata.nrfx_clock_init.str1.1
                0x00000000000399e4       0x8c _build/nrfx_clock.o
 .rodata.str1.1
                0x0000000000039a70        0x6 _build/nrfx_clock.o
 .rodata.nrf_gpio_pin_port_decode.isra.0.part.0.str1.1
                0x0000000000039a76       0x82 _build/nrfx_gpiote.o
 .rodata.nrfx_gpiote_out_init.str1.1
                0x0000000000039af8       0x8d _build/nrfx_gpiote.o
 .rodata.str1.1
                0x0000000000039b85        0x7 _build/nrfx_gpiote.o
 .rodata.str1.1
                0x0000000000039b8c        0x4 _build/nrfx_ppi.o
 .rodata.UARTE0_UART0_IRQHandler.str1.1
                0x0000000000039b90       0x8e _build/nrfx_prs.o
 .rodata.str1.1
                0x0000000000039c1e        0x4 _build/nrfx_prs.o
 .rodata.str1.1
                0x0000000000039c22        0x4 _build/nrfx_pwm.o
 .rodata.str1.1
                0x0000000000039c26        0x6 _build/nrfx_saadc.o
 .rodata.nrf_gpio_pin_port_decode.isra.0.part.0.str1.1
                0x0000000000039c2c       0x82 _build/nrfx_spim.o
 .rodata.SPIM1_SPIS1_TWIM1_TWIS1_SPI1_TWI1_IRQHandler.str1.1
                0x0000000000039c2c       0x8b _build/nrfx_spim.o
 .rodata.nrfx_spim_init.str1.1
                0x0000000000039cb7       0x83 _build/nrfx_spim.o
 .rodata.str1.1
                0x0000000000039d3a        0x5 _build/nrfx_spim.o
 .rodata.nrfx_timer_init.str1.1
                0x0000000000039d3f       0x8c _build/nrfx_timer.o
                                        0x10f (size before relaxing)
 .rodata.str1.1
                0x0000000000039dcb        0x6 _build/nrfx_timer.o
 .rodata.SPIM0_SPIS0_TWIM0_TWIS0_SPI0_TWI0_IRQHandler.str1.1
                0x0000000000039dd1       0x8b _build/nrfx_twim.o
 .rodata.str1.1
                0x0000000000039e5c        0x5 _build/nrfx_twim.o
 .rodata.nrf_gpio_pin_port_decode.isra.0.part.0.str1.1
                0x0000000000039e61       0x82 _build/nrfx_uart.o
 .rodata.nrfx_uart_init.str1.1
                0x0000000000039e61       0x8b _build/nrfx_uart.o
                                        0x10e (size before relaxing)
 .rodata.str1.1
                0x0000000000039eec        0x5 _build/nrfx_uart.o
 .rodata.str1.1
                0x0000000000039ef1        0x6 _build/nrfx_uarte.o
 .rodata.data_length_update.str1.1
                0x0000000000039ef7       0xdf _build/nrf_ble_gatt.o
 .rodata.nrf_ble_gatt_on_ble_evt.str1.1
                0x0000000000039fd6       0x60 _build/nrf_ble_gatt.o
 .rodata.str1.1
                0x000000000003a036        0xd _build/nrf_ble_gatt.o
 .rodata.str1.1
                0x000000000003a043        0x8 _build/nrf_sdh.o
 *fill*         0x000000000003a04b        0x1 
 .rodata.sdh_stack_observers
                0x000000000003a04c        0xc _build/nrf_sdh.o
 .rodata.nrf_sdh_ble_evts_poll.part.0.str1.1
                0x000000000003a058       0x91 _build/nrf_sdh_ble.o
 .rodata.str1.1
                0x000000000003a0e9        0xc _build/nrf_sdh_ble.o
 *fill*         0x000000000003a0f5        0x3 
 .rodata.sdh_ble_observers
                0x000000000003a0f8        0xc _build/nrf_sdh_ble.o
 .rodata.on_ble_evt.str1.1
                0x000000000003a104       0x90 _build/simple_ble.o
 .rodata.assert_nrf_callback.str1.1
                0x000000000003a194       0x25 _build/simple_ble.o
 *fill*         0x000000000003a1b9        0x3 
 .rodata.str1.4
                0x000000000003a1bc       0x3f /usr/lib/gcc/arm-none-eabi/9.2.1/../../../arm-none-eabi/lib/thumb/v7e-m+fp/hard/libc.a(lib_a-assert.o)
                                         0x43 (size before relaxing)
 *fill*         0x000000000003a1fb        0x1 
 .rodata        0x000000000003a1fc      0x101 /usr/lib/gcc/arm-none-eabi/9.2.1/../../../arm-none-eabi/lib/thumb/v7e-m+fp/hard/libc.a(lib_a-ctype_.o)
                0x000000000003a1fc                _ctype_
 *fill*         0x000000000003a2fd        0x3 
 .rodata        0x000000000003a300        0x4 /usr/lib/gcc/arm-none-eabi/9.2.1/../../../arm-none-eabi/lib/thumb/v7e-m+fp/hard/libc.a(lib_a-impure.o)
                0x000000000003a300                _global_impure_ptr
 .rodata        0x000000000003a304       0x60 /usr/lib/gcc/arm-none-eabi/9.2.1/../../../arm-none-eabi/lib/thumb/v7e-m+fp/hard/libc.a(lib_a-month_lengths.o)
                0x000000000003a304                __month_lengths
 .rodata        0x000000000003a364       0x20 /usr/lib/gcc/arm-none-eabi/9.2.1/../../../arm-none-eabi/lib/thumb/v7e-m+fp/hard/libc.a(lib_a-svfprintf.o)
 .rodata.str1.4
                0x000000000003a384       0x42 /usr/lib/gcc/arm-none-eabi/9.2.1/../../../arm-none-eabi/lib/thumb/v7e-m+fp/hard/libc.a(lib_a-svfprintf.o)
 *fill*         0x000000000003a3c6        0x2 
 .rodata.str1.4
                0x000000000003a3c8       0x53 /usr/lib/gcc/arm-none-eabi/9.2.1/../../../arm-none-eabi/lib/thumb/v7e-m+fp/hard/libc.a(lib_a-tzset_r.o)
 .rodata.str1.4
                0x000000000003a41b        0x4 /usr/lib/gcc/arm-none-eabi/9.2.1/../../../arm-none-eabi/lib/thumb/v7e-m+fp/hard/libc.a(lib_a-tzvars.o)
 *fill*         0x000000000003a41b        0x1 
 .rodata        0x000000000003a41c       0x20 /usr/lib/gcc/arm-none-eabi/9.2.1/../../../arm-none-eabi/lib/thumb/v7e-m+fp/hard/libc.a(lib_a-vfiprintf.o)
 .rodata.str1.4
                0x000000000003a43c       0x2f /usr/lib/gcc/arm-none-eabi/9.2.1/../../../arm-none-eabi/lib/thumb/v7e-m+fp/hard/libc.a(lib_a-vfiprintf.o)
 .rodata        0x000000000003a43c       0x20 /usr/lib/gcc/arm-none-eabi/9.2.1/../../../arm-none-eabi/lib/thumb/v7e-m+fp/hard/libc.a(lib_a-vfprintf.o)
 .rodata.str1.4
                0x000000000003a45c       0x42 /usr/lib/gcc/arm-none-eabi/9.2.1/../../../arm-none-eabi/lib/thumb/v7e-m+fp/hard/libc.a(lib_a-vfprintf.o)
 .rodata        0x000000000003a45c       0x39 /usr/lib/gcc/arm-none-eabi/9.2.1/../../../arm-none-eabi/lib/thumb/v7e-m+fp/hard/libc.a(lib_a-asctime_r.o)
 *fill*         0x000000000003a495        0x3 
 .rodata.str1.4
                0x000000000003a498       0x20 /usr/lib/gcc/arm-none-eabi/9.2.1/../../../arm-none-eabi/lib/thumb/v7e-m+fp/hard/libc.a(lib_a-asctime_r.o)
 .rodata.str1.4
                0x000000000003a4b8       0x56 /usr/lib/gcc/arm-none-eabi/9.2.1/../../../arm-none-eabi/lib/thumb/v7e-m+fp/hard/libc.a(lib_a-dtoa.o)
                                         0x5a (size before relaxing)
 *fill*         0x000000000003a50e        0x2 
 .rodata.str1.4
                0x000000000003a510        0xe /usr/lib/gcc/arm-none-eabi/9.2.1/../../../arm-none-eabi/lib/thumb/v7e-m+fp/hard/libc.a(lib_a-locale.o)
                                         0x12 (size before relaxing)
 *fill*         0x000000000003a51e        0x2 
 .rodata        0x000000000003a520      0x128 /usr/lib/gcc/arm-none-eabi/9.2.1/../../../arm-none-eabi/lib/thumb/v7e-m+fp/hard/libc.a(lib_a-mprec.o)
                0x000000000003a530                __mprec_tens
                0x000000000003a5f8                __mprec_tinytens
                0x000000000003a620                __mprec_bigtens
 .rodata.str1.4
                0x000000000003a648       0x33 /usr/lib/gcc/arm-none-eabi/9.2.1/../../../arm-none-eabi/lib/thumb/v7e-m+fp/hard/libc.a(lib_a-mprec.o)
                                         0x47 (size before relaxing)
 *fill*         0x000000000003a67b        0x1 
 .rodata        0x000000000003a67c       0x20 /usr/lib/gcc/arm-none-eabi/9.2.1/../../../arm-none-eabi/lib/thumb/v7e-m+fp/hard/libc.a(lib_a-svfiprintf.o)
 .rodata.str1.4
                0x000000000003a69c       0x2f /usr/lib/gcc/arm-none-eabi/9.2.1/../../../arm-none-eabi/lib/thumb/v7e-m+fp/hard/libc.a(lib_a-svfiprintf.o)
 .rodata        0x000000000003a69c       0x22 /usr/lib/gcc/arm-none-eabi/9.2.1/../../../arm-none-eabi/lib/thumb/v7e-m+fp/hard/libc.a(lib_a-svfiscanf.o)
 .rodata.str1.4
                0x000000000003a6be        0x1 /usr/lib/gcc/arm-none-eabi/9.2.1/../../../arm-none-eabi/lib/thumb/v7e-m+fp/hard/libc.a(lib_a-mbrtowc.o)
 *(.eh_frame*)
 *fill*         0x000000000003a6be        0x2 
 .eh_frame      0x000000000003a6c0        0x0 /usr/lib/gcc/arm-none-eabi/9.2.1/thumb/v7e-m+fp/hard/crtbegin.o
 .eh_frame      0x000000000003a6c0        0x4 /usr/lib/gcc/arm-none-eabi/9.2.1/thumb/v7e-m+fp/hard/crtend.o

.glue_7         0x000000000003a6c4        0x0
 .glue_7        0x000000000003a6c4        0x0 linker stubs

.glue_7t        0x000000000003a6c4        0x0
 .glue_7t       0x000000000003a6c4        0x0 linker stubs

.vfp11_veneer   0x000000000003a6c4        0x0
 .vfp11_veneer  0x000000000003a6c4        0x0 linker stubs

.v4_bx          0x000000000003a6c4        0x0
 .v4_bx         0x000000000003a6c4        0x0 linker stubs

.iplt           0x000000000003a6c4        0x0
 .iplt          0x000000000003a6c4        0x0 /usr/lib/gcc/arm-none-eabi/9.2.1/thumb/v7e-m+fp/hard/crtbegin.o

.mem_section_dummy_rom

.sdh_soc_observers
                0x000000000003a6c4       0x10
                [!provide]                        PROVIDE (__start_sdh_soc_observers = .)
 *(SORT_BY_NAME(.sdh_soc_observers*))
 .sdh_soc_observers0
                0x000000000003a6c4        0x8 _build/nrf_drv_clock.o
 .sdh_soc_observers1
                0x000000000003a6cc        0x8 _build/simple_ble.o
                [!provide]                        PROVIDE (__stop_sdh_soc_observers = .)

.crypto_data    0x000000000003a6d4        0x0
                [!provide]                        PROVIDE (__start_crypto_data = .)
 *(SORT_BY_NAME(.crypto_data*))
                [!provide]                        PROVIDE (__stop_crypto_data = .)

.log_const_data
                0x000000000003a6d4       0x98
                0x000000000003a6d4                PROVIDE (__start_log_const_data = .)
 *(SORT_BY_NAME(.log_const_data*))
 .log_const_data_CLOCK
                0x000000000003a6d4        0x8 _build/nrfx_clock.o
                0x000000000003a6d4                m_nrf_log_CLOCK_logs_data_const
 .log_const_data_GPIOTE
                0x000000000003a6dc        0x8 _build/nrfx_gpiote.o
                0x000000000003a6dc                m_nrf_log_GPIOTE_logs_data_const
 .log_const_data_PPI
                0x000000000003a6e4        0x8 _build/nrfx_ppi.o
                0x000000000003a6e4                m_nrf_log_PPI_logs_data_const
 .log_const_data_PRS
                0x000000000003a6ec        0x8 _build/nrfx_prs.o
                0x000000000003a6ec                m_nrf_log_PRS_logs_data_const
 .log_const_data_PWM
                0x000000000003a6f4        0x8 _build/nrfx_pwm.o
                0x000000000003a6f4                m_nrf_log_PWM_logs_data_const
 .log_const_data_SAADC
                0x000000000003a6fc        0x8 _build/nrfx_saadc.o
                0x000000000003a6fc                m_nrf_log_SAADC_logs_data_const
 .log_const_data_SPIM
                0x000000000003a704        0x8 _build/nrfx_spim.o
                0x000000000003a704                m_nrf_log_SPIM_logs_data_const
 .log_const_data_TIMER
                0x000000000003a70c        0x8 _build/nrfx_timer.o
                0x000000000003a70c                m_nrf_log_TIMER_logs_data_const
 .log_const_data_TWIM
                0x000000000003a714        0x8 _build/nrfx_twim.o
                0x000000000003a714                m_nrf_log_TWIM_logs_data_const
 .log_const_data_UART
                0x000000000003a71c        0x8 _build/nrfx_uart.o
                0x000000000003a71c                m_nrf_log_UART_logs_data_const
 .log_const_data_UARTE
                0x000000000003a724        0x8 _build/nrfx_uarte.o
                0x000000000003a724                m_nrf_log_UARTE_logs_data_const
 .log_const_data_app
                0x000000000003a72c        0x8 _build/nrf_log_frontend.o
                0x000000000003a72c                m_nrf_log_app_logs_data_const
 .log_const_data_clock
                0x000000000003a734        0x8 _build/nrf_drv_clock.o
                0x000000000003a734                m_nrf_log_clock_logs_data_const
 .log_const_data_hardfault
                0x000000000003a73c        0x8 _build/hardfault_implementation.o
                0x000000000003a73c                m_nrf_log_hardfault_logs_data_const
 .log_const_data_nrf_ble_gatt
                0x000000000003a744        0x8 _build/nrf_ble_gatt.o
                0x000000000003a744                m_nrf_log_nrf_ble_gatt_logs_data_const
 .log_const_data_nrf_fstorage
                0x000000000003a74c        0x8 _build/nrf_fstorage.o
                0x000000000003a74c                m_nrf_log_nrf_fstorage_logs_data_const
 .log_const_data_nrf_sdh
                0x000000000003a754        0x8 _build/nrf_sdh.o
                0x000000000003a754                m_nrf_log_nrf_sdh_logs_data_const
 .log_const_data_nrf_sdh_ble
                0x000000000003a75c        0x8 _build/nrf_sdh_ble.o
                0x000000000003a75c                m_nrf_log_nrf_sdh_ble_logs_data_const
 .log_const_data_pwr_mgmt
                0x000000000003a764        0x8 _build/nrf_pwr_mgmt.o
                0x000000000003a764                m_nrf_log_pwr_mgmt_logs_data_const
                0x000000000003a76c                PROVIDE (__stop_log_const_data = .)

.nrf_balloc     0x000000000003a76c       0x14
                [!provide]                        PROVIDE (__start_nrf_balloc = .)
 *(.nrf_balloc)
 .nrf_balloc    0x000000000003a76c       0x14 _build/nrf_log_frontend.o
                0x000000000003a76c                log_mempool
                [!provide]                        PROVIDE (__stop_nrf_balloc = .)

.nrf_queue      0x000000000003a780       0x28
                [!provide]                        PROVIDE (__start_nrf_queue = .)
 *(.nrf_queue)
 .nrf_queue     0x000000000003a780       0x28 _build/kobukiUtilities.o
                0x000000000003a780                serial_queues_txq
                0x000000000003a794                serial_queues_rxq
                [!provide]                        PROVIDE (__stop_nrf_queue = .)

.sdh_state_observers
                0x000000000003a7a8        0x8
                0x000000000003a7a8                PROVIDE (__start_sdh_state_observers = .)
 *(SORT_BY_NAME(.sdh_state_observers*))
 .sdh_state_observers0
                0x000000000003a7a8        0x8 _build/nrf_drv_clock.o
                0x000000000003a7b0                PROVIDE (__stop_sdh_state_observers = .)

.sdh_stack_observers
                0x000000000003a7b0        0x8
                0x000000000003a7b0                PROVIDE (__start_sdh_stack_observers = .)
 *(SORT_BY_NAME(.sdh_stack_observers*))
 .sdh_stack_observers0
                0x000000000003a7b0        0x8 _build/nrf_sdh_ble.o
                0x000000000003a7b8                PROVIDE (__stop_sdh_stack_observers = .)

.sdh_req_observers
                0x000000000003a7b8        0x0
                0x000000000003a7b8                PROVIDE (__start_sdh_req_observers = .)
 *(SORT_BY_NAME(.sdh_req_observers*))