******************************************************************************
                  TI ARM Linker Unix v20.2.7                   
******************************************************************************
>> Linked Thu Dec  7 17:55:54 2023

OUTPUT FILE NAME:   <Lab12_Motors.out>
ENTRY POINT SYMBOL: "_c_int00_noargs"  address: 00000bb9


MEMORY CONFIGURATION

         name            origin    length      used     unused   attr    fill
----------------------  --------  ---------  --------  --------  ----  --------
  MAIN                  00000000   00040000  00000c36  0003f3ca  R  X
  INFO                  00200000   00004000  00000000  00004000  R  X
  SRAM_CODE             01000000   00010000  0000021c  0000fde4  RW X
  SRAM_DATA             20000000   00010000  0000021c  0000fde4  RW  


SEGMENT ALLOCATION MAP

run origin  load origin   length   init length attrs members
----------  ----------- ---------- ----------- ----- -------
00000000    00000000    00000c38   00000c38    r-x
  00000000    00000000    000000e4   000000e4    r-- .intvecs
  000000e4    000000e4    00000b32   00000b32    r-x .text
  00000c18    00000c18    00000020   00000020    r-- .cinit
20000000    20000000    0000001c   00000000    rw-
  20000000    20000000    0000001c   00000000    rw- .data
2000fe00    2000fe00    00000200   00000000    rw-
  2000fe00    2000fe00    00000200   00000000    rw- .stack


SECTION ALLOCATION MAP

 output                                  attributes/
section   page    origin      length       input sections
--------  ----  ----------  ----------   ----------------
.intvecs   0    00000000    000000e4     
                  00000000    000000e4     startup_msp432p401r_ccs.obj (.intvecs:retain)

.text      0    000000e4    00000b32     
                  000000e4    0000032c     system_msp432p401r.obj (.text)
                  00000410    000001e0     Clock.obj (.text)
                  000005f0    000001c0     MotorSimple.obj (.text)
                  000007b0    0000015c     Lab12_Motorsmain.obj (.text)
                  0000090c    000000f8     LaunchPad.obj (.text)
                  00000a04    0000009c     rtsv7M4_T_le_v4SPD16_eabi.lib : memcpy_t2.asm.obj (.text)
                  00000aa0    0000006c     SysTick.obj (.text)
                  00000b0c    00000068     rtsv7M4_T_le_v4SPD16_eabi.lib : copy_decompress_lzss.c.obj (.text:decompress:lzss:__TI_decompress_lzss)
                  00000b74    00000044                                   : autoinit.c.obj (.text:__TI_auto_init_nobinit_nopinit:__TI_auto_init_nobinit_nopinit)
                  00000bb8    00000034                                   : boot_cortex_m.c.obj (.text:_c_int00_noargs:_c_int00_noargs)
                  00000bec    0000000e                                   : copy_decompress_none.c.obj (.text:decompress:none:__TI_decompress_none)
                  00000bfa    0000000e     startup_msp432p401r_ccs.obj (.text)
                  00000c08    00000006     Bump.obj (.text)
                  00000c0e    00000004     rtsv7M4_T_le_v4SPD16_eabi.lib : pre_init.c.obj (.text:_system_pre_init)
                  00000c12    00000004                                   : exit.c.obj (.text:abort:abort)

.cinit     0    00000c18    00000020     
                  00000c18    0000000d     (.cinit..data.load) [load image, compression = lzss]
                  00000c25    00000003     --HOLE-- [fill = 0]
                  00000c28    00000008     (__TI_handler_table)
                  00000c30    00000008     (__TI_cinit_table)

.init_array 
*          0    00000000    00000000     UNINITIALIZED

.binit     0    00000000    00000000     

.data      0    20000000    0000001c     UNINITIALIZED
                  20000000    00000018     Clock.obj (.data)
                  20000018    00000004     system_msp432p401r.obj (.data)

.stack     0    2000fe00    00000200     UNINITIALIZED
                  2000fe00    00000004     rtsv7M4_T_le_v4SPD16_eabi.lib : boot_cortex_m.c.obj (.stack)
                  2000fe04    000001fc     --HOLE--

__llvm_prf_cnts 
*          0    20000000    00000000     UNINITIALIZED

MODULE SUMMARY

       Module                        code   ro data   rw data
       ------                        ----   -------   -------
    ./
       system_msp432p401r.obj        812    0         8      
       Clock.obj                     480    0         48     
       MotorSimple.obj               448    0         0      
       Lab12_Motorsmain.obj          348    0         0      
       LaunchPad.obj                 248    0         0      
       startup_msp432p401r_ccs.obj   14     228       0      
       SysTick.obj                   108    0         0      
       Bump.obj                      6      0         0      
    +--+-----------------------------+------+---------+---------+
       Total:                        2464   228       56     
                                                             
    /home/antonyzhao/ti/ccs1250/ccs/tools/compiler/ti-cgt-arm_20.2.7.LTS/lib/rtsv7M4_T_le_v4SPD16_eabi.lib
       memcpy_t2.asm.obj             156    0         0      
       copy_decompress_lzss.c.obj    104    0         0      
       autoinit.c.obj                68     0         0      
       boot_cortex_m.c.obj           52     0         0      
       copy_decompress_none.c.obj    14     0         0      
       exit.c.obj                    4      0         0      
       pre_init.c.obj                4      0         0      
    +--+-----------------------------+------+---------+---------+
       Total:                        402    0         0      
                                                             
       Stack:                        0      0         1024   
       Linker Generated:             0      29        0      
    +--+-----------------------------+------+---------+---------+
       Grand Total:                  2866   257       1080   


LINKER GENERATED COPY TABLES

__TI_cinit_table @ 00000c30 records: 1, size/record: 8, table size: 8
	.data: load addr=00000c18, load size=0000000d bytes, run addr=20000000, run size=0000001c bytes, compression=lzss


LINKER GENERATED HANDLER TABLE

__TI_handler_table @ 00000c28 records: 2, size/record: 4, table size: 8
	index: 0, handler: __TI_decompress_lzss
	index: 1, handler: __TI_decompress_none


GLOBAL SYMBOLS: SORTED ALPHABETICALLY BY Name 

address   name                          
-------   ----                          
00000c07  ADC14_IRQHandler              
00000c07  AES256_IRQHandler             
00000c09  Bump_Init                     
00000c0b  Bump_Read                     
00000c07  BusFault_Handler              
00000c13  C$$EXIT                       
00000c07  COMP_E0_IRQHandler            
00000c07  COMP_E1_IRQHandler            
20000008  CPMwait                       
00000c07  CS_IRQHandler                 
20000000  ClockFrequency                
00000565  Clock_Delay1ms                
0000053b  Clock_Delay1us                
00000527  Clock_GetFreq                 
00000411  Clock_Init48MHz               
20000014  Crystalstable                 
00000c07  DMA_ERR_IRQHandler            
00000c07  DMA_INT0_IRQHandler           
00000c07  DMA_INT1_IRQHandler           
00000c07  DMA_INT2_IRQHandler           
00000c07  DMA_INT3_IRQHandler           
00000c07  DebugMon_Handler              
00000c07  Default_Handler               
00000c07  EUSCIA0_IRQHandler            
00000c07  EUSCIA1_IRQHandler            
00000c07  EUSCIA2_IRQHandler            
00000c07  EUSCIA3_IRQHandler            
00000c07  EUSCIB0_IRQHandler            
00000c07  EUSCIB1_IRQHandler            
00000c07  EUSCIB2_IRQHandler            
00000c07  EUSCIB3_IRQHandler            
00000c07  FLCTL_IRQHandler              
00000c07  FPU_IRQHandler                
00000c07  HardFault_Handler             
20000010  IFlags                        
0000090d  LaunchPad_Init                
0000097d  LaunchPad_Input               
0000099b  LaunchPad_LED                 
000009b9  LaunchPad_Output              
00000c07  MemManage_Handler             
000006bf  Motor_BackwardSimple          
0000066d  Motor_ForwardSimple           
000005f1  Motor_InitSimple              
0000070b  Motor_LeftSimple              
0000074f  Motor_RightSimple             
0000064d  Motor_StopSimple              
00000c07  NMI_Handler                   
00000c07  PCM_IRQHandler                
00000c07  PORT1_IRQHandler              
00000c07  PORT2_IRQHandler              
00000c07  PORT3_IRQHandler              
00000c07  PORT4_IRQHandler              
00000c07  PORT5_IRQHandler              
00000c07  PORT6_IRQHandler              
00000c07  PSS_IRQHandler                
000007b1  Pause                         
00000c07  PendSV_Handler                
2000000c  Postwait                      
20000004  Prewait                       
00000819  Program12_2                   
00000869  Program12_3                   
0000088d  Program12_4                   
00000c07  RTC_C_IRQHandler              
00000bfb  Reset_Handler                 
00000c07  SVC_Handler                   
00000c07  SysTick_Handler               
00000aa1  SysTick_Init                  
00000ab1  SysTick_Wait                  
00000ad7  SysTick_Wait10ms              
20000018  SystemCoreClock               
000000e5  SystemCoreClockUpdate         
00000359  SystemInit                    
00000c07  T32_INT1_IRQHandler           
00000c07  T32_INT2_IRQHandler           
00000c07  T32_INTC_IRQHandler           
00000c07  TA0_0_IRQHandler              
00000c07  TA0_N_IRQHandler              
00000c07  TA1_0_IRQHandler              
00000c07  TA1_N_IRQHandler              
00000c07  TA2_0_IRQHandler              
00000c07  TA2_N_IRQHandler              
00000c07  TA3_0_IRQHandler              
00000c07  TA3_N_IRQHandler              
00000c07  UsageFault_Handler            
4000480c  WDTCTL_SYM                    
00000c07  WDT_A_IRQHandler              
20010000  __STACK_END                   
00000200  __STACK_SIZE                  
00000c30  __TI_CINIT_Base               
00000c38  __TI_CINIT_Limit              
00000c28  __TI_Handler_Table_Base       
00000c30  __TI_Handler_Table_Limit      
00000b75  __TI_auto_init_nobinit_nopinit
00000b0d  __TI_decompress_lzss          
00000bed  __TI_decompress_none          
ffffffff  __TI_pprof_out_hndl           
ffffffff  __TI_prof_data_size           
ffffffff  __TI_prof_data_start          
00000000  __TI_static_base__            
00000a05  __aeabi_memcpy                
00000a05  __aeabi_memcpy4               
00000a05  __aeabi_memcpy8               
ffffffff  __binit__                     
ffffffff  __c_args__                    
UNDEFED   __mpu_init                    
2000fe00  __stack                       
20000000  __start___llvm_prf_cnts       
20000000  __stop___llvm_prf_cnts        
00000bb9  _c_int00_noargs               
UNDEFED   _system_post_cinit            
00000c0f  _system_pre_init              
00000c13  abort                         
ffffffff  binit                         
0000052d  delay                         
00000000  interruptVectors              
000007c5  main                          
00000a05  memcpy                        


GLOBAL SYMBOLS: SORTED BY Symbol Address 

address   name                          
-------   ----                          
00000000  __TI_static_base__            
00000000  interruptVectors              
000000e5  SystemCoreClockUpdate         
00000200  __STACK_SIZE                  
00000359  SystemInit                    
00000411  Clock_Init48MHz               
00000527  Clock_GetFreq                 
0000052d  delay                         
0000053b  Clock_Delay1us                
00000565  Clock_Delay1ms                
000005f1  Motor_InitSimple              
0000064d  Motor_StopSimple              
0000066d  Motor_ForwardSimple           
000006bf  Motor_BackwardSimple          
0000070b  Motor_LeftSimple              
0000074f  Motor_RightSimple             
000007b1  Pause                         
000007c5  main                          
00000819  Program12_2                   
00000869  Program12_3                   
0000088d  Program12_4                   
0000090d  LaunchPad_Init                
0000097d  LaunchPad_Input               
0000099b  LaunchPad_LED                 
000009b9  LaunchPad_Output              
00000a05  __aeabi_memcpy                
00000a05  __aeabi_memcpy4               
00000a05  __aeabi_memcpy8               
00000a05  memcpy                        
00000aa1  SysTick_Init                  
00000ab1  SysTick_Wait                  
00000ad7  SysTick_Wait10ms              
00000b0d  __TI_decompress_lzss          
00000b75  __TI_auto_init_nobinit_nopinit
00000bb9  _c_int00_noargs               
00000bed  __TI_decompress_none          
00000bfb  Reset_Handler                 
00000c07  ADC14_IRQHandler              
00000c07  AES256_IRQHandler             
00000c07  BusFault_Handler              
00000c07  COMP_E0_IRQHandler            
00000c07  COMP_E1_IRQHandler            
00000c07  CS_IRQHandler                 
00000c07  DMA_ERR_IRQHandler            
00000c07  DMA_INT0_IRQHandler           
00000c07  DMA_INT1_IRQHandler           
00000c07  DMA_INT2_IRQHandler           
00000c07  DMA_INT3_IRQHandler           
00000c07  DebugMon_Handler              
00000c07  Default_Handler               
00000c07  EUSCIA0_IRQHandler            
00000c07  EUSCIA1_IRQHandler            
00000c07  EUSCIA2_IRQHandler            
00000c07  EUSCIA3_IRQHandler            
00000c07  EUSCIB0_IRQHandler            
00000c07  EUSCIB1_IRQHandler            
00000c07  EUSCIB2_IRQHandler            
00000c07  EUSCIB3_IRQHandler            
00000c07  FLCTL_IRQHandler              
00000c07  FPU_IRQHandler                
00000c07  HardFault_Handler             
00000c07  MemManage_Handler             
00000c07  NMI_Handler                   
00000c07  PCM_IRQHandler                
00000c07  PORT1_IRQHandler              
00000c07  PORT2_IRQHandler              
00000c07  PORT3_IRQHandler              
00000c07  PORT4_IRQHandler              
00000c07  PORT5_IRQHandler              
00000c07  PORT6_IRQHandler              
00000c07  PSS_IRQHandler                
00000c07  PendSV_Handler                
00000c07  RTC_C_IRQHandler              
00000c07  SVC_Handler                   
00000c07  SysTick_Handler               
00000c07  T32_INT1_IRQHandler           
00000c07  T32_INT2_IRQHandler           
00000c07  T32_INTC_IRQHandler           
00000c07  TA0_0_IRQHandler              
00000c07  TA0_N_IRQHandler              
00000c07  TA1_0_IRQHandler              
00000c07  TA1_N_IRQHandler              
00000c07  TA2_0_IRQHandler              
00000c07  TA2_N_IRQHandler              
00000c07  TA3_0_IRQHandler              
00000c07  TA3_N_IRQHandler              
00000c07  UsageFault_Handler            
00000c07  WDT_A_IRQHandler              
00000c09  Bump_Init                     
00000c0b  Bump_Read                     
00000c0f  _system_pre_init              
00000c13  C$$EXIT                       
00000c13  abort                         
00000c28  __TI_Handler_Table_Base       
00000c30  __TI_CINIT_Base               
00000c30  __TI_Handler_Table_Limit      
00000c38  __TI_CINIT_Limit              
20000000  ClockFrequency                
20000000  __start___llvm_prf_cnts       
20000000  __stop___llvm_prf_cnts        
20000004  Prewait                       
20000008  CPMwait                       
2000000c  Postwait                      
20000010  IFlags                        
20000014  Crystalstable                 
20000018  SystemCoreClock               
2000fe00  __stack                       
20010000  __STACK_END                   
4000480c  WDTCTL_SYM                    
ffffffff  __TI_pprof_out_hndl           
ffffffff  __TI_prof_data_size           
ffffffff  __TI_prof_data_start          
ffffffff  __binit__                     
ffffffff  __c_args__                    
ffffffff  binit                         
UNDEFED   __mpu_init                    
UNDEFED   _system_post_cinit            

[117 symbols]
