<?xml version="1.0" encoding="ISO-8859-1" ?>
<link_info>
   <banner>TI ARM Linker Unix v20.2.7.LTS</banner>
   <copyright>Copyright (c) 1996-2018 Texas Instruments Incorporated</copyright>
   <link_time>0x6572728f</link_time>
   <link_errors>0x0</link_errors>
   <output_file>TI_RSLK_MAX.out</output_file>
   <entry_point>
      <name>_c_int00_noargs</name>
      <address>0x47a9</address>
   </entry_point>
   <input_file_list>
      <input_file id="fl-1">
         <path>../</path>
         <kind>object</kind>
         <file>Bump.obj</file>
         <name>Bump.obj</name>
      </input_file>
      <input_file id="fl-2">
         <path>./</path>
         <kind>object</kind>
         <file>Clock.obj</file>
         <name>Clock.obj</name>
      </input_file>
      <input_file id="fl-3">
         <path>./</path>
         <kind>object</kind>
         <file>CortexM.obj</file>
         <name>CortexM.obj</name>
      </input_file>
      <input_file id="fl-4">
         <path>./</path>
         <kind>object</kind>
         <file>LaunchPad.obj</file>
         <name>LaunchPad.obj</name>
      </input_file>
      <input_file id="fl-5">
         <path>../</path>
         <kind>object</kind>
         <file>Motor.obj</file>
         <name>Motor.obj</name>
      </input_file>
      <input_file id="fl-6">
         <path>../</path>
         <kind>object</kind>
         <file>PWM.obj</file>
         <name>PWM.obj</name>
      </input_file>
      <input_file id="fl-7">
         <path>./</path>
         <kind>object</kind>
         <file>RSLK_MAX_main.obj</file>
         <name>RSLK_MAX_main.obj</name>
      </input_file>
      <input_file id="fl-8">
         <path>../</path>
         <kind>object</kind>
         <file>Reflectance.obj</file>
         <name>Reflectance.obj</name>
      </input_file>
      <input_file id="fl-9">
         <path>../</path>
         <kind>object</kind>
         <file>SSD1306.obj</file>
         <name>SSD1306.obj</name>
      </input_file>
      <input_file id="fl-a">
         <path>./</path>
         <kind>object</kind>
         <file>SysTickInts.obj</file>
         <name>SysTickInts.obj</name>
      </input_file>
      <input_file id="fl-b">
         <path>../</path>
         <kind>object</kind>
         <file>TA3InputCapture.obj</file>
         <name>TA3InputCapture.obj</name>
      </input_file>
      <input_file id="fl-c">
         <path>../</path>
         <kind>object</kind>
         <file>Tachometer.obj</file>
         <name>Tachometer.obj</name>
      </input_file>
      <input_file id="fl-d">
         <path>../</path>
         <kind>object</kind>
         <file>UART0.obj</file>
         <name>UART0.obj</name>
      </input_file>
      <input_file id="fl-e">
         <path>./</path>
         <kind>object</kind>
         <file>blinker.obj</file>
         <name>blinker.obj</name>
      </input_file>
      <input_file id="fl-f">
         <path>./</path>
         <kind>object</kind>
         <file>startup_msp432p401r_ccs.obj</file>
         <name>startup_msp432p401r_ccs.obj</name>
      </input_file>
      <input_file id="fl-10">
         <path>./</path>
         <kind>object</kind>
         <file>system_msp432p401r.obj</file>
         <name>system_msp432p401r.obj</name>
      </input_file>
      <input_file id="fl-14">
         <kind>object</kind>
         <file>&lt;internal&gt;</file>
         <name>&lt;internal&gt;</name>
      </input_file>
      <input_file id="fl-ca">
         <path>/home/antonyzhao/ti/ccs1250/ccs/tools/compiler/ti-cgt-arm_20.2.7.LTS/lib/</path>
         <kind>archive</kind>
         <file>rtsv7M4_T_le_v4SPD16_eabi.lib</file>
         <name>printf.c.obj</name>
      </input_file>
      <input_file id="fl-cb">
         <path>/home/antonyzhao/ti/ccs1250/ccs/tools/compiler/ti-cgt-arm_20.2.7.LTS/lib/</path>
         <kind>archive</kind>
         <file>rtsv7M4_T_le_v4SPD16_eabi.lib</file>
         <name>_printfi.c.obj</name>
      </input_file>
      <input_file id="fl-cc">
         <path>/home/antonyzhao/ti/ccs1250/ccs/tools/compiler/ti-cgt-arm_20.2.7.LTS/lib/</path>
         <kind>archive</kind>
         <file>rtsv7M4_T_le_v4SPD16_eabi.lib</file>
         <name>fopen.c.obj</name>
      </input_file>
      <input_file id="fl-cd">
         <path>/home/antonyzhao/ti/ccs1250/ccs/tools/compiler/ti-cgt-arm_20.2.7.LTS/lib/</path>
         <kind>archive</kind>
         <file>rtsv7M4_T_le_v4SPD16_eabi.lib</file>
         <name>fputc.c.obj</name>
      </input_file>
      <input_file id="fl-ce">
         <path>/home/antonyzhao/ti/ccs1250/ccs/tools/compiler/ti-cgt-arm_20.2.7.LTS/lib/</path>
         <kind>archive</kind>
         <file>rtsv7M4_T_le_v4SPD16_eabi.lib</file>
         <name>fputs.c.obj</name>
      </input_file>
      <input_file id="fl-cf">
         <path>/home/antonyzhao/ti/ccs1250/ccs/tools/compiler/ti-cgt-arm_20.2.7.LTS/lib/</path>
         <kind>archive</kind>
         <file>rtsv7M4_T_le_v4SPD16_eabi.lib</file>
         <name>_io_perm.c.obj</name>
      </input_file>
      <input_file id="fl-d0">
         <path>/home/antonyzhao/ti/ccs1250/ccs/tools/compiler/ti-cgt-arm_20.2.7.LTS/lib/</path>
         <kind>archive</kind>
         <file>rtsv7M4_T_le_v4SPD16_eabi.lib</file>
         <name>setvbuf.c.obj</name>
      </input_file>
      <input_file id="fl-d1">
         <path>/home/antonyzhao/ti/ccs1250/ccs/tools/compiler/ti-cgt-arm_20.2.7.LTS/lib/</path>
         <kind>archive</kind>
         <file>rtsv7M4_T_le_v4SPD16_eabi.lib</file>
         <name>fd_add_t2.asm.obj</name>
      </input_file>
      <input_file id="fl-d2">
         <path>/home/antonyzhao/ti/ccs1250/ccs/tools/compiler/ti-cgt-arm_20.2.7.LTS/lib/</path>
         <kind>archive</kind>
         <file>rtsv7M4_T_le_v4SPD16_eabi.lib</file>
         <name>fd_cmp_t2.asm.obj</name>
      </input_file>
      <input_file id="fl-d3">
         <path>/home/antonyzhao/ti/ccs1250/ccs/tools/compiler/ti-cgt-arm_20.2.7.LTS/lib/</path>
         <kind>archive</kind>
         <file>rtsv7M4_T_le_v4SPD16_eabi.lib</file>
         <name>fd_div_t2.asm.obj</name>
      </input_file>
      <input_file id="fl-d4">
         <path>/home/antonyzhao/ti/ccs1250/ccs/tools/compiler/ti-cgt-arm_20.2.7.LTS/lib/</path>
         <kind>archive</kind>
         <file>rtsv7M4_T_le_v4SPD16_eabi.lib</file>
         <name>fd_mul_t2.asm.obj</name>
      </input_file>
      <input_file id="fl-d5">
         <path>/home/antonyzhao/ti/ccs1250/ccs/tools/compiler/ti-cgt-arm_20.2.7.LTS/lib/</path>
         <kind>archive</kind>
         <file>rtsv7M4_T_le_v4SPD16_eabi.lib</file>
         <name>fd_toi_t2.asm.obj</name>
      </input_file>
      <input_file id="fl-d6">
         <path>/home/antonyzhao/ti/ccs1250/ccs/tools/compiler/ti-cgt-arm_20.2.7.LTS/lib/</path>
         <kind>archive</kind>
         <file>rtsv7M4_T_le_v4SPD16_eabi.lib</file>
         <name>i_tofd_t2.asm.obj</name>
      </input_file>
      <input_file id="fl-d7">
         <path>/home/antonyzhao/ti/ccs1250/ccs/tools/compiler/ti-cgt-arm_20.2.7.LTS/lib/</path>
         <kind>archive</kind>
         <file>rtsv7M4_T_le_v4SPD16_eabi.lib</file>
         <name>memcpy_t2.asm.obj</name>
      </input_file>
      <input_file id="fl-d8">
         <path>/home/antonyzhao/ti/ccs1250/ccs/tools/compiler/ti-cgt-arm_20.2.7.LTS/lib/</path>
         <kind>archive</kind>
         <file>rtsv7M4_T_le_v4SPD16_eabi.lib</file>
         <name>memset_t2.asm.obj</name>
      </input_file>
      <input_file id="fl-d9">
         <path>/home/antonyzhao/ti/ccs1250/ccs/tools/compiler/ti-cgt-arm_20.2.7.LTS/lib/</path>
         <kind>archive</kind>
         <file>rtsv7M4_T_le_v4SPD16_eabi.lib</file>
         <name>ull_div_t2.asm.obj</name>
      </input_file>
      <input_file id="fl-da">
         <path>/home/antonyzhao/ti/ccs1250/ccs/tools/compiler/ti-cgt-arm_20.2.7.LTS/lib/</path>
         <kind>archive</kind>
         <file>rtsv7M4_T_le_v4SPD16_eabi.lib</file>
         <name>copy_zero_init.c.obj</name>
      </input_file>
      <input_file id="fl-db">
         <path>/home/antonyzhao/ti/ccs1250/ccs/tools/compiler/ti-cgt-arm_20.2.7.LTS/lib/</path>
         <kind>archive</kind>
         <file>rtsv7M4_T_le_v4SPD16_eabi.lib</file>
         <name>copy_decompress_none.c.obj</name>
      </input_file>
      <input_file id="fl-dc">
         <path>/home/antonyzhao/ti/ccs1250/ccs/tools/compiler/ti-cgt-arm_20.2.7.LTS/lib/</path>
         <kind>archive</kind>
         <file>rtsv7M4_T_le_v4SPD16_eabi.lib</file>
         <name>copy_decompress_lzss.c.obj</name>
      </input_file>
      <input_file id="fl-dd">
         <path>/home/antonyzhao/ti/ccs1250/ccs/tools/compiler/ti-cgt-arm_20.2.7.LTS/lib/</path>
         <kind>archive</kind>
         <file>rtsv7M4_T_le_v4SPD16_eabi.lib</file>
         <name>exit.c.obj</name>
      </input_file>
      <input_file id="fl-de">
         <path>/home/antonyzhao/ti/ccs1250/ccs/tools/compiler/ti-cgt-arm_20.2.7.LTS/lib/</path>
         <kind>archive</kind>
         <file>rtsv7M4_T_le_v4SPD16_eabi.lib</file>
         <name>_lock.c.obj</name>
      </input_file>
      <input_file id="fl-df">
         <path>/home/antonyzhao/ti/ccs1250/ccs/tools/compiler/ti-cgt-arm_20.2.7.LTS/lib/</path>
         <kind>archive</kind>
         <file>rtsv7M4_T_le_v4SPD16_eabi.lib</file>
         <name>_ltoa.c.obj</name>
      </input_file>
      <input_file id="fl-e0">
         <path>/home/antonyzhao/ti/ccs1250/ccs/tools/compiler/ti-cgt-arm_20.2.7.LTS/lib/</path>
         <kind>archive</kind>
         <file>rtsv7M4_T_le_v4SPD16_eabi.lib</file>
         <name>atoi.c.obj</name>
      </input_file>
      <input_file id="fl-e1">
         <path>/home/antonyzhao/ti/ccs1250/ccs/tools/compiler/ti-cgt-arm_20.2.7.LTS/lib/</path>
         <kind>archive</kind>
         <file>rtsv7M4_T_le_v4SPD16_eabi.lib</file>
         <name>ctype.c.obj</name>
      </input_file>
      <input_file id="fl-e2">
         <path>/home/antonyzhao/ti/ccs1250/ccs/tools/compiler/ti-cgt-arm_20.2.7.LTS/lib/</path>
         <kind>archive</kind>
         <file>rtsv7M4_T_le_v4SPD16_eabi.lib</file>
         <name>defs.c.obj</name>
      </input_file>
      <input_file id="fl-e3">
         <path>/home/antonyzhao/ti/ccs1250/ccs/tools/compiler/ti-cgt-arm_20.2.7.LTS/lib/</path>
         <kind>archive</kind>
         <file>rtsv7M4_T_le_v4SPD16_eabi.lib</file>
         <name>memccpy.c.obj</name>
      </input_file>
      <input_file id="fl-e4">
         <path>/home/antonyzhao/ti/ccs1250/ccs/tools/compiler/ti-cgt-arm_20.2.7.LTS/lib/</path>
         <kind>archive</kind>
         <file>rtsv7M4_T_le_v4SPD16_eabi.lib</file>
         <name>memchr.c.obj</name>
      </input_file>
      <input_file id="fl-e5">
         <path>/home/antonyzhao/ti/ccs1250/ccs/tools/compiler/ti-cgt-arm_20.2.7.LTS/lib/</path>
         <kind>archive</kind>
         <file>rtsv7M4_T_le_v4SPD16_eabi.lib</file>
         <name>memory.c.obj</name>
      </input_file>
      <input_file id="fl-e6">
         <path>/home/antonyzhao/ti/ccs1250/ccs/tools/compiler/ti-cgt-arm_20.2.7.LTS/lib/</path>
         <kind>archive</kind>
         <file>rtsv7M4_T_le_v4SPD16_eabi.lib</file>
         <name>strchr.c.obj</name>
      </input_file>
      <input_file id="fl-e7">
         <path>/home/antonyzhao/ti/ccs1250/ccs/tools/compiler/ti-cgt-arm_20.2.7.LTS/lib/</path>
         <kind>archive</kind>
         <file>rtsv7M4_T_le_v4SPD16_eabi.lib</file>
         <name>strlen.c.obj</name>
      </input_file>
      <input_file id="fl-e8">
         <path>/home/antonyzhao/ti/ccs1250/ccs/tools/compiler/ti-cgt-arm_20.2.7.LTS/lib/</path>
         <kind>archive</kind>
         <file>rtsv7M4_T_le_v4SPD16_eabi.lib</file>
         <name>boot_cortex_m.c.obj</name>
      </input_file>
      <input_file id="fl-e9">
         <path>/home/antonyzhao/ti/ccs1250/ccs/tools/compiler/ti-cgt-arm_20.2.7.LTS/lib/</path>
         <kind>archive</kind>
         <file>rtsv7M4_T_le_v4SPD16_eabi.lib</file>
         <name>write.c.obj</name>
      </input_file>
      <input_file id="fl-ea">
         <path>/home/antonyzhao/ti/ccs1250/ccs/tools/compiler/ti-cgt-arm_20.2.7.LTS/lib/</path>
         <kind>archive</kind>
         <file>rtsv7M4_T_le_v4SPD16_eabi.lib</file>
         <name>host_device.c.obj</name>
      </input_file>
      <input_file id="fl-eb">
         <path>/home/antonyzhao/ti/ccs1250/ccs/tools/compiler/ti-cgt-arm_20.2.7.LTS/lib/</path>
         <kind>archive</kind>
         <file>rtsv7M4_T_le_v4SPD16_eabi.lib</file>
         <name>open.c.obj</name>
      </input_file>
      <input_file id="fl-ec">
         <path>/home/antonyzhao/ti/ccs1250/ccs/tools/compiler/ti-cgt-arm_20.2.7.LTS/lib/</path>
         <kind>archive</kind>
         <file>rtsv7M4_T_le_v4SPD16_eabi.lib</file>
         <name>add_device.c.obj</name>
      </input_file>
      <input_file id="fl-ed">
         <path>/home/antonyzhao/ti/ccs1250/ccs/tools/compiler/ti-cgt-arm_20.2.7.LTS/lib/</path>
         <kind>archive</kind>
         <file>rtsv7M4_T_le_v4SPD16_eabi.lib</file>
         <name>errno.c.obj</name>
      </input_file>
      <input_file id="fl-ee">
         <path>/home/antonyzhao/ti/ccs1250/ccs/tools/compiler/ti-cgt-arm_20.2.7.LTS/lib/</path>
         <kind>archive</kind>
         <file>rtsv7M4_T_le_v4SPD16_eabi.lib</file>
         <name>wcslen.c.obj</name>
      </input_file>
      <input_file id="fl-ef">
         <path>/home/antonyzhao/ti/ccs1250/ccs/tools/compiler/ti-cgt-arm_20.2.7.LTS/lib/</path>
         <kind>archive</kind>
         <file>rtsv7M4_T_le_v4SPD16_eabi.lib</file>
         <name>s_frexp.c.obj</name>
      </input_file>
      <input_file id="fl-f0">
         <path>/home/antonyzhao/ti/ccs1250/ccs/tools/compiler/ti-cgt-arm_20.2.7.LTS/lib/</path>
         <kind>archive</kind>
         <file>rtsv7M4_T_le_v4SPD16_eabi.lib</file>
         <name>s_scalbn.c.obj</name>
      </input_file>
      <input_file id="fl-f1">
         <path>/home/antonyzhao/ti/ccs1250/ccs/tools/compiler/ti-cgt-arm_20.2.7.LTS/lib/</path>
         <kind>archive</kind>
         <file>rtsv7M4_T_le_v4SPD16_eabi.lib</file>
         <name>fclose.c.obj</name>
      </input_file>
      <input_file id="fl-f2">
         <path>/home/antonyzhao/ti/ccs1250/ccs/tools/compiler/ti-cgt-arm_20.2.7.LTS/lib/</path>
         <kind>archive</kind>
         <file>rtsv7M4_T_le_v4SPD16_eabi.lib</file>
         <name>fflush.c.obj</name>
      </input_file>
      <input_file id="fl-f3">
         <path>/home/antonyzhao/ti/ccs1250/ccs/tools/compiler/ti-cgt-arm_20.2.7.LTS/lib/</path>
         <kind>archive</kind>
         <file>rtsv7M4_T_le_v4SPD16_eabi.lib</file>
         <name>fseek.c.obj</name>
      </input_file>
      <input_file id="fl-f4">
         <path>/home/antonyzhao/ti/ccs1250/ccs/tools/compiler/ti-cgt-arm_20.2.7.LTS/lib/</path>
         <kind>archive</kind>
         <file>rtsv7M4_T_le_v4SPD16_eabi.lib</file>
         <name>getdevice.c.obj</name>
      </input_file>
      <input_file id="fl-f5">
         <path>/home/antonyzhao/ti/ccs1250/ccs/tools/compiler/ti-cgt-arm_20.2.7.LTS/lib/</path>
         <kind>archive</kind>
         <file>rtsv7M4_T_le_v4SPD16_eabi.lib</file>
         <name>div0.asm.obj</name>
      </input_file>
      <input_file id="fl-f6">
         <path>/home/antonyzhao/ti/ccs1250/ccs/tools/compiler/ti-cgt-arm_20.2.7.LTS/lib/</path>
         <kind>archive</kind>
         <file>rtsv7M4_T_le_v4SPD16_eabi.lib</file>
         <name>autoinit.c.obj</name>
      </input_file>
      <input_file id="fl-f7">
         <path>/home/antonyzhao/ti/ccs1250/ccs/tools/compiler/ti-cgt-arm_20.2.7.LTS/lib/</path>
         <kind>archive</kind>
         <file>rtsv7M4_T_le_v4SPD16_eabi.lib</file>
         <name>pre_init.c.obj</name>
      </input_file>
      <input_file id="fl-f8">
         <path>/home/antonyzhao/ti/ccs1250/ccs/tools/compiler/ti-cgt-arm_20.2.7.LTS/lib/</path>
         <kind>archive</kind>
         <file>rtsv7M4_T_le_v4SPD16_eabi.lib</file>
         <name>cpy_tbl.c.obj</name>
      </input_file>
      <input_file id="fl-f9">
         <path>/home/antonyzhao/ti/ccs1250/ccs/tools/compiler/ti-cgt-arm_20.2.7.LTS/lib/</path>
         <kind>archive</kind>
         <file>rtsv7M4_T_le_v4SPD16_eabi.lib</file>
         <name>args_main.c.obj</name>
      </input_file>
      <input_file id="fl-fa">
         <path>/home/antonyzhao/ti/ccs1250/ccs/tools/compiler/ti-cgt-arm_20.2.7.LTS/lib/</path>
         <kind>archive</kind>
         <file>rtsv7M4_T_le_v4SPD16_eabi.lib</file>
         <name>strcmp.c.obj</name>
      </input_file>
      <input_file id="fl-fb">
         <path>/home/antonyzhao/ti/ccs1250/ccs/tools/compiler/ti-cgt-arm_20.2.7.LTS/lib/</path>
         <kind>archive</kind>
         <file>rtsv7M4_T_le_v4SPD16_eabi.lib</file>
         <name>strncpy.c.obj</name>
      </input_file>
      <input_file id="fl-fc">
         <path>/home/antonyzhao/ti/ccs1250/ccs/tools/compiler/ti-cgt-arm_20.2.7.LTS/lib/</path>
         <kind>archive</kind>
         <file>rtsv7M4_T_le_v4SPD16_eabi.lib</file>
         <name>hostclose.c.obj</name>
      </input_file>
      <input_file id="fl-fd">
         <path>/home/antonyzhao/ti/ccs1250/ccs/tools/compiler/ti-cgt-arm_20.2.7.LTS/lib/</path>
         <kind>archive</kind>
         <file>rtsv7M4_T_le_v4SPD16_eabi.lib</file>
         <name>hostlseek.c.obj</name>
      </input_file>
      <input_file id="fl-fe">
         <path>/home/antonyzhao/ti/ccs1250/ccs/tools/compiler/ti-cgt-arm_20.2.7.LTS/lib/</path>
         <kind>archive</kind>
         <file>rtsv7M4_T_le_v4SPD16_eabi.lib</file>
         <name>hostopen.c.obj</name>
      </input_file>
      <input_file id="fl-ff">
         <path>/home/antonyzhao/ti/ccs1250/ccs/tools/compiler/ti-cgt-arm_20.2.7.LTS/lib/</path>
         <kind>archive</kind>
         <file>rtsv7M4_T_le_v4SPD16_eabi.lib</file>
         <name>hostread.c.obj</name>
      </input_file>
      <input_file id="fl-100">
         <path>/home/antonyzhao/ti/ccs1250/ccs/tools/compiler/ti-cgt-arm_20.2.7.LTS/lib/</path>
         <kind>archive</kind>
         <file>rtsv7M4_T_le_v4SPD16_eabi.lib</file>
         <name>hostrename.c.obj</name>
      </input_file>
      <input_file id="fl-101">
         <path>/home/antonyzhao/ti/ccs1250/ccs/tools/compiler/ti-cgt-arm_20.2.7.LTS/lib/</path>
         <kind>archive</kind>
         <file>rtsv7M4_T_le_v4SPD16_eabi.lib</file>
         <name>hostunlink.c.obj</name>
      </input_file>
      <input_file id="fl-102">
         <path>/home/antonyzhao/ti/ccs1250/ccs/tools/compiler/ti-cgt-arm_20.2.7.LTS/lib/</path>
         <kind>archive</kind>
         <file>rtsv7M4_T_le_v4SPD16_eabi.lib</file>
         <name>hostwrite.c.obj</name>
      </input_file>
      <input_file id="fl-103">
         <path>/home/antonyzhao/ti/ccs1250/ccs/tools/compiler/ti-cgt-arm_20.2.7.LTS/lib/</path>
         <kind>archive</kind>
         <file>rtsv7M4_T_le_v4SPD16_eabi.lib</file>
         <name>trgmsg.c.obj</name>
      </input_file>
      <input_file id="fl-104">
         <path>/home/antonyzhao/ti/ccs1250/ccs/tools/compiler/ti-cgt-arm_20.2.7.LTS/lib/</path>
         <kind>archive</kind>
         <file>rtsv7M4_T_le_v4SPD16_eabi.lib</file>
         <name>remove.c.obj</name>
      </input_file>
      <input_file id="fl-105">
         <path>/home/antonyzhao/ti/ccs1250/ccs/tools/compiler/ti-cgt-arm_20.2.7.LTS/lib/</path>
         <kind>archive</kind>
         <file>rtsv7M4_T_le_v4SPD16_eabi.lib</file>
         <name>lseek.c.obj</name>
      </input_file>
      <input_file id="fl-106">
         <path>/home/antonyzhao/ti/ccs1250/ccs/tools/compiler/ti-cgt-arm_20.2.7.LTS/lib/</path>
         <kind>archive</kind>
         <file>rtsv7M4_T_le_v4SPD16_eabi.lib</file>
         <name>close.c.obj</name>
      </input_file>
      <input_file id="fl-107">
         <path>/home/antonyzhao/ti/ccs1250/ccs/tools/compiler/ti-cgt-arm_20.2.7.LTS/lib/</path>
         <kind>archive</kind>
         <file>rtsv7M4_T_le_v4SPD16_eabi.lib</file>
         <name>s_copysign.c.obj</name>
      </input_file>
      <input_file id="fl-108">
         <path>/home/antonyzhao/ti/ccs1250/ccs/tools/compiler/ti-cgt-arm_20.2.7.LTS/lib/</path>
         <kind>archive</kind>
         <file>rtsv7M4_T_le_v4SPD16_eabi.lib</file>
         <name>strcpy.c.obj</name>
      </input_file>
      <input_file id="fl-109">
         <path>/home/antonyzhao/ti/ccs1250/ccs/tools/compiler/ti-cgt-arm_20.2.7.LTS/lib/</path>
         <kind>archive</kind>
         <file>rtsv7M4_T_le_v4SPD16_eabi.lib</file>
         <name>unlink.c.obj</name>
      </input_file>
   </input_file_list>
   <object_component_list>
      <object_component id="oc-26">
         <name>.intvecs:retain</name>
         <load_address>0x0</load_address>
         <run_address>0x0</run_address>
         <size>0xe4</size>
         <input_file_ref idref="fl-f"/>
      </object_component>
      <object_component id="oc-187">
         <name>.text:__TI_printfi</name>
         <load_address>0xe4</load_address>
         <run_address>0xe4</run_address>
         <size>0xa4e</size>
         <input_file_ref idref="fl-cb"/>
      </object_component>
      <object_component id="oc-283">
         <name>.text:_nop</name>
         <load_address>0xb32</load_address>
         <run_address>0xb32</run_address>
         <size>0x2</size>
         <input_file_ref idref="fl-de"/>
      </object_component>
      <object_component id="oc-d7">
         <name>.text</name>
         <load_address>0xb34</load_address>
         <run_address>0xb34</run_address>
         <size>0x6e0</size>
         <input_file_ref idref="fl-d"/>
      </object_component>
      <object_component id="oc-1da">
         <name>.text</name>
         <load_address>0x1214</load_address>
         <run_address>0x1214</run_address>
         <size>0x420</size>
         <input_file_ref idref="fl-6"/>
      </object_component>
      <object_component id="oc-70">
         <name>.text</name>
         <load_address>0x1634</load_address>
         <run_address>0x1634</run_address>
         <size>0x38c</size>
         <input_file_ref idref="fl-7"/>
      </object_component>
      <object_component id="oc-b2">
         <name>.text</name>
         <load_address>0x19c0</load_address>
         <run_address>0x19c0</run_address>
         <size>0x334</size>
         <input_file_ref idref="fl-10"/>
      </object_component>
      <object_component id="oc-25f">
         <name>.text:_pconv_a</name>
         <load_address>0x1cf4</load_address>
         <run_address>0x1cf4</run_address>
         <size>0x270</size>
         <input_file_ref idref="fl-cb"/>
      </object_component>
      <object_component id="oc-d1">
         <name>.text</name>
         <load_address>0x1f64</load_address>
         <run_address>0x1f64</run_address>
         <size>0x1e0</size>
         <input_file_ref idref="fl-2"/>
      </object_component>
      <object_component id="oc-76">
         <name>.text</name>
         <load_address>0x2144</load_address>
         <run_address>0x2144</run_address>
         <size>0x1d4</size>
         <input_file_ref idref="fl-b"/>
      </object_component>
      <object_component id="oc-24d">
         <name>.text:_pconv_g</name>
         <load_address>0x2318</load_address>
         <run_address>0x2318</run_address>
         <size>0x1d0</size>
         <input_file_ref idref="fl-cb"/>
      </object_component>
      <object_component id="oc-b9">
         <name>.text</name>
         <load_address>0x24e8</load_address>
         <run_address>0x24e8</run_address>
         <size>0x1c8</size>
         <input_file_ref idref="fl-8"/>
      </object_component>
      <object_component id="oc-33f">
         <name>.text</name>
         <load_address>0x26b0</load_address>
         <run_address>0x26b0</run_address>
         <size>0x1b6</size>
         <input_file_ref idref="fl-d1"/>
      </object_component>
      <object_component id="oc-439">
         <name>.text</name>
         <load_address>0x2866</load_address>
         <run_address>0x2866</run_address>
         <size>0x2</size>
         <input_file_ref idref="fl-f5"/>
      </object_component>
      <object_component id="oc-ef">
         <name>.text</name>
         <load_address>0x2868</load_address>
         <run_address>0x2868</run_address>
         <size>0x18c</size>
         <input_file_ref idref="fl-5"/>
      </object_component>
      <object_component id="oc-e3">
         <name>.text</name>
         <load_address>0x29f4</load_address>
         <run_address>0x29f4</run_address>
         <size>0x13c</size>
         <input_file_ref idref="fl-c"/>
      </object_component>
      <object_component id="oc-259">
         <name>.text:_pconv_e</name>
         <load_address>0x2b30</load_address>
         <run_address>0x2b30</run_address>
         <size>0x13c</size>
         <input_file_ref idref="fl-cb"/>
      </object_component>
      <object_component id="oc-325">
         <name>.text</name>
         <load_address>0x2c6c</load_address>
         <run_address>0x2c6c</run_address>
         <size>0x136</size>
         <input_file_ref idref="fl-d3"/>
      </object_component>
      <object_component id="oc-351">
         <name>.text:fcvt</name>
         <load_address>0x2da4</load_address>
         <run_address>0x2da4</run_address>
         <size>0x124</size>
         <input_file_ref idref="fl-cb"/>
      </object_component>
      <object_component id="oc-291">
         <name>.text:fputs</name>
         <load_address>0x2ec8</load_address>
         <run_address>0x2ec8</run_address>
         <size>0x114</size>
         <input_file_ref idref="fl-ce"/>
      </object_component>
      <object_component id="oc-2c1">
         <name>.text:_openfile</name>
         <load_address>0x2fdc</load_address>
         <run_address>0x2fdc</run_address>
         <size>0x110</size>
         <input_file_ref idref="fl-cc"/>
      </object_component>
      <object_component id="oc-365">
         <name>.text:scalbn</name>
         <load_address>0x30ec</load_address>
         <run_address>0x30ec</run_address>
         <size>0x110</size>
         <input_file_ref idref="fl-f0"/>
      </object_component>
      <object_component id="oc-417">
         <name>.text:aligned_alloc</name>
         <load_address>0x31fc</load_address>
         <run_address>0x31fc</run_address>
         <size>0x100</size>
         <input_file_ref idref="fl-e5"/>
      </object_component>
      <object_component id="oc-320">
         <name>.text</name>
         <load_address>0x32fc</load_address>
         <run_address>0x32fc</run_address>
         <size>0xfc</size>
         <input_file_ref idref="fl-d4"/>
      </object_component>
      <object_component id="oc-dd">
         <name>.text</name>
         <load_address>0x33f8</load_address>
         <run_address>0x33f8</run_address>
         <size>0xf8</size>
         <input_file_ref idref="fl-4"/>
      </object_component>
      <object_component id="oc-2d4">
         <name>.text:free</name>
         <load_address>0x34f0</load_address>
         <run_address>0x34f0</run_address>
         <size>0xe4</size>
         <input_file_ref idref="fl-e5"/>
      </object_component>
      <object_component id="oc-1c2">
         <name>.text:setvbuf</name>
         <load_address>0x35d4</load_address>
         <run_address>0x35d4</run_address>
         <size>0xdc</size>
         <input_file_ref idref="fl-d0"/>
      </object_component>
      <object_component id="oc-3f0">
         <name>.text:open</name>
         <load_address>0x36b0</load_address>
         <run_address>0x36b0</run_address>
         <size>0xbc</size>
         <input_file_ref idref="fl-eb"/>
      </object_component>
      <object_component id="oc-1b0">
         <name>.text:add_device</name>
         <load_address>0x376c</load_address>
         <run_address>0x376c</run_address>
         <size>0xb8</size>
         <input_file_ref idref="fl-ec"/>
      </object_component>
      <object_component id="oc-242">
         <name>.text:_ltostr</name>
         <load_address>0x3824</load_address>
         <run_address>0x3824</run_address>
         <size>0xb1</size>
         <input_file_ref idref="fl-cb"/>
      </object_component>
      <object_component id="oc-1b6">
         <name>.text:fopen</name>
         <load_address>0x38d8</load_address>
         <run_address>0x38d8</run_address>
         <size>0x9c</size>
         <input_file_ref idref="fl-cc"/>
      </object_component>
      <object_component id="oc-3a">
         <name>.text</name>
         <load_address>0x3974</load_address>
         <run_address>0x3974</run_address>
         <size>0x9c</size>
         <input_file_ref idref="fl-d7"/>
      </object_component>
      <object_component id="oc-319">
         <name>.text</name>
         <load_address>0x3a10</load_address>
         <run_address>0x3a10</run_address>
         <size>0x96</size>
         <input_file_ref idref="fl-d9"/>
      </object_component>
      <object_component id="oc-298">
         <name>.text:fputc</name>
         <load_address>0x3aa8</load_address>
         <run_address>0x3aa8</run_address>
         <size>0x8c</size>
         <input_file_ref idref="fl-cd"/>
      </object_component>
      <object_component id="oc-248">
         <name>.text:__aeabi_cdcmple</name>
         <load_address>0x3b34</load_address>
         <run_address>0x3b34</run_address>
         <size>0x86</size>
         <input_file_ref idref="fl-d2"/>
      </object_component>
      <object_component id="oc-32a">
         <name>.text:__aeabi_cdrcmple</name>
         <load_address>0x3bba</load_address>
         <run_address>0x3bba</run_address>
         <size>0x86</size>
         <input_file_ref idref="fl-d2"/>
      </object_component>
      <object_component id="oc-9a">
         <name>.text</name>
         <load_address>0x3c40</load_address>
         <run_address>0x3c40</run_address>
         <size>0x7a</size>
         <input_file_ref idref="fl-d8"/>
      </object_component>
      <object_component id="oc-c5">
         <name>.text</name>
         <load_address>0x3cbc</load_address>
         <run_address>0x3cbc</run_address>
         <size>0x78</size>
         <input_file_ref idref="fl-1"/>
      </object_component>
      <object_component id="oc-2cd">
         <name>.text:__TI_closefile</name>
         <load_address>0x3d34</load_address>
         <run_address>0x3d34</run_address>
         <size>0x74</size>
         <input_file_ref idref="fl-f1"/>
      </object_component>
      <object_component id="oc-4c5">
         <name>.text:split</name>
         <load_address>0x3da8</load_address>
         <run_address>0x3da8</run_address>
         <size>0x70</size>
         <input_file_ref idref="fl-e5"/>
      </object_component>
      <object_component id="oc-34a">
         <name>.text:_mcpy</name>
         <load_address>0x3e18</load_address>
         <run_address>0x3e18</run_address>
         <size>0x6e</size>
         <input_file_ref idref="fl-cb"/>
      </object_component>
      <object_component id="oc-3e0">
         <name>.text:HOSTrename</name>
         <load_address>0x3e88</load_address>
         <run_address>0x3e88</run_address>
         <size>0x6c</size>
         <input_file_ref idref="fl-100"/>
      </object_component>
      <object_component id="oc-3d4">
         <name>.text:HOSTlseek</name>
         <load_address>0x3ef4</load_address>
         <run_address>0x3ef4</run_address>
         <size>0x68</size>
         <input_file_ref idref="fl-fd"/>
      </object_component>
      <object_component id="oc-17">
         <name>.text:decompress:lzss:__TI_decompress_lzss</name>
         <load_address>0x3f5c</load_address>
         <run_address>0x3f5c</run_address>
         <size>0x68</size>
         <input_file_ref idref="fl-dc"/>
      </object_component>
      <object_component id="oc-bf">
         <name>.text:printf</name>
         <load_address>0x3fc4</load_address>
         <run_address>0x3fc4</run_address>
         <size>0x68</size>
         <input_file_ref idref="fl-ca"/>
      </object_component>
      <object_component id="oc-35f">
         <name>.text:frexp</name>
         <load_address>0x402c</load_address>
         <run_address>0x402c</run_address>
         <size>0x64</size>
         <input_file_ref idref="fl-ef"/>
      </object_component>
      <object_component id="oc-46e">
         <name>.text:fseek</name>
         <load_address>0x4090</load_address>
         <run_address>0x4090</run_address>
         <size>0x64</size>
         <input_file_ref idref="fl-f3"/>
      </object_component>
      <object_component id="oc-396">
         <name>.text:__TI_wrt_ok</name>
         <load_address>0x40f4</load_address>
         <run_address>0x40f4</run_address>
         <size>0x62</size>
         <input_file_ref idref="fl-cf"/>
      </object_component>
      <object_component id="oc-3bc">
         <name>.text:HOSTopen</name>
         <load_address>0x4158</load_address>
         <run_address>0x4158</run_address>
         <size>0x60</size>
         <input_file_ref idref="fl-fe"/>
      </object_component>
      <object_component id="oc-3fb">
         <name>.text:close</name>
         <load_address>0x41b8</load_address>
         <run_address>0x41b8</run_address>
         <size>0x5c</size>
         <input_file_ref idref="fl-106"/>
      </object_component>
      <object_component id="oc-3c8">
         <name>.text:HOSTread</name>
         <load_address>0x4214</load_address>
         <run_address>0x4214</run_address>
         <size>0x58</size>
         <input_file_ref idref="fl-ff"/>
      </object_component>
      <object_component id="oc-3ce">
         <name>.text:HOSTwrite</name>
         <load_address>0x426c</load_address>
         <run_address>0x426c</run_address>
         <size>0x58</size>
         <input_file_ref idref="fl-102"/>
      </object_component>
      <object_component id="oc-e9">
         <name>.text</name>
         <load_address>0x42c4</load_address>
         <run_address>0x42c4</run_address>
         <size>0x58</size>
         <input_file_ref idref="fl-e"/>
      </object_component>
      <object_component id="oc-253">
         <name>.text:_pconv_f</name>
         <load_address>0x431c</load_address>
         <run_address>0x431c</run_address>
         <size>0x56</size>
         <input_file_ref idref="fl-cb"/>
      </object_component>
      <object_component id="oc-334">
         <name>.text:__TI_ltoa</name>
         <load_address>0x4372</load_address>
         <run_address>0x4372</run_address>
         <size>0x54</size>
         <input_file_ref idref="fl-df"/>
      </object_component>
      <object_component id="oc-344">
         <name>.text:_ecpy</name>
         <load_address>0x43c6</load_address>
         <run_address>0x43c6</run_address>
         <size>0x52</size>
         <input_file_ref idref="fl-cb"/>
      </object_component>
      <object_component id="oc-3a2">
         <name>.text:__TI_doflush</name>
         <load_address>0x4418</load_address>
         <run_address>0x4418</run_address>
         <size>0x4c</size>
         <input_file_ref idref="fl-f2"/>
      </object_component>
      <object_component id="oc-23c">
         <name>.text:atoi</name>
         <load_address>0x4464</load_address>
         <run_address>0x4464</run_address>
         <size>0x4c</size>
         <input_file_ref idref="fl-e0"/>
      </object_component>
      <object_component id="oc-141">
         <name>.text:exit</name>
         <load_address>0x44b0</load_address>
         <run_address>0x44b0</run_address>
         <size>0x48</size>
         <input_file_ref idref="fl-dd"/>
      </object_component>
      <object_component id="oc-32f">
         <name>.text</name>
         <load_address>0x44f8</load_address>
         <run_address>0x44f8</run_address>
         <size>0x48</size>
         <input_file_ref idref="fl-d5"/>
      </object_component>
      <object_component id="oc-3c2">
         <name>.text:HOSTclose</name>
         <load_address>0x4540</load_address>
         <run_address>0x4540</run_address>
         <size>0x44</size>
         <input_file_ref idref="fl-fc"/>
      </object_component>
      <object_component id="oc-3da">
         <name>.text:HOSTunlink</name>
         <load_address>0x4584</load_address>
         <run_address>0x4584</run_address>
         <size>0x44</size>
         <input_file_ref idref="fl-101"/>
      </object_component>
      <object_component id="oc-147">
         <name>.text:__TI_auto_init_nobinit_nopinit:__TI_auto_init_nobinit_nopinit</name>
         <load_address>0x45c8</load_address>
         <run_address>0x45c8</run_address>
         <size>0x44</size>
         <input_file_ref idref="fl-f6"/>
      </object_component>
      <object_component id="oc-4b1">
         <name>.text:getdevice</name>
         <load_address>0x460c</load_address>
         <run_address>0x460c</run_address>
         <size>0x44</size>
         <input_file_ref idref="fl-f4"/>
      </object_component>
      <object_component id="oc-f5">
         <name>.text</name>
         <load_address>0x4650</load_address>
         <run_address>0x4650</run_address>
         <size>0x40</size>
         <input_file_ref idref="fl-a"/>
      </object_component>
      <object_component id="oc-357">
         <name>.text:_fcpy</name>
         <load_address>0x4690</load_address>
         <run_address>0x4690</run_address>
         <size>0x3e</size>
         <input_file_ref idref="fl-cb"/>
      </object_component>
      <object_component id="oc-488">
         <name>.text:__TI_writemsg</name>
         <load_address>0x46d0</load_address>
         <run_address>0x46d0</run_address>
         <size>0x38</size>
         <input_file_ref idref="fl-103"/>
      </object_component>
      <object_component id="oc-2b5">
         <name>.text:strncpy</name>
         <load_address>0x4708</load_address>
         <run_address>0x4708</run_address>
         <size>0x36</size>
         <input_file_ref idref="fl-fb"/>
      </object_component>
      <object_component id="oc-2e0">
         <name>.text:__TI_cleanup</name>
         <load_address>0x4740</load_address>
         <run_address>0x4740</run_address>
         <size>0x34</size>
         <input_file_ref idref="fl-cc"/>
      </object_component>
      <object_component id="oc-48e">
         <name>.text:__TI_readmsg</name>
         <load_address>0x4774</load_address>
         <run_address>0x4774</run_address>
         <size>0x34</size>
         <input_file_ref idref="fl-103"/>
      </object_component>
      <object_component id="oc-58">
         <name>.text:_c_int00_noargs:_c_int00_noargs</name>
         <load_address>0x47a8</load_address>
         <run_address>0x47a8</run_address>
         <size>0x34</size>
         <input_file_ref idref="fl-e8"/>
      </object_component>
      <object_component id="oc-1bc">
         <name>.text:freopen</name>
         <load_address>0x47dc</load_address>
         <run_address>0x47dc</run_address>
         <size>0x34</size>
         <input_file_ref idref="fl-cc"/>
      </object_component>
      <object_component id="oc-2af">
         <name>.text:finddevice</name>
         <load_address>0x4810</load_address>
         <run_address>0x4810</run_address>
         <size>0x30</size>
         <input_file_ref idref="fl-f4"/>
      </object_component>
      <object_component id="oc-33a">
         <name>.text</name>
         <load_address>0x4840</load_address>
         <run_address>0x4840</run_address>
         <size>0x2e</size>
         <input_file_ref idref="fl-d6"/>
      </object_component>
      <object_component id="oc-401">
         <name>.text:unlink</name>
         <load_address>0x4870</load_address>
         <run_address>0x4870</run_address>
         <size>0x2c</size>
         <input_file_ref idref="fl-109"/>
      </object_component>
      <object_component id="oc-410">
         <name>.text:free_list_insert</name>
         <load_address>0x489c</load_address>
         <run_address>0x489c</run_address>
         <size>0x28</size>
         <input_file_ref idref="fl-e5"/>
      </object_component>
      <object_component id="oc-4df">
         <name>.text:lseek</name>
         <load_address>0x48c4</load_address>
         <run_address>0x48c4</run_address>
         <size>0x28</size>
         <input_file_ref idref="fl-105"/>
      </object_component>
      <object_component id="oc-3a8">
         <name>.text:write</name>
         <load_address>0x48ec</load_address>
         <run_address>0x48ec</run_address>
         <size>0x28</size>
         <input_file_ref idref="fl-e9"/>
      </object_component>
      <object_component id="oc-cb">
         <name>.text</name>
         <load_address>0x4914</load_address>
         <run_address>0x4914</run_address>
         <size>0x24</size>
         <input_file_ref idref="fl-3"/>
      </object_component>
      <object_component id="oc-39c">
         <name>.text:memchr</name>
         <load_address>0x4938</load_address>
         <run_address>0x4938</run_address>
         <size>0x20</size>
         <input_file_ref idref="fl-e4"/>
      </object_component>
      <object_component id="oc-46">
         <name>.text:decompress:ZI:__TI_zero_init_nomemset:__TI_zero_init_nomemset</name>
         <load_address>0x4958</load_address>
         <run_address>0x4958</run_address>
         <size>0x1c</size>
         <input_file_ref idref="fl-da"/>
      </object_component>
      <object_component id="oc-40a">
         <name>.text:free_list_remove</name>
         <load_address>0x4974</load_address>
         <run_address>0x4974</run_address>
         <size>0x1c</size>
         <input_file_ref idref="fl-e5"/>
      </object_component>
      <object_component id="oc-265">
         <name>.text:memccpy</name>
         <load_address>0x4990</load_address>
         <run_address>0x4990</run_address>
         <size>0x1c</size>
         <input_file_ref idref="fl-e3"/>
      </object_component>
      <object_component id="oc-452">
         <name>.text:copysign</name>
         <load_address>0x49ac</load_address>
         <run_address>0x49ac</run_address>
         <size>0x1a</size>
         <input_file_ref idref="fl-107"/>
      </object_component>
      <object_component id="oc-3b2">
         <name>.text:strcmp</name>
         <load_address>0x49c6</load_address>
         <run_address>0x49c6</run_address>
         <size>0x18</size>
         <input_file_ref idref="fl-fa"/>
      </object_component>
      <object_component id="oc-36b">
         <name>.text:strchr</name>
         <load_address>0x49de</load_address>
         <run_address>0x49de</run_address>
         <size>0x16</size>
         <input_file_ref idref="fl-e6"/>
      </object_component>
      <object_component id="oc-4a2">
         <name>.text:strcpy</name>
         <load_address>0x49f4</load_address>
         <run_address>0x49f4</run_address>
         <size>0x14</size>
         <input_file_ref idref="fl-108"/>
      </object_component>
      <object_component id="oc-236">
         <name>.text:strlen</name>
         <load_address>0x4a08</load_address>
         <run_address>0x4a08</run_address>
         <size>0x14</size>
         <input_file_ref idref="fl-e7"/>
      </object_component>
      <object_component id="oc-26b">
         <name>.text:wcslen</name>
         <load_address>0x4a1c</load_address>
         <run_address>0x4a1c</run_address>
         <size>0x12</size>
         <input_file_ref idref="fl-ee"/>
      </object_component>
      <object_component id="oc-1d">
         <name>.text:decompress:none:__TI_decompress_none</name>
         <load_address>0x4a2e</load_address>
         <run_address>0x4a2e</run_address>
         <size>0xe</size>
         <input_file_ref idref="fl-db"/>
      </object_component>
      <object_component id="oc-6a">
         <name>.text</name>
         <load_address>0x4a3c</load_address>
         <run_address>0x4a3c</run_address>
         <size>0xe</size>
         <input_file_ref idref="fl-f"/>
      </object_component>
      <object_component id="oc-271">
         <name>.text:__aeabi_errno_addr</name>
         <load_address>0x4a4c</load_address>
         <run_address>0x4a4c</run_address>
         <size>0x8</size>
         <input_file_ref idref="fl-ed"/>
      </object_component>
      <object_component id="oc-2da">
         <name>.text:malloc</name>
         <load_address>0x4a54</load_address>
         <run_address>0x4a54</run_address>
         <size>0x8</size>
         <input_file_ref idref="fl-e5"/>
      </object_component>
      <object_component id="oc-199">
         <name>.text:_outc</name>
         <load_address>0x4a5c</load_address>
         <run_address>0x4a5c</run_address>
         <size>0x4</size>
         <input_file_ref idref="fl-ca"/>
      </object_component>
      <object_component id="oc-193">
         <name>.text:_outs</name>
         <load_address>0x4a60</load_address>
         <run_address>0x4a60</run_address>
         <size>0x4</size>
         <input_file_ref idref="fl-ca"/>
      </object_component>
      <object_component id="oc-a0">
         <name>.text:_system_pre_init</name>
         <load_address>0x4a64</load_address>
         <run_address>0x4a64</run_address>
         <size>0x4</size>
         <input_file_ref idref="fl-f7"/>
      </object_component>
      <object_component id="oc-13b">
         <name>.text:abort:abort</name>
         <load_address>0x4a68</load_address>
         <run_address>0x4a68</run_address>
         <size>0x4</size>
         <input_file_ref idref="fl-dd"/>
      </object_component>
      <object_component id="oc-314">
         <name>.const:.string:_ctypes_</name>
         <load_address>0x4a6c</load_address>
         <run_address>0x4a6c</run_address>
         <size>0x101</size>
         <input_file_ref idref="fl-e1"/>
      </object_component>
      <object_component id="oc-180">
         <name>.const:Mask</name>
         <load_address>0x4b70</load_address>
         <run_address>0x4b70</run_address>
         <size>0x20</size>
         <input_file_ref idref="fl-8"/>
      </object_component>
      <object_component id="oc-183">
         <name>.const:Weight</name>
         <load_address>0x4b90</load_address>
         <run_address>0x4b90</run_address>
         <size>0x20</size>
         <input_file_ref idref="fl-8"/>
      </object_component>
      <object_component id="oc-54e">
         <name>.cinit..data.load</name>
         <load_address>0x4bb0</load_address>
         <run_address>0x4bb0</run_address>
         <size>0x78</size>
      </object_component>
      <object_component id="oc-54c">
         <name>__TI_handler_table</name>
         <load_address>0x4c28</load_address>
         <run_address>0x4c28</run_address>
         <size>0xc</size>
      </object_component>
      <object_component id="oc-54f">
         <name>.cinit..bss.load</name>
         <load_address>0x4c38</load_address>
         <run_address>0x4c38</run_address>
         <size>0x8</size>
      </object_component>
      <object_component id="oc-54d">
         <name>__TI_cinit_table</name>
         <load_address>0x4c40</load_address>
         <run_address>0x4c40</run_address>
         <size>0x10</size>
      </object_component>
      <object_component id="oc-520">
         <name>.binit</name>
         <load_address>0x0</load_address>
         <run_address>0x0</run_address>
         <size>0x0</size>
      </object_component>
      <object_component id="oc-1a8">
         <name>.data</name>
         <load_address>0x200005b8</load_address>
         <run_address>0x200005b8</run_address>
         <size>0x18</size>
         <input_file_ref idref="fl-2"/>
      </object_component>
      <object_component id="oc-10e">
         <name>.data</name>
         <load_address>0x200005ec</load_address>
         <run_address>0x200005ec</run_address>
         <size>0xc</size>
         <input_file_ref idref="fl-b"/>
      </object_component>
      <object_component id="oc-1d3">
         <name>.data</name>
         <load_address>0x200005f8</load_address>
         <run_address>0x200005f8</run_address>
         <size>0xa</size>
         <input_file_ref idref="fl-c"/>
      </object_component>
      <object_component id="oc-179">
         <name>.data</name>
         <load_address>0x20000624</load_address>
         <run_address>0x20000624</run_address>
         <size>0x4</size>
         <input_file_ref idref="fl-10"/>
      </object_component>
      <object_component id="oc-2c7">
         <name>.data</name>
         <load_address>0x2000061c</load_address>
         <run_address>0x2000061c</run_address>
         <size>0x4</size>
         <input_file_ref idref="fl-cc"/>
      </object_component>
      <object_component id="oc-212">
         <name>.data:$O1$$</name>
         <load_address>0x200005e0</load_address>
         <run_address>0x200005e0</run_address>
         <size>0xc</size>
         <input_file_ref idref="fl-dd"/>
      </object_component>
      <object_component id="oc-18d">
         <name>.data:$O1$$</name>
         <load_address>0x20000604</load_address>
         <run_address>0x20000604</run_address>
         <size>0x8</size>
         <input_file_ref idref="fl-de"/>
      </object_component>
      <object_component id="oc-190">
         <name>.data:_ftable</name>
         <load_address>0x20000400</load_address>
         <run_address>0x20000400</run_address>
         <size>0xf0</size>
         <input_file_ref idref="fl-e2"/>
      </object_component>
      <object_component id="oc-2c8">
         <name>.data</name>
         <load_address>0x200005d0</load_address>
         <run_address>0x200005d0</run_address>
         <size>0x10</size>
         <input_file_ref idref="fl-e2"/>
      </object_component>
      <object_component id="oc-4c0">
         <name>.data:$O1$$</name>
         <load_address>0x2000060c</load_address>
         <run_address>0x2000060c</run_address>
         <size>0x8</size>
         <input_file_ref idref="fl-e5"/>
      </object_component>
      <object_component id="oc-2bc">
         <name>.data:_device</name>
         <load_address>0x200004f0</load_address>
         <run_address>0x200004f0</run_address>
         <size>0x78</size>
         <input_file_ref idref="fl-ea"/>
      </object_component>
      <object_component id="oc-479">
         <name>.data:_stream</name>
         <load_address>0x20000568</load_address>
         <run_address>0x20000568</run_address>
         <size>0x50</size>
         <input_file_ref idref="fl-ea"/>
      </object_component>
      <object_component id="oc-4b7">
         <name>.data</name>
         <load_address>0x20000620</load_address>
         <run_address>0x20000620</run_address>
         <size>0x4</size>
         <input_file_ref idref="fl-eb"/>
      </object_component>
      <object_component id="oc-2bb">
         <name>.data</name>
         <load_address>0x20000614</load_address>
         <run_address>0x20000614</run_address>
         <size>0x4</size>
         <input_file_ref idref="fl-ec"/>
      </object_component>
      <object_component id="oc-37b">
         <name>.data</name>
         <load_address>0x20000618</load_address>
         <run_address>0x20000618</run_address>
         <size>0x4</size>
         <input_file_ref idref="fl-ed"/>
      </object_component>
      <object_component id="oc-4f1">
         <name>.bss:_CIOBUF_</name>
         <uninitialized>true</uninitialized>
         <run_address>0x20000628</run_address>
         <size>0x120</size>
         <input_file_ref idref="fl-103"/>
      </object_component>
      <object_component id="oc-106">
         <name>.common:LeftSpeed</name>
         <uninitialized>true</uninitialized>
         <run_address>0x2000080c</run_address>
         <size>0x2</size>
      </object_component>
      <object_component id="oc-107">
         <name>.common:RightSpeed</name>
         <uninitialized>true</uninitialized>
         <run_address>0x20000810</run_address>
         <size>0x2</size>
      </object_component>
      <object_component id="oc-102">
         <name>.common:LeftTach</name>
         <uninitialized>true</uninitialized>
         <run_address>0x2000080e</run_address>
         <size>0x2</size>
      </object_component>
      <object_component id="oc-103">
         <name>.common:LeftDir</name>
         <uninitialized>true</uninitialized>
         <run_address>0x2000081d</run_address>
         <size>0x1</size>
      </object_component>
      <object_component id="oc-104">
         <name>.common:LeftSteps</name>
         <uninitialized>true</uninitialized>
         <run_address>0x200007f8</run_address>
         <size>0x4</size>
      </object_component>
      <object_component id="oc-105">
         <name>.common:RightTach</name>
         <uninitialized>true</uninitialized>
         <run_address>0x20000812</run_address>
         <size>0x2</size>
      </object_component>
      <object_component id="oc-100">
         <name>.common:RightDir</name>
         <uninitialized>true</uninitialized>
         <run_address>0x2000081f</run_address>
         <size>0x1</size>
      </object_component>
      <object_component id="oc-101">
         <name>.common:RightSteps</name>
         <uninitialized>true</uninitialized>
         <run_address>0x20000804</run_address>
         <size>0x4</size>
      </object_component>
      <object_component id="oc-fb">
         <name>.common:Time</name>
         <uninitialized>true</uninitialized>
         <run_address>0x20000808</run_address>
         <size>0x4</size>
      </object_component>
      <object_component id="oc-fe">
         <name>.common:Data</name>
         <uninitialized>true</uninitialized>
         <run_address>0x2000081c</run_address>
         <size>0x1</size>
      </object_component>
      <object_component id="oc-ff">
         <name>.common:Position</name>
         <uninitialized>true</uninitialized>
         <run_address>0x20000800</run_address>
         <size>0x4</size>
      </object_component>
      <object_component id="oc-17d">
         <name>.common:Reflectanceresult</name>
         <uninitialized>true</uninitialized>
         <run_address>0x2000081e</run_address>
         <size>0x1</size>
      </object_component>
      <object_component id="oc-1cf">
         <name>.common:Tachometer_FirstRightTime</name>
         <uninitialized>true</uninitialized>
         <run_address>0x20000816</run_address>
         <size>0x2</size>
      </object_component>
      <object_component id="oc-1d2">
         <name>.common:Tachometer_SecondRightTime</name>
         <uninitialized>true</uninitialized>
         <run_address>0x2000081a</run_address>
         <size>0x2</size>
      </object_component>
      <object_component id="oc-1d6">
         <name>.common:Tachometer_FirstLeftTime</name>
         <uninitialized>true</uninitialized>
         <run_address>0x20000814</run_address>
         <size>0x2</size>
      </object_component>
      <object_component id="oc-1d7">
         <name>.common:Tachometer_SecondLeftTime</name>
         <uninitialized>true</uninitialized>
         <run_address>0x20000818</run_address>
         <size>0x2</size>
      </object_component>
      <object_component id="oc-1af">
         <name>.common:Messageindexb</name>
         <uninitialized>true</uninitialized>
         <run_address>0x200007fc</run_address>
         <size>0x4</size>
      </object_component>
      <object_component id="oc-1ac">
         <name>.common:Messageb</name>
         <uninitialized>true</uninitialized>
         <run_address>0x200007e8</run_address>
         <size>0x8</size>
      </object_component>
      <object_component id="oc-407">
         <name>.common:__TI_tmpnams</name>
         <uninitialized>true</uninitialized>
         <run_address>0x20000748</run_address>
         <size>0xa0</size>
      </object_component>
      <object_component id="oc-494">
         <name>.common:parmbuf</name>
         <uninitialized>true</uninitialized>
         <run_address>0x200007f0</run_address>
         <size>0x8</size>
      </object_component>
      <object_component id="oc-29">
         <name>.sysmem</name>
         <uninitialized>true</uninitialized>
         <run_address>0x20000000</run_address>
         <size>0x10</size>
         <input_file_ref idref="fl-e5"/>
      </object_component>
      <object_component id="oc-552">
         <name>.sysmem</name>
         <uninitialized>true</uninitialized>
         <run_address>0x20000000</run_address>
         <size>0x0</size>
      </object_component>
      <object_component id="oc-2c">
         <name>.stack</name>
         <uninitialized>true</uninitialized>
         <run_address>0x2000fe00</run_address>
         <size>0x4</size>
         <input_file_ref idref="fl-e8"/>
      </object_component>
      <object_component id="oc-551">
         <name>.stack</name>
         <uninitialized>true</uninitialized>
         <run_address>0x2000fe00</run_address>
         <size>0x0</size>
      </object_component>
      <object_component id="oc-2f3">
         <name>.debug_info</name>
         <load_address>0x0</load_address>
         <run_address>0x0</run_address>
         <size>0x54f</size>
         <input_file_ref idref="fl-1"/>
      </object_component>
      <object_component id="oc-c6">
         <name>.debug_info</name>
         <load_address>0x54f</load_address>
         <run_address>0x54f</run_address>
         <size>0x217</size>
         <input_file_ref idref="fl-1"/>
      </object_component>
      <object_component id="oc-201">
         <name>.debug_info</name>
         <load_address>0x766</load_address>
         <run_address>0x766</run_address>
         <size>0x37e2</size>
         <input_file_ref idref="fl-1"/>
      </object_component>
      <object_component id="oc-20b">
         <name>.debug_info</name>
         <load_address>0x3f48</load_address>
         <run_address>0x3f48</run_address>
         <size>0x26b</size>
         <input_file_ref idref="fl-1"/>
      </object_component>
      <object_component id="oc-206">
         <name>.debug_info</name>
         <load_address>0x41b3</load_address>
         <run_address>0x41b3</run_address>
         <size>0x1055</size>
         <input_file_ref idref="fl-1"/>
      </object_component>
      <object_component id="oc-35">
         <name>.debug_info</name>
         <load_address>0x5208</load_address>
         <run_address>0x5208</run_address>
         <size>0x84</size>
         <input_file_ref idref="fl-1"/>
      </object_component>
      <object_component id="oc-1fa">
         <name>.debug_info</name>
         <load_address>0x528c</load_address>
         <run_address>0x528c</run_address>
         <size>0x297</size>
         <input_file_ref idref="fl-1"/>
      </object_component>
      <object_component id="oc-112">
         <name>.debug_info</name>
         <load_address>0x5523</load_address>
         <run_address>0x5523</run_address>
         <size>0xbb</size>
         <input_file_ref idref="fl-1"/>
      </object_component>
      <object_component id="oc-210">
         <name>.debug_info</name>
         <load_address>0x55de</load_address>
         <run_address>0x55de</run_address>
         <size>0x55a</size>
         <input_file_ref idref="fl-2"/>
      </object_component>
      <object_component id="oc-1a9">
         <name>.debug_info</name>
         <load_address>0x5b38</load_address>
         <run_address>0x5b38</run_address>
         <size>0x1b6</size>
         <input_file_ref idref="fl-2"/>
      </object_component>
      <object_component id="oc-d2">
         <name>.debug_info</name>
         <load_address>0x5cee</load_address>
         <run_address>0x5cee</run_address>
         <size>0x46a</size>
         <input_file_ref idref="fl-2"/>
      </object_component>
      <object_component id="oc-2f6">
         <name>.debug_info</name>
         <load_address>0x6158</load_address>
         <run_address>0x6158</run_address>
         <size>0x37e2</size>
         <input_file_ref idref="fl-2"/>
      </object_component>
      <object_component id="oc-11a">
         <name>.debug_info</name>
         <load_address>0x993a</load_address>
         <run_address>0x993a</run_address>
         <size>0x26b</size>
         <input_file_ref idref="fl-2"/>
      </object_component>
      <object_component id="oc-1e9">
         <name>.debug_info</name>
         <load_address>0x9ba5</load_address>
         <run_address>0x9ba5</run_address>
         <size>0x1055</size>
         <input_file_ref idref="fl-2"/>
      </object_component>
      <object_component id="oc-1f3">
         <name>.debug_info</name>
         <load_address>0xabfa</load_address>
         <run_address>0xabfa</run_address>
         <size>0x2a4</size>
         <input_file_ref idref="fl-2"/>
      </object_component>
      <object_component id="oc-109">
         <name>.debug_info</name>
         <load_address>0xae9e</load_address>
         <run_address>0xae9e</run_address>
         <size>0xbb</size>
         <input_file_ref idref="fl-2"/>
      </object_component>
      <object_component id="oc-cc">
         <name>.debug_info</name>
         <load_address>0xaf59</load_address>
         <run_address>0xaf59</run_address>
         <size>0x42b</size>
         <input_file_ref idref="fl-3"/>
      </object_component>
      <object_component id="oc-2f2">
         <name>.debug_info</name>
         <load_address>0xb384</load_address>
         <run_address>0xb384</run_address>
         <size>0x55e</size>
         <input_file_ref idref="fl-4"/>
      </object_component>
      <object_component id="oc-de">
         <name>.debug_info</name>
         <load_address>0xb8e2</load_address>
         <run_address>0xb8e2</run_address>
         <size>0x3e0</size>
         <input_file_ref idref="fl-4"/>
      </object_component>
      <object_component id="oc-1e4">
         <name>.debug_info</name>
         <load_address>0xbcc2</load_address>
         <run_address>0xbcc2</run_address>
         <size>0x37e2</size>
         <input_file_ref idref="fl-4"/>
      </object_component>
      <object_component id="oc-f0">
         <name>.debug_info</name>
         <load_address>0xf4a4</load_address>
         <run_address>0xf4a4</run_address>
         <size>0x758</size>
         <input_file_ref idref="fl-5"/>
      </object_component>
      <object_component id="oc-1db">
         <name>.debug_info</name>
         <load_address>0xfbfc</load_address>
         <run_address>0xfbfc</run_address>
         <size>0xc60</size>
         <input_file_ref idref="fl-6"/>
      </object_component>
      <object_component id="oc-fc">
         <name>.debug_info</name>
         <load_address>0x1085c</load_address>
         <run_address>0x1085c</run_address>
         <size>0xa5a</size>
         <input_file_ref idref="fl-7"/>
      </object_component>
      <object_component id="oc-71">
         <name>.debug_info</name>
         <load_address>0x112b6</load_address>
         <run_address>0x112b6</run_address>
         <size>0x6d3</size>
         <input_file_ref idref="fl-7"/>
      </object_component>
      <object_component id="oc-1ee">
         <name>.debug_info</name>
         <load_address>0x11989</load_address>
         <run_address>0x11989</run_address>
         <size>0x48</size>
         <input_file_ref idref="fl-7"/>
      </object_component>
      <object_component id="oc-2aa">
         <name>.debug_info</name>
         <load_address>0x119d1</load_address>
         <run_address>0x119d1</run_address>
         <size>0xcc</size>
         <input_file_ref idref="fl-7"/>
      </object_component>
      <object_component id="oc-1a1">
         <name>.debug_info</name>
         <load_address>0x11a9d</load_address>
         <run_address>0x11a9d</run_address>
         <size>0x2c</size>
         <input_file_ref idref="fl-7"/>
      </object_component>
      <object_component id="oc-17e">
         <name>.debug_info</name>
         <load_address>0x11ac9</load_address>
         <run_address>0x11ac9</run_address>
         <size>0x5ca</size>
         <input_file_ref idref="fl-8"/>
      </object_component>
      <object_component id="oc-184">
         <name>.debug_info</name>
         <load_address>0x12093</load_address>
         <run_address>0x12093</run_address>
         <size>0xfb</size>
         <input_file_ref idref="fl-8"/>
      </object_component>
      <object_component id="oc-181">
         <name>.debug_info</name>
         <load_address>0x1218e</load_address>
         <run_address>0x1218e</run_address>
         <size>0xf7</size>
         <input_file_ref idref="fl-8"/>
      </object_component>
      <object_component id="oc-ba">
         <name>.debug_info</name>
         <load_address>0x12285</load_address>
         <run_address>0x12285</run_address>
         <size>0x60b</size>
         <input_file_ref idref="fl-8"/>
      </object_component>
      <object_component id="oc-f6">
         <name>.debug_info</name>
         <load_address>0x12890</load_address>
         <run_address>0x12890</run_address>
         <size>0x1f7</size>
         <input_file_ref idref="fl-a"/>
      </object_component>
      <object_component id="oc-117">
         <name>.debug_info</name>
         <load_address>0x12a87</load_address>
         <run_address>0x12a87</run_address>
         <size>0x56c</size>
         <input_file_ref idref="fl-b"/>
      </object_component>
      <object_component id="oc-10f">
         <name>.debug_info</name>
         <load_address>0x12ff3</load_address>
         <run_address>0x12ff3</run_address>
         <size>0x15d</size>
         <input_file_ref idref="fl-b"/>
      </object_component>
      <object_component id="oc-77">
         <name>.debug_info</name>
         <load_address>0x13150</load_address>
         <run_address>0x13150</run_address>
         <size>0x549</size>
         <input_file_ref idref="fl-b"/>
      </object_component>
      <object_component id="oc-1d0">
         <name>.debug_info</name>
         <load_address>0x13699</load_address>
         <run_address>0x13699</run_address>
         <size>0x6c6</size>
         <input_file_ref idref="fl-c"/>
      </object_component>
      <object_component id="oc-1d4">
         <name>.debug_info</name>
         <load_address>0x13d5f</load_address>
         <run_address>0x13d5f</run_address>
         <size>0x1bd</size>
         <input_file_ref idref="fl-c"/>
      </object_component>
      <object_component id="oc-e4">
         <name>.debug_info</name>
         <load_address>0x13f1c</load_address>
         <run_address>0x13f1c</run_address>
         <size>0x53b</size>
         <input_file_ref idref="fl-c"/>
      </object_component>
      <object_component id="oc-1ad">
         <name>.debug_info</name>
         <load_address>0x14457</load_address>
         <run_address>0x14457</run_address>
         <size>0x79d</size>
         <input_file_ref idref="fl-d"/>
      </object_component>
      <object_component id="oc-d8">
         <name>.debug_info</name>
         <load_address>0x14bf4</load_address>
         <run_address>0x14bf4</run_address>
         <size>0x1c84</size>
         <input_file_ref idref="fl-d"/>
      </object_component>
      <object_component id="oc-1c9">
         <name>.debug_info</name>
         <load_address>0x16878</load_address>
         <run_address>0x16878</run_address>
         <size>0x2c</size>
         <input_file_ref idref="fl-d"/>
      </object_component>
      <object_component id="oc-ea">
         <name>.debug_info</name>
         <load_address>0x168a4</load_address>
         <run_address>0x168a4</run_address>
         <size>0x255</size>
         <input_file_ref idref="fl-e"/>
      </object_component>
      <object_component id="oc-7e">
         <name>.debug_info</name>
         <load_address>0x16af9</load_address>
         <run_address>0x16af9</run_address>
         <size>0x2d1</size>
         <input_file_ref idref="fl-f"/>
      </object_component>
      <object_component id="oc-27">
         <name>.debug_info</name>
         <load_address>0x16dca</load_address>
         <run_address>0x16dca</run_address>
         <size>0xfd</size>
         <input_file_ref idref="fl-f"/>
      </object_component>
      <object_component id="oc-6b">
         <name>.debug_info</name>
         <load_address>0x16ec7</load_address>
         <run_address>0x16ec7</run_address>
         <size>0x1c4</size>
         <input_file_ref idref="fl-f"/>
      </object_component>
      <object_component id="oc-17a">
         <name>.debug_info</name>
         <load_address>0x1708b</load_address>
         <run_address>0x1708b</run_address>
         <size>0xf6</size>
         <input_file_ref idref="fl-10"/>
      </object_component>
      <object_component id="oc-b3">
         <name>.debug_info</name>
         <load_address>0x17181</load_address>
         <run_address>0x17181</run_address>
         <size>0x268</size>
         <input_file_ref idref="fl-10"/>
      </object_component>
      <object_component id="oc-1a0">
         <name>.debug_info</name>
         <load_address>0x173e9</load_address>
         <run_address>0x173e9</run_address>
         <size>0x3e5</size>
         <input_file_ref idref="fl-ca"/>
      </object_component>
      <object_component id="oc-19b">
         <name>.debug_info</name>
         <load_address>0x177ce</load_address>
         <run_address>0x177ce</run_address>
         <size>0x157</size>
         <input_file_ref idref="fl-ca"/>
      </object_component>
      <object_component id="oc-197">
         <name>.debug_info</name>
         <load_address>0x17925</load_address>
         <run_address>0x17925</run_address>
         <size>0x166</size>
         <input_file_ref idref="fl-ca"/>
      </object_component>
      <object_component id="oc-c3">
         <name>.debug_info</name>
         <load_address>0x17a8b</load_address>
         <run_address>0x17a8b</run_address>
         <size>0x1ac</size>
         <input_file_ref idref="fl-ca"/>
      </object_component>
      <object_component id="oc-2a1">
         <name>.debug_info</name>
         <load_address>0x17c37</load_address>
         <run_address>0x17c37</run_address>
         <size>0xb2</size>
         <input_file_ref idref="fl-ca"/>
      </object_component>
      <object_component id="oc-278">
         <name>.debug_info</name>
         <load_address>0x17ce9</load_address>
         <run_address>0x17ce9</run_address>
         <size>0x590</size>
         <input_file_ref idref="fl-cb"/>
      </object_component>
      <object_component id="oc-243">
         <name>.debug_info</name>
         <load_address>0x18279</load_address>
         <run_address>0x18279</run_address>
         <size>0x21e</size>
         <input_file_ref idref="fl-cb"/>
      </object_component>
      <object_component id="oc-345">
         <name>.debug_info</name>
         <load_address>0x18497</load_address>
         <run_address>0x18497</run_address>
         <size>0x1b3</size>
         <input_file_ref idref="fl-cb"/>
      </object_component>
      <object_component id="oc-34b">
         <name>.debug_info</name>
         <load_address>0x1864a</load_address>
         <run_address>0x1864a</run_address>
         <size>0x21b</size>
         <input_file_ref idref="fl-cb"/>
      </object_component>
      <object_component id="oc-24e">
         <name>.debug_info</name>
         <load_address>0x18865</load_address>
         <run_address>0x18865</run_address>
         <size>0x3c0</size>
         <input_file_ref idref="fl-cb"/>
      </object_component>
      <object_component id="oc-352">
         <name>.debug_info</name>
         <load_address>0x18c25</load_address>
         <run_address>0x18c25</run_address>
         <size>0x30a</size>
         <input_file_ref idref="fl-cb"/>
      </object_component>
      <object_component id="oc-358">
         <name>.debug_info</name>
         <load_address>0x18f2f</load_address>
         <run_address>0x18f2f</run_address>
         <size>0x215</size>
         <input_file_ref idref="fl-cb"/>
      </object_component>
      <object_component id="oc-254">
         <name>.debug_info</name>
         <load_address>0x19144</load_address>
         <run_address>0x19144</run_address>
         <size>0x215</size>
         <input_file_ref idref="fl-cb"/>
      </object_component>
      <object_component id="oc-25a">
         <name>.debug_info</name>
         <load_address>0x19359</load_address>
         <run_address>0x19359</run_address>
         <size>0x304</size>
         <input_file_ref idref="fl-cb"/>
      </object_component>
      <object_component id="oc-260">
         <name>.debug_info</name>
         <load_address>0x1965d</load_address>
         <run_address>0x1965d</run_address>
         <size>0x4b5</size>
         <input_file_ref idref="fl-cb"/>
      </object_component>
      <object_component id="oc-188">
         <name>.debug_info</name>
         <load_address>0x19b12</load_address>
         <run_address>0x19b12</run_address>
         <size>0x5f4</size>
         <input_file_ref idref="fl-cb"/>
      </object_component>
      <object_component id="oc-279">
         <name>.debug_info</name>
         <load_address>0x1a106</load_address>
         <run_address>0x1a106</run_address>
         <size>0x86</size>
         <input_file_ref idref="fl-cb"/>
      </object_component>
      <object_component id="oc-387">
         <name>.debug_info</name>
         <load_address>0x1a18c</load_address>
         <run_address>0x1a18c</run_address>
         <size>0x39</size>
         <input_file_ref idref="fl-cb"/>
      </object_component>
      <object_component id="oc-469">
         <name>.debug_info</name>
         <load_address>0x1a1c5</load_address>
         <run_address>0x1a1c5</run_address>
         <size>0xb6</size>
         <input_file_ref idref="fl-cb"/>
      </object_component>
      <object_component id="oc-38c">
         <name>.debug_info</name>
         <load_address>0x1a27b</load_address>
         <run_address>0x1a27b</run_address>
         <size>0x46</size>
         <input_file_ref idref="fl-cb"/>
      </object_component>
      <object_component id="oc-27e">
         <name>.debug_info</name>
         <load_address>0x1a2c1</load_address>
         <run_address>0x1a2c1</run_address>
         <size>0x46</size>
         <input_file_ref idref="fl-cb"/>
      </object_component>
      <object_component id="oc-382">
         <name>.debug_info</name>
         <load_address>0x1a307</load_address>
         <run_address>0x1a307</run_address>
         <size>0x2c</size>
         <input_file_ref idref="fl-cb"/>
      </object_component>
      <object_component id="oc-2cc">
         <name>.debug_info</name>
         <load_address>0x1a333</load_address>
         <run_address>0x1a333</run_address>
         <size>0x3f5</size>
         <input_file_ref idref="fl-cc"/>
      </object_component>
      <object_component id="oc-2c2">
         <name>.debug_info</name>
         <load_address>0x1a728</load_address>
         <run_address>0x1a728</run_address>
         <size>0x20e</size>
         <input_file_ref idref="fl-cc"/>
      </object_component>
      <object_component id="oc-2e1">
         <name>.debug_info</name>
         <load_address>0x1a936</load_address>
         <run_address>0x1a936</run_address>
         <size>0x176</size>
         <input_file_ref idref="fl-cc"/>
      </object_component>
      <object_component id="oc-1bd">
         <name>.debug_info</name>
         <load_address>0x1aaac</load_address>
         <run_address>0x1aaac</run_address>
         <size>0x1e4</size>
         <input_file_ref idref="fl-cc"/>
      </object_component>
      <object_component id="oc-1b7">
         <name>.debug_info</name>
         <load_address>0x1ac90</load_address>
         <run_address>0x1ac90</run_address>
         <size>0x1cd</size>
         <input_file_ref idref="fl-cc"/>
      </object_component>
      <object_component id="oc-121">
         <name>.debug_info</name>
         <load_address>0x1ae5d</load_address>
         <run_address>0x1ae5d</run_address>
         <size>0x2c</size>
         <input_file_ref idref="fl-cc"/>
      </object_component>
      <object_component id="oc-3b1">
         <name>.debug_info</name>
         <load_address>0x1ae89</load_address>
         <run_address>0x1ae89</run_address>
         <size>0x383</size>
         <input_file_ref idref="fl-cd"/>
      </object_component>
      <object_component id="oc-299">
         <name>.debug_info</name>
         <load_address>0x1b20c</load_address>
         <run_address>0x1b20c</run_address>
         <size>0x1ea</size>
         <input_file_ref idref="fl-cd"/>
      </object_component>
      <object_component id="oc-3af">
         <name>.debug_info</name>
         <load_address>0x1b3f6</load_address>
         <run_address>0x1b3f6</run_address>
         <size>0x3fc</size>
         <input_file_ref idref="fl-ce"/>
      </object_component>
      <object_component id="oc-292">
         <name>.debug_info</name>
         <load_address>0x1b7f2</load_address>
         <run_address>0x1b7f2</run_address>
         <size>0x2e2</size>
         <input_file_ref idref="fl-ce"/>
      </object_component>
      <object_component id="oc-132">
         <name>.debug_info</name>
         <load_address>0x1bad4</load_address>
         <run_address>0x1bad4</run_address>
         <size>0x2c</size>
         <input_file_ref idref="fl-ce"/>
      </object_component>
      <object_component id="oc-421">
         <name>.debug_info</name>
         <load_address>0x1bb00</load_address>
         <run_address>0x1bb00</run_address>
         <size>0x300</size>
         <input_file_ref idref="fl-cf"/>
      </object_component>
      <object_component id="oc-397">
         <name>.debug_info</name>
         <load_address>0x1be00</load_address>
         <run_address>0x1be00</run_address>
         <size>0x19c</size>
         <input_file_ref idref="fl-cf"/>
      </object_component>
      <object_component id="oc-2e8">
         <name>.debug_info</name>
         <load_address>0x1bf9c</load_address>
         <run_address>0x1bf9c</run_address>
         <size>0xbf</size>
         <input_file_ref idref="fl-cf"/>
      </object_component>
      <object_component id="oc-2e7">
         <name>.debug_info</name>
         <load_address>0x1c05b</load_address>
         <run_address>0x1c05b</run_address>
         <size>0x374</size>
         <input_file_ref idref="fl-d0"/>
      </object_component>
      <object_component id="oc-1c3">
         <name>.debug_info</name>
         <load_address>0x1c3cf</load_address>
         <run_address>0x1c3cf</run_address>
         <size>0x20b</size>
         <input_file_ref idref="fl-d0"/>
      </object_component>
      <object_component id="oc-340">
         <name>.debug_info</name>
         <load_address>0x1c5da</load_address>
         <run_address>0x1c5da</run_address>
         <size>0x14c</size>
         <input_file_ref idref="fl-d1"/>
      </object_component>
      <object_component id="oc-249">
         <name>.debug_info</name>
         <load_address>0x1c726</load_address>
         <run_address>0x1c726</run_address>
         <size>0x128</size>
         <input_file_ref idref="fl-d2"/>
      </object_component>
      <object_component id="oc-32b">
         <name>.debug_info</name>
         <load_address>0x1c84e</load_address>
         <run_address>0x1c84e</run_address>
         <size>0x12a</size>
         <input_file_ref idref="fl-d2"/>
      </object_component>
      <object_component id="oc-326">
         <name>.debug_info</name>
         <load_address>0x1c978</load_address>
         <run_address>0x1c978</run_address>
         <size>0x13a</size>
         <input_file_ref idref="fl-d3"/>
      </object_component>
      <object_component id="oc-321">
         <name>.debug_info</name>
         <load_address>0x1cab2</load_address>
         <run_address>0x1cab2</run_address>
         <size>0x13a</size>
         <input_file_ref idref="fl-d4"/>
      </object_component>
      <object_component id="oc-330">
         <name>.debug_info</name>
         <load_address>0x1cbec</load_address>
         <run_address>0x1cbec</run_address>
         <size>0x12e</size>
         <input_file_ref idref="fl-d5"/>
      </object_component>
      <object_component id="oc-33b">
         <name>.debug_info</name>
         <load_address>0x1cd1a</load_address>
         <run_address>0x1cd1a</run_address>
         <size>0x12c</size>
         <input_file_ref idref="fl-d6"/>
      </object_component>
[...]
      </symbol>
      <symbol id="sm-65a">
         <name>__aeabi_d2iz</name>
         <value>0x44f9</value>
         <object_component_ref idref="oc-32f"/>
      </symbol>
      <symbol id="sm-664">
         <name>__aeabi_i2d</name>
         <value>0x4841</value>
         <object_component_ref idref="oc-33a"/>
      </symbol>
      <symbol id="sm-67f">
         <name>memcpy</name>
         <value>0x3975</value>
         <object_component_ref idref="oc-3a"/>
      </symbol>
      <symbol id="sm-680">
         <name>__aeabi_memcpy</name>
         <value>0x3975</value>
         <object_component_ref idref="oc-3a"/>
      </symbol>
      <symbol id="sm-681">
         <name>__aeabi_memcpy8</name>
         <value>0x3975</value>
         <object_component_ref idref="oc-3a"/>
      </symbol>
      <symbol id="sm-682">
         <name>__aeabi_memcpy4</name>
         <value>0x3975</value>
         <object_component_ref idref="oc-3a"/>
      </symbol>
      <symbol id="sm-691">
         <name>__aeabi_memset</name>
         <value>0x3c43</value>
         <object_component_ref idref="oc-9a"/>
      </symbol>
      <symbol id="sm-692">
         <name>memset</name>
         <value>0x3c49</value>
         <object_component_ref idref="oc-9a"/>
      </symbol>
      <symbol id="sm-693">
         <name>__aeabi_memset8</name>
         <value>0x3c43</value>
         <object_component_ref idref="oc-9a"/>
      </symbol>
      <symbol id="sm-694">
         <name>__aeabi_memset4</name>
         <value>0x3c43</value>
         <object_component_ref idref="oc-9a"/>
      </symbol>
      <symbol id="sm-695">
         <name>__aeabi_memclr8</name>
         <value>0x3c41</value>
         <object_component_ref idref="oc-9a"/>
      </symbol>
      <symbol id="sm-696">
         <name>__aeabi_memclr4</name>
         <value>0x3c41</value>
         <object_component_ref idref="oc-9a"/>
      </symbol>
      <symbol id="sm-697">
         <name>__aeabi_memclr</name>
         <value>0x3c41</value>
         <object_component_ref idref="oc-9a"/>
      </symbol>
      <symbol id="sm-6a4">
         <name>__aeabi_uldivmod</name>
         <value>0x3a11</value>
         <object_component_ref idref="oc-319"/>
      </symbol>
      <symbol id="sm-6b8">
         <name>__TI_zero_init_nomemset</name>
         <value>0x4959</value>
         <object_component_ref idref="oc-46"/>
      </symbol>
      <symbol id="sm-6cf">
         <name>__TI_decompress_none</name>
         <value>0x4a2f</value>
         <object_component_ref idref="oc-1d"/>
      </symbol>
      <symbol id="sm-6f2">
         <name>__TI_decompress_lzss</name>
         <value>0x3f5d</value>
         <object_component_ref idref="oc-17"/>
      </symbol>
      <symbol id="sm-718">
         <name>C$$EXIT</name>
         <value>0x4a69</value>
         <object_component_ref idref="oc-13b"/>
      </symbol>
      <symbol id="sm-719">
         <name>abort</name>
         <value>0x4a69</value>
         <object_component_ref idref="oc-13b"/>
      </symbol>
      <symbol id="sm-71a">
         <name>__TI_dtors_ptr</name>
         <value>0x200005e4</value>
         <object_component_ref idref="oc-212"/>
      </symbol>
      <symbol id="sm-71b">
         <name>__TI_cleanup_ptr</name>
         <value>0x200005e0</value>
         <object_component_ref idref="oc-212"/>
      </symbol>
      <symbol id="sm-71c">
         <name>__TI_enable_exit_profile_output</name>
         <value>0x200005e8</value>
         <object_component_ref idref="oc-212"/>
      </symbol>
      <symbol id="sm-71d">
         <name>exit</name>
         <value>0x44b1</value>
         <object_component_ref idref="oc-141"/>
      </symbol>
      <symbol id="sm-732">
         <name>_nop</name>
         <value>0xb33</value>
         <object_component_ref idref="oc-283"/>
      </symbol>
      <symbol id="sm-733">
         <name>_lock</name>
         <value>0x20000604</value>
         <object_component_ref idref="oc-18d"/>
      </symbol>
      <symbol id="sm-734">
         <name>_unlock</name>
         <value>0x20000608</value>
         <object_component_ref idref="oc-18d"/>
      </symbol>
      <symbol id="sm-743">
         <name>__TI_ltoa</name>
         <value>0x4373</value>
         <object_component_ref idref="oc-334"/>
      </symbol>
      <symbol id="sm-759">
         <name>atoi</name>
         <value>0x4465</value>
         <object_component_ref idref="oc-23c"/>
      </symbol>
      <symbol id="sm-764">
         <name>_ctypes_</name>
         <value>0x4a6c</value>
         <object_component_ref idref="oc-314"/>
      </symbol>
      <symbol id="sm-779">
         <name>__TI_tmpnams</name>
         <value>0x20000748</value>
      </symbol>
      <symbol id="sm-77a">
         <name>__aeabi_stdout</name>
         <value>0x200005d8</value>
         <object_component_ref idref="oc-2c8"/>
      </symbol>
      <symbol id="sm-77b">
         <name>__aeabi_stderr</name>
         <value>0x200005dc</value>
         <object_component_ref idref="oc-2c8"/>
      </symbol>
      <symbol id="sm-77c">
         <name>__aeabi_stdin</name>
         <value>0x200005d4</value>
         <object_component_ref idref="oc-2c8"/>
      </symbol>
      <symbol id="sm-77d">
         <name>_ftable</name>
         <value>0x20000400</value>
         <object_component_ref idref="oc-190"/>
      </symbol>
      <symbol id="sm-77e">
         <name>__TI_ft_end</name>
         <value>0x200005d0</value>
         <object_component_ref idref="oc-2c8"/>
      </symbol>
      <symbol id="sm-78e">
         <name>memccpy</name>
         <value>0x4991</value>
         <object_component_ref idref="oc-265"/>
      </symbol>
      <symbol id="sm-79e">
         <name>memchr</name>
         <value>0x4939</value>
         <object_component_ref idref="oc-39c"/>
      </symbol>
      <symbol id="sm-822">
         <name>_sys_memory</name>
         <value>0x20000000</value>
         <object_component_ref idref="oc-29"/>
      </symbol>
      <symbol id="sm-823">
         <name>free</name>
         <value>0x34f1</value>
         <object_component_ref idref="oc-2d4"/>
      </symbol>
      <symbol id="sm-824">
         <name>memalign</name>
         <value>0x31fd</value>
         <object_component_ref idref="oc-417"/>
      </symbol>
      <symbol id="sm-825">
         <name>malloc</name>
         <value>0x4a55</value>
         <object_component_ref idref="oc-2da"/>
      </symbol>
      <symbol id="sm-826">
         <name>aligned_alloc</name>
         <value>0x31fd</value>
         <object_component_ref idref="oc-417"/>
      </symbol>
      <symbol id="sm-836">
         <name>strchr</name>
         <value>0x49df</value>
         <object_component_ref idref="oc-36b"/>
      </symbol>
      <symbol id="sm-844">
         <name>strlen</name>
         <value>0x4a09</value>
         <object_component_ref idref="oc-236"/>
      </symbol>
      <symbol id="sm-857">
         <name>__stack</name>
         <value>0x2000fe00</value>
         <object_component_ref idref="oc-2c"/>
      </symbol>
      <symbol id="sm-858">
         <name>_c_int00_noargs</name>
         <value>0x47a9</value>
         <object_component_ref idref="oc-58"/>
      </symbol>
      <symbol id="sm-86d">
         <name>write</name>
         <value>0x48ed</value>
         <object_component_ref idref="oc-3a8"/>
      </symbol>
      <symbol id="sm-87e">
         <name>_stream</name>
         <value>0x20000568</value>
         <object_component_ref idref="oc-479"/>
      </symbol>
      <symbol id="sm-87f">
         <name>_device</name>
         <value>0x200004f0</value>
         <object_component_ref idref="oc-2bc"/>
      </symbol>
      <symbol id="sm-89c">
         <name>open</name>
         <value>0x36b1</value>
         <object_component_ref idref="oc-3f0"/>
      </symbol>
      <symbol id="sm-8bc">
         <name>add_device</name>
         <value>0x376d</value>
         <object_component_ref idref="oc-1b0"/>
      </symbol>
      <symbol id="sm-8d2">
         <name>__aeabi_errno_addr</name>
         <value>0x4a4d</value>
         <object_component_ref idref="oc-271"/>
      </symbol>
      <symbol id="sm-8d3">
         <name>errno</name>
         <value>0x20000618</value>
         <object_component_ref idref="oc-37b"/>
      </symbol>
      <symbol id="sm-8ec">
         <name>wcslen</name>
         <value>0x4a1d</value>
         <object_component_ref idref="oc-26b"/>
      </symbol>
      <symbol id="sm-90c">
         <name>frexpl</name>
         <value>0x402d</value>
         <object_component_ref idref="oc-35f"/>
      </symbol>
      <symbol id="sm-90d">
         <name>frexp</name>
         <value>0x402d</value>
         <object_component_ref idref="oc-35f"/>
      </symbol>
      <symbol id="sm-92a">
         <name>scalbn</name>
         <value>0x30ed</value>
         <object_component_ref idref="oc-365"/>
      </symbol>
      <symbol id="sm-92b">
         <name>scalbnl</name>
         <value>0x30ed</value>
         <object_component_ref idref="oc-365"/>
      </symbol>
      <symbol id="sm-92c">
         <name>ldexpl</name>
         <value>0x30ed</value>
         <object_component_ref idref="oc-365"/>
      </symbol>
      <symbol id="sm-92d">
         <name>ldexp</name>
         <value>0x30ed</value>
         <object_component_ref idref="oc-365"/>
      </symbol>
      <symbol id="sm-942">
         <name>__TI_closefile</name>
         <value>0x3d35</value>
         <object_component_ref idref="oc-2cd"/>
      </symbol>
      <symbol id="sm-952">
         <name>__TI_doflush</name>
         <value>0x4419</value>
         <object_component_ref idref="oc-3a2"/>
      </symbol>
      <symbol id="sm-964">
         <name>fseek</name>
         <value>0x4091</value>
         <object_component_ref idref="oc-46e"/>
      </symbol>
      <symbol id="sm-982">
         <name>finddevice</name>
         <value>0x4811</value>
         <object_component_ref idref="oc-2af"/>
      </symbol>
      <symbol id="sm-983">
         <name>getdevice</name>
         <value>0x460d</value>
         <object_component_ref idref="oc-4b1"/>
      </symbol>
      <symbol id="sm-98d">
         <name>__aeabi_idiv0</name>
         <value>0x2867</value>
         <object_component_ref idref="oc-439"/>
      </symbol>
      <symbol id="sm-98e">
         <name>__aeabi_ldiv0</name>
         <value>0x2867</value>
         <object_component_ref idref="oc-439"/>
      </symbol>
      <symbol id="sm-9b6">
         <name>__TI_auto_init_nobinit_nopinit</name>
         <value>0x45c9</value>
         <object_component_ref idref="oc-147"/>
      </symbol>
      <symbol id="sm-9c0">
         <name>_system_pre_init</name>
         <value>0x4a65</value>
         <object_component_ref idref="oc-a0"/>
      </symbol>
      <symbol id="sm-9d1">
         <name>strcmp</name>
         <value>0x49c7</value>
         <object_component_ref idref="oc-3b2"/>
      </symbol>
      <symbol id="sm-9e1">
         <name>strncpy</name>
         <value>0x4709</value>
         <object_component_ref idref="oc-2b5"/>
      </symbol>
      <symbol id="sm-9f2">
         <name>HOSTclose</name>
         <value>0x4541</value>
         <object_component_ref idref="oc-3c2"/>
      </symbol>
      <symbol id="sm-a03">
         <name>HOSTlseek</name>
         <value>0x3ef5</value>
         <object_component_ref idref="oc-3d4"/>
      </symbol>
      <symbol id="sm-a15">
         <name>parmbuf</name>
         <value>0x200007f0</value>
      </symbol>
      <symbol id="sm-a16">
         <name>HOSTopen</name>
         <value>0x4159</value>
         <object_component_ref idref="oc-3bc"/>
      </symbol>
      <symbol id="sm-a27">
         <name>HOSTread</name>
         <value>0x4215</value>
         <object_component_ref idref="oc-3c8"/>
      </symbol>
      <symbol id="sm-a38">
         <name>HOSTrename</name>
         <value>0x3e89</value>
         <object_component_ref idref="oc-3e0"/>
      </symbol>
      <symbol id="sm-a49">
         <name>HOSTunlink</name>
         <value>0x4585</value>
         <object_component_ref idref="oc-3da"/>
      </symbol>
      <symbol id="sm-a5a">
         <name>HOSTwrite</name>
         <value>0x426d</value>
         <object_component_ref idref="oc-3ce"/>
      </symbol>
      <symbol id="sm-a7e">
         <name>__TI_readmsg</name>
         <value>0x4775</value>
         <object_component_ref idref="oc-48e"/>
      </symbol>
      <symbol id="sm-a7f">
         <name>C$$IO$$</name>
         <value>0x46ff</value>
         <object_component_ref idref="oc-488"/>
      </symbol>
      <symbol id="sm-a80">
         <name>__CIOBUF_</name>
         <value>0x20000628</value>
         <object_component_ref idref="oc-4f1"/>
      </symbol>
      <symbol id="sm-a81">
         <name>__TI_writemsg</name>
         <value>0x46d1</value>
         <object_component_ref idref="oc-488"/>
      </symbol>
      <symbol id="sm-a92">
         <name>lseek</name>
         <value>0x48c5</value>
         <object_component_ref idref="oc-4df"/>
      </symbol>
      <symbol id="sm-aa6">
         <name>close</name>
         <value>0x41b9</value>
         <object_component_ref idref="oc-3fb"/>
      </symbol>
      <symbol id="sm-ab0">
         <name>copysign</name>
         <value>0x49ad</value>
         <object_component_ref idref="oc-452"/>
      </symbol>
      <symbol id="sm-ab1">
         <name>copysignl</name>
         <value>0x49ad</value>
         <object_component_ref idref="oc-452"/>
      </symbol>
      <symbol id="sm-abf">
         <name>strcpy</name>
         <value>0x49f5</value>
         <object_component_ref idref="oc-4a2"/>
      </symbol>
      <symbol id="sm-acf">
         <name>unlink</name>
         <value>0x4871</value>
         <object_component_ref idref="oc-401"/>
      </symbol>
      <symbol id="sm-ad0">
         <name>__TI_static_base__</name>
         <value>0x0</value>
      </symbol>
      <symbol id="sm-ad3">
         <name>__mpu_init</name>
         <value>0x0</value>
      </symbol>
      <symbol id="sm-ad4">
         <name>_system_post_cinit</name>
         <value>0x0</value>
      </symbol>
      <symbol id="sm-ad5">
         <name>NMI_Handler</name>
         <value>0x4a49</value>
      </symbol>
      <symbol id="sm-ad6">
         <name>HardFault_Handler</name>
         <value>0x4a49</value>
      </symbol>
      <symbol id="sm-ad7">
         <name>MemManage_Handler</name>
         <value>0x4a49</value>
      </symbol>
      <symbol id="sm-ad8">
         <name>BusFault_Handler</name>
         <value>0x4a49</value>
      </symbol>
      <symbol id="sm-ad9">
         <name>UsageFault_Handler</name>
         <value>0x4a49</value>
      </symbol>
      <symbol id="sm-ada">
         <name>SVC_Handler</name>
         <value>0x4a49</value>
      </symbol>
      <symbol id="sm-adb">
         <name>DebugMon_Handler</name>
         <value>0x4a49</value>
      </symbol>
      <symbol id="sm-adc">
         <name>PendSV_Handler</name>
         <value>0x4a49</value>
      </symbol>
      <symbol id="sm-add">
         <name>SysTick_Handler</name>
         <value>0x1635</value>
      </symbol>
      <symbol id="sm-ade">
         <name>PSS_IRQHandler</name>
         <value>0x4a49</value>
      </symbol>
      <symbol id="sm-adf">
         <name>CS_IRQHandler</name>
         <value>0x4a49</value>
      </symbol>
      <symbol id="sm-ae0">
         <name>PCM_IRQHandler</name>
         <value>0x4a49</value>
      </symbol>
      <symbol id="sm-ae1">
         <name>WDT_A_IRQHandler</name>
         <value>0x4a49</value>
      </symbol>
      <symbol id="sm-ae2">
         <name>FPU_IRQHandler</name>
         <value>0x4a49</value>
      </symbol>
      <symbol id="sm-ae3">
         <name>FLCTL_IRQHandler</name>
         <value>0x4a49</value>
      </symbol>
      <symbol id="sm-ae4">
         <name>COMP_E0_IRQHandler</name>
         <value>0x4a49</value>
      </symbol>
      <symbol id="sm-ae5">
         <name>COMP_E1_IRQHandler</name>
         <value>0x4a49</value>
      </symbol>
      <symbol id="sm-ae6">
         <name>TA0_0_IRQHandler</name>
         <value>0x4a49</value>
      </symbol>
      <symbol id="sm-ae7">
         <name>TA0_N_IRQHandler</name>
         <value>0x4a49</value>
      </symbol>
      <symbol id="sm-ae8">
         <name>TA1_0_IRQHandler</name>
         <value>0x4a49</value>
      </symbol>
      <symbol id="sm-ae9">
         <name>TA1_N_IRQHandler</name>
         <value>0x4a49</value>
      </symbol>
      <symbol id="sm-aea">
         <name>TA2_0_IRQHandler</name>
         <value>0x4a49</value>
      </symbol>
      <symbol id="sm-aeb">
         <name>TA2_N_IRQHandler</name>
         <value>0x4a49</value>
      </symbol>
      <symbol id="sm-aec">
         <name>TA3_0_IRQHandler</name>
         <value>0x21d1</value>
      </symbol>
      <symbol id="sm-aed">
         <name>TA3_N_IRQHandler</name>
         <value>0x21eb</value>
      </symbol>
      <symbol id="sm-aee">
         <name>EUSCIA0_IRQHandler</name>
         <value>0x4a49</value>
      </symbol>
      <symbol id="sm-aef">
         <name>EUSCIA1_IRQHandler</name>
         <value>0x4a49</value>
      </symbol>
      <symbol id="sm-af0">
         <name>EUSCIA2_IRQHandler</name>
         <value>0x4a49</value>
      </symbol>
      <symbol id="sm-af1">
         <name>EUSCIA3_IRQHandler</name>
         <value>0x4a49</value>
      </symbol>
      <symbol id="sm-af2">
         <name>EUSCIB0_IRQHandler</name>
         <value>0x4a49</value>
      </symbol>
      <symbol id="sm-af3">
         <name>EUSCIB1_IRQHandler</name>
         <value>0x4a49</value>
      </symbol>
      <symbol id="sm-af4">
         <name>EUSCIB2_IRQHandler</name>
         <value>0x4a49</value>
      </symbol>
      <symbol id="sm-af5">
         <name>EUSCIB3_IRQHandler</name>
         <value>0x4a49</value>
      </symbol>
      <symbol id="sm-af6">
         <name>ADC14_IRQHandler</name>
         <value>0x4a49</value>
      </symbol>
      <symbol id="sm-af7">
         <name>T32_INT1_IRQHandler</name>
         <value>0x4a49</value>
      </symbol>
      <symbol id="sm-af8">
         <name>T32_INT2_IRQHandler</name>
         <value>0x4a49</value>
      </symbol>
      <symbol id="sm-af9">
         <name>T32_INTC_IRQHandler</name>
         <value>0x4a49</value>
      </symbol>
      <symbol id="sm-afa">
         <name>AES256_IRQHandler</name>
         <value>0x4a49</value>
      </symbol>
      <symbol id="sm-afb">
         <name>RTC_C_IRQHandler</name>
         <value>0x4a49</value>
      </symbol>
      <symbol id="sm-afc">
         <name>DMA_ERR_IRQHandler</name>
         <value>0x4a49</value>
      </symbol>
      <symbol id="sm-afd">
         <name>DMA_INT3_IRQHandler</name>
         <value>0x4a49</value>
      </symbol>
      <symbol id="sm-afe">
         <name>DMA_INT2_IRQHandler</name>
         <value>0x4a49</value>
      </symbol>
      <symbol id="sm-aff">
         <name>DMA_INT1_IRQHandler</name>
         <value>0x4a49</value>
      </symbol>
      <symbol id="sm-b00">
         <name>DMA_INT0_IRQHandler</name>
         <value>0x4a49</value>
      </symbol>
      <symbol id="sm-b01">
         <name>PORT1_IRQHandler</name>
         <value>0x4a49</value>
      </symbol>
      <symbol id="sm-b02">
         <name>PORT2_IRQHandler</name>
         <value>0x4a49</value>
      </symbol>
      <symbol id="sm-b03">
         <name>PORT3_IRQHandler</name>
         <value>0x4a49</value>
      </symbol>
      <symbol id="sm-b04">
         <name>PORT4_IRQHandler</name>
         <value>0x4a49</value>
      </symbol>
      <symbol id="sm-b05">
         <name>PORT5_IRQHandler</name>
         <value>0x4a49</value>
      </symbol>
      <symbol id="sm-b06">
         <name>PORT6_IRQHandler</name>
         <value>0x4a49</value>
      </symbol>
      <symbol id="sm-b07">
         <name>remove</name>
         <value>0x4871</value>
      </symbol>
   </symbol_table>
   <title>Link successful</title>
</link_info>
