Archive member included to satisfy reference by file (symbol)

/usr/lib/gcc/arm-none-eabi/9.2.1/../../../arm-none-eabi/lib/thumb/v7e-m+fp/hard/libc.a(lib_a-abs.o)
                              _build/romi.o (abs)
/usr/lib/gcc/arm-none-eabi/9.2.1/../../../arm-none-eabi/lib/thumb/v7e-m+fp/hard/libc.a(lib_a-assert.o)
                              _build/lf_nrf52_support.o (__assert_func)
/usr/lib/gcc/arm-none-eabi/9.2.1/../../../arm-none-eabi/lib/thumb/v7e-m+fp/hard/libc.a(lib_a-atexit.o)
                              /usr/lib/gcc/arm-none-eabi/9.2.1/../../../arm-none-eabi/lib/thumb/v7e-m+fp/hard/crt0.o (atexit)
/usr/lib/gcc/arm-none-eabi/9.2.1/../../../arm-none-eabi/lib/thumb/v7e-m+fp/hard/libc.a(lib_a-atoi.o)
                              _build/RobotSensor.o (atoi)
/usr/lib/gcc/arm-none-eabi/9.2.1/../../../arm-none-eabi/lib/thumb/v7e-m+fp/hard/libc.a(lib_a-atoll.o)
                              _build/RobotSensor.o (atoll)
/usr/lib/gcc/arm-none-eabi/9.2.1/../../../arm-none-eabi/lib/thumb/v7e-m+fp/hard/libc.a(lib_a-calloc.o)
                              _build/filter.o (calloc)
/usr/lib/gcc/arm-none-eabi/9.2.1/../../../arm-none-eabi/lib/thumb/v7e-m+fp/hard/libc.a(lib_a-callocr.o)
                              /usr/lib/gcc/arm-none-eabi/9.2.1/../../../arm-none-eabi/lib/thumb/v7e-m+fp/hard/libc.a(lib_a-calloc.o) (_calloc_r)
/usr/lib/gcc/arm-none-eabi/9.2.1/../../../arm-none-eabi/lib/thumb/v7e-m+fp/hard/libc.a(lib_a-ctime.o)
                              _build/RobotSensor.o (ctime)
/usr/lib/gcc/arm-none-eabi/9.2.1/../../../arm-none-eabi/lib/thumb/v7e-m+fp/hard/libc.a(lib_a-ctype_.o)
                              _build/nrf_log_str_formatter.o (_ctype_)
/usr/lib/gcc/arm-none-eabi/9.2.1/../../../arm-none-eabi/lib/thumb/v7e-m+fp/hard/libc.a(lib_a-exit.o)
                              /usr/lib/gcc/arm-none-eabi/9.2.1/../../../arm-none-eabi/lib/thumb/v7e-m+fp/hard/crt0.o (exit)
/usr/lib/gcc/arm-none-eabi/9.2.1/../../../arm-none-eabi/lib/thumb/v7e-m+fp/hard/libc.a(lib_a-fini.o)
                              /usr/lib/gcc/arm-none-eabi/9.2.1/../../../arm-none-eabi/lib/thumb/v7e-m+fp/hard/crt0.o (__libc_fini_array)
/usr/lib/gcc/arm-none-eabi/9.2.1/../../../arm-none-eabi/lib/thumb/v7e-m+fp/hard/libc.a(lib_a-fiprintf.o)
                              /usr/lib/gcc/arm-none-eabi/9.2.1/../../../arm-none-eabi/lib/thumb/v7e-m+fp/hard/libc.a(lib_a-assert.o) (fiprintf)
/usr/lib/gcc/arm-none-eabi/9.2.1/../../../arm-none-eabi/lib/thumb/v7e-m+fp/hard/libc.a(lib_a-impure.o)
                              /usr/lib/gcc/arm-none-eabi/9.2.1/../../../arm-none-eabi/lib/thumb/v7e-m+fp/hard/libc.a(lib_a-exit.o) (_global_impure_ptr)
/usr/lib/gcc/arm-none-eabi/9.2.1/../../../arm-none-eabi/lib/thumb/v7e-m+fp/hard/libc.a(lib_a-init.o)
                              /usr/lib/gcc/arm-none-eabi/9.2.1/../../../arm-none-eabi/lib/thumb/v7e-m+fp/hard/crt0.o (__libc_init_array)
/usr/lib/gcc/arm-none-eabi/9.2.1/../../../arm-none-eabi/lib/thumb/v7e-m+fp/hard/libc.a(lib_a-lcltime.o)
                              /usr/lib/gcc/arm-none-eabi/9.2.1/../../../arm-none-eabi/lib/thumb/v7e-m+fp/hard/libc.a(lib_a-ctime.o) (localtime)
/usr/lib/gcc/arm-none-eabi/9.2.1/../../../arm-none-eabi/lib/thumb/v7e-m+fp/hard/libc.a(lib_a-lcltime_r.o)
                              /usr/lib/gcc/arm-none-eabi/9.2.1/../../../arm-none-eabi/lib/thumb/v7e-m+fp/hard/libc.a(lib_a-lcltime.o) (localtime_r)
/usr/lib/gcc/arm-none-eabi/9.2.1/../../../arm-none-eabi/lib/thumb/v7e-m+fp/hard/libc.a(lib_a-malloc.o)
                              _build/RobotSensor.o (malloc)
/usr/lib/gcc/arm-none-eabi/9.2.1/../../../arm-none-eabi/lib/thumb/v7e-m+fp/hard/libc.a(lib_a-mallocr.o)
                              /usr/lib/gcc/arm-none-eabi/9.2.1/../../../arm-none-eabi/lib/thumb/v7e-m+fp/hard/libc.a(lib_a-callocr.o) (_malloc_r)
/usr/lib/gcc/arm-none-eabi/9.2.1/../../../arm-none-eabi/lib/thumb/v7e-m+fp/hard/libc.a(lib_a-memcmp.o)
                              _build/nrf_twi_mngr.o (memcmp)
/usr/lib/gcc/arm-none-eabi/9.2.1/../../../arm-none-eabi/lib/thumb/v7e-m+fp/hard/libc.a(lib_a-memcpy.o)
                              _build/romi.o (memcpy)
/usr/lib/gcc/arm-none-eabi/9.2.1/../../../arm-none-eabi/lib/thumb/v7e-m+fp/hard/libc.a(lib_a-memset.o)
                              /usr/lib/gcc/arm-none-eabi/9.2.1/../../../arm-none-eabi/lib/thumb/v7e-m+fp/hard/crt0.o (memset)
/usr/lib/gcc/arm-none-eabi/9.2.1/../../../arm-none-eabi/lib/thumb/v7e-m+fp/hard/libc.a(lib_a-mlock.o)
                              /usr/lib/gcc/arm-none-eabi/9.2.1/../../../arm-none-eabi/lib/thumb/v7e-m+fp/hard/libc.a(lib_a-mallocr.o) (__malloc_lock)
/usr/lib/gcc/arm-none-eabi/9.2.1/../../../arm-none-eabi/lib/thumb/v7e-m+fp/hard/libc.a(lib_a-month_lengths.o)
                              /usr/lib/gcc/arm-none-eabi/9.2.1/../../../arm-none-eabi/lib/thumb/v7e-m+fp/hard/libc.a(lib_a-lcltime_r.o) (__month_lengths)
/usr/lib/gcc/arm-none-eabi/9.2.1/../../../arm-none-eabi/lib/thumb/v7e-m+fp/hard/libc.a(lib_a-printf.o)
[...]
Memory Configuration

Name             Origin             Length             Attributes
FLASH            0x0000000000026000 0x0000000000059000 xr
RAM              0x00000000200098a8 0x0000000000006758 xrw
bootloader_settings_page 0x000000000007f000 0x0000000000001000 r
uicr_bootloader_start_address 0x0000000010001014 0x0000000000000004 r
*default*        0x0000000000000000 0xffffffffffffffff

Linker script and memory map


.text           0x0000000000026000    0x13584
 *(.isr_vector)
 .isr_vector    0x0000000000026000      0x200 _build/gcc_startup_nrf52.os
                0x0000000000026000                __isr_vector
 *(.text*)
 .text          0x0000000000026200       0x88 /usr/lib/gcc/arm-none-eabi/9.2.1/thumb/v7e-m+fp/hard/crtbegin.o
 .text          0x0000000000026288       0x70 /usr/lib/gcc/arm-none-eabi/9.2.1/../../../arm-none-eabi/lib/thumb/v7e-m+fp/hard/crt0.o
                0x0000000000026288                _stack_init
                0x0000000000026290                _mainCRTStartup
                0x0000000000026290                _start
 .text.lf_timer_event_handler
                0x00000000000262f8       0x24 _build/lf_nrf52_support.o
                0x00000000000262f8                lf_timer_event_handler
 .text.lf_initialize_clock
                0x000000000002631c       0x70 _build/lf_nrf52_support.o
                0x000000000002631c                lf_initialize_clock
 .text.lf_clock_gettime
                0x000000000002638c       0x44 _build/lf_nrf52_support.o
                0x000000000002638c                lf_clock_gettime
 .text.in_critical_section
                0x00000000000263d0       0x10 _build/lf_nrf52_support.o
                0x00000000000263d0                in_critical_section
 .text.lf_critical_section_enter
                0x00000000000263e0       0x50 _build/lf_nrf52_support.o
                0x00000000000263e0                lf_critical_section_enter
 .text.lf_critical_section_exit
                0x0000000000026430       0x34 _build/lf_nrf52_support.o
                0x0000000000026430                lf_critical_section_exit
 .text.lf_sleep_until
                0x0000000000026464       0xa8 _build/lf_nrf52_support.o
                0x0000000000026464                lf_sleep_until
 .text._romi_send_payload.constprop.0
                0x000000000002650c       0x54 _build/romi.o
 .text.romi_drive_direct
                0x0000000000026560       0xb8 _build/romi.o
                0x0000000000026560                romi_drive_direct
 .text.romi_init
                0x0000000000026618       0x84 _build/romi.o
                0x0000000000026618                romi_init
 .text.romi_sensors_poll
                0x000000000002669c      0x1d4 _build/romi.o
                0x000000000002669c                romi_sensors_poll
 .text.bubble_up
                0x0000000000026870       0x66 _build/RobotSensor.o
 .text.percolate_down
                0x00000000000268d6       0xc8 _build/RobotSensor.o
 .text.in_reverse_order
                0x000000000002699e        0xe _build/RobotSensor.o
 .text.in_no_particular_order
                0x00000000000269ac        0x4 _build/RobotSensor.o
 .text.event_matches
                0x00000000000269b0        0xc _build/RobotSensor.o
 .text.reaction_matches
                0x00000000000269bc        0x8 _build/RobotSensor.o
 .text.get_event_time
                0x00000000000269c4        0x6 _build/RobotSensor.o
 .text.get_reaction_index
                0x00000000000269ca        0x6 _build/RobotSensor.o
 .text.get_event_position
                0x00000000000269d0        0x4 _build/RobotSensor.o
 .text.get_reaction_position
                0x00000000000269d4        0x4 _build/RobotSensor.o
 .text.set_event_position
                0x00000000000269d8        0x4 _build/RobotSensor.o
 .text.set_reaction_position
                0x00000000000269dc        0x4 _build/RobotSensor.o
 .text.print_reaction
                0x00000000000269e0        0x2 _build/RobotSensor.o
 *fill*         0x00000000000269e2        0x2 
 .text.robotsensorreaction_function_0
                0x00000000000269e4       0x1c _build/RobotSensor.o
                0x00000000000269e4                robotsensorreaction_function_0
 .text.robotsensorreaction_function_1
                0x0000000000026a00       0xd4 _build/RobotSensor.o
                0x0000000000026a00                robotsensorreaction_function_1
 .text.vector_resize
                0x0000000000026ad4       0x50 _build/RobotSensor.o
 .text.print_event
                0x0000000000026b24        0x2 _build/RobotSensor.o
 *fill*         0x0000000000026b26        0x2 
 .text.lf_tag   0x0000000000026b28       0x14 _build/RobotSensor.o
                0x0000000000026b28                lf_tag
 .text.lf_comma_separated_time
                0x0000000000026b3c      0x100 _build/RobotSensor.o
                0x0000000000026b3c                lf_comma_separated_time
 .text.pqueue_init
                0x0000000000026c3c       0x4e _build/RobotSensor.o
                0x0000000000026c3c                pqueue_init
 .text.pqueue_size
                0x0000000000026c8a        0x8 _build/RobotSensor.o
                0x0000000000026c8a                pqueue_size
 .text.pqueue_insert
                0x0000000000026c92       0x3e _build/RobotSensor.o
                0x0000000000026c92                pqueue_insert
 .text.pqueue_pop
                0x0000000000026cd0       0x2a _build/RobotSensor.o
                0x0000000000026cd0                pqueue_pop
 .text.pqueue_peek
                0x0000000000026cfa       0x12 _build/RobotSensor.o
                0x0000000000026cfa                pqueue_peek
 .text.vector_at
                0x0000000000026d0c       0x3c _build/RobotSensor.o
                0x0000000000026d0c                vector_at
 .text._lf_message_print
                0x0000000000026d48       0xac _build/RobotSensor.o
                0x0000000000026d48                _lf_message_print
 .text.lf_vprint_error
                0x0000000000026df4       0x1c _build/RobotSensor.o
                0x0000000000026df4                lf_vprint_error
 .text.lf_print_error
                0x0000000000026e10       0x1a _build/RobotSensor.o
                0x0000000000026e10                lf_print_error
 *fill*         0x0000000000026e2a        0x2 
 .text._lf_physical_time
                0x0000000000026e2c       0x5c _build/RobotSensor.o
                0x0000000000026e2c                _lf_physical_time
 .text._lf_time
                0x0000000000026e88       0x54 _build/RobotSensor.o
                0x0000000000026e88                _lf_time
 .text.lf_time_logical_elapsed
                0x0000000000026edc        0x6 _build/RobotSensor.o
                0x0000000000026edc                lf_time_logical_elapsed
 *fill*         0x0000000000026ee2        0x2 
 .text.lf_vprint_warning
                0x0000000000026ee4       0x1c _build/RobotSensor.o
                0x0000000000026ee4                lf_vprint_warning
 .text.lf_print_warning
                0x0000000000026f00       0x1a _build/RobotSensor.o
                0x0000000000026f00                lf_print_warning
 *fill*         0x0000000000026f1a        0x2 
 .text.lf_vprint_error_and_exit
                0x0000000000026f1c       0x1c _build/RobotSensor.o
                0x0000000000026f1c                lf_vprint_error_and_exit
 .text.lf_print_error_and_exit
                0x0000000000026f38       0x16 _build/RobotSensor.o
                0x0000000000026f38                lf_print_error_and_exit
 *fill*         0x0000000000026f4e        0x2 
 .text.find_equal_same_priority
                0x0000000000026f50       0x8c _build/RobotSensor.o
                0x0000000000026f50                find_equal_same_priority
 .text.pqueue_find_equal_same_priority
                0x0000000000026fdc        0x6 _build/RobotSensor.o
                0x0000000000026fdc                pqueue_find_equal_same_priority
 *fill*         0x0000000000026fe2        0x2 
 .text._lf_allocate
                0x0000000000026fe4       0x30 _build/RobotSensor.o
                0x0000000000026fe4                _lf_allocate
 .text._lf_new_reactor
                0x0000000000027014       0x10 _build/RobotSensor.o
                0x0000000000027014                _lf_new_reactor
 .text._lf_free
                0x0000000000027024       0x20 _build/RobotSensor.o
                0x0000000000027024                _lf_free
 .text._lf_free_reactor
                0x0000000000027044       0x12 _build/RobotSensor.o
                0x0000000000027044                _lf_free_reactor
 *fill*         0x0000000000027056        0x2 
 .text._lf_free_all_reactors
                0x0000000000027058       0x24 _build/RobotSensor.o
                0x0000000000027058                _lf_free_all_reactors
 .text._lf_set_stop_tag
                0x000000000002707c       0x3c _build/RobotSensor.o
                0x000000000002707c                _lf_set_stop_tag
 .text._lf_free_token
                0x00000000000270b8       0x6c _build/RobotSensor.o
                0x00000000000270b8                _lf_free_token
 .text._lf_done_using
                0x0000000000027124       0x28 _build/RobotSensor.o
                0x0000000000027124                _lf_done_using
 .text._lf_start_time_step
                0x000000000002714c       0xc8 _build/RobotSensor.o
                0x000000000002714c                _lf_start_time_step
 .text.termination
                0x0000000000027214      0x10c _build/RobotSensor.o
                0x0000000000027214                termination
 .text._lf_is_tag_after_stop_tag
                0x0000000000027320       0x4c _build/RobotSensor.o
                0x0000000000027320                _lf_is_tag_after_stop_tag
 .text._lf_get_new_event
                0x000000000002736c       0x28 _build/RobotSensor.o
                0x000000000002736c                _lf_get_new_event
 .text._lf_recycle_event
                0x0000000000027394       0x24 _build/RobotSensor.o
                0x0000000000027394                _lf_recycle_event
 .text._lf_replace_token
                0x00000000000273b8       0x14 _build/RobotSensor.o
                0x00000000000273b8                _lf_replace_token
 .text._lf_schedule
                0x00000000000273cc      0x274 _build/RobotSensor.o
                0x00000000000273cc                _lf_schedule
 .text._lf_advance_logical_time
                0x0000000000027640       0x80 _build/RobotSensor.o
                0x0000000000027640                _lf_advance_logical_time
 .text._lf_invoke_reaction
                0x00000000000276c0       0x16 _build/RobotSensor.o
                0x00000000000276c0                _lf_invoke_reaction
 *fill*         0x00000000000276d6        0x2 
 .text.usage    0x00000000000276d8       0xb0 _build/RobotSensor.o
                0x00000000000276d8                usage
 .text.process_args
                0x0000000000027788      0x308 _build/RobotSensor.o
                0x0000000000027788                process_args
 .text.wait_until
                0x0000000000027a90       0x44 _build/RobotSensor.o
                0x0000000000027a90                wait_until
 .text._lf_trigger_reaction
                0x0000000000027ad4       0x1c _build/RobotSensor.o
                0x0000000000027ad4                _lf_trigger_reaction
 .text._lf_pop_events
                0x0000000000027af0       0xfc _build/RobotSensor.o
                0x0000000000027af0                _lf_pop_events
 .text._lf_initialize_timer
                0x0000000000027bec       0x60 _build/RobotSensor.o
                0x0000000000027bec                _lf_initialize_timer
 .text.schedule_output_reactions
                0x0000000000027c4c      0x10c _build/RobotSensor.o
                0x0000000000027c4c                schedule_output_reactions
 .text._lf_do_step
                0x0000000000027d58       0xb8 _build/RobotSensor.o
                0x0000000000027d58                _lf_do_step
 .text.next     0x0000000000027e10       0xcc _build/RobotSensor.o
                0x0000000000027e10                next
 .text.new_RobotSensor
                0x0000000000027edc       0x70 _build/RobotSensor.o
                0x0000000000027edc                new_RobotSensor
 *fill*         0x0000000000027f4c        0x4 
 .text._lf_initialize_trigger_objects
                0x0000000000027f50       0x80 _build/RobotSensor.o
                0x0000000000027f50                _lf_initialize_trigger_objects
 .text.initialize
                0x0000000000027fd0      0x11c _build/RobotSensor.o
                0x0000000000027fd0                initialize
 .text._lf_trigger_startup_reactions
                0x00000000000280ec       0x2c _build/RobotSensor.o
                0x00000000000280ec                _lf_trigger_startup_reactions
 .text._lf_initialize_timers
                0x0000000000028118       0x28 _build/RobotSensor.o
                0x0000000000028118                _lf_initialize_timers
 .text.lf_reactor_c_main
                0x0000000000028140       0xcc _build/RobotSensor.o
                0x0000000000028140                lf_reactor_c_main
 .text.startup.main
                0x000000000002820c        0x4 _build/RobotSensor.o
                0x000000000002820c                main
 .text.nrf_delay_ms.part.0
                0x0000000000028210       0x1c _build/better_error_handling.o
 .text.app_error_fault_handler
                0x000000000002822c      0x12c _build/better_error_handling.o
                0x000000000002822c                app_error_fault_handler
 .text.HardFault_process
                0x0000000000028358       0x9a _build/better_error_handling.o
                0x0000000000028358                HardFault_process
 .text._GetAvailWriteSpace
                0x00000000000283f2       0x1c _build/SEGGER_RTT.o
 .text._WriteNoCheck
                0x000000000002840e       0x38 _build/SEGGER_RTT.o
 .text._WriteBlocking
                0x0000000000028446       0x52 _build/SEGGER_RTT.o
 .text._DoInit  0x0000000000028498       0x60 _build/SEGGER_RTT.o
 .text.SEGGER_RTT_WriteNoLock
                0x00000000000284f8       0x68 _build/SEGGER_RTT.o
                0x00000000000284f8                SEGGER_RTT_WriteNoLock
 .text.SEGGER_RTT_Write
                0x0000000000028560       0x40 _build/SEGGER_RTT.o
                0x0000000000028560                SEGGER_RTT_Write
 .text._write_r
                0x00000000000285a0       0x12 _build/SEGGER_RTT_Syscalls_GCC.o
                0x00000000000285a0                _write_r
 .text.app_error_handler
                0x00000000000285b2       0x1a _build/app_error_handler_gcc.o
                0x00000000000285b2                app_error_handler
 .text.user_op_alloc
                0x00000000000285cc       0x2c _build/app_timer.o
 .text.timer_stop_op_schedule
                0x00000000000285f8       0x50 _build/app_timer.o
 .text.nrfx_coredep_delay_us.part.0.constprop.0
                0x0000000000028648       0x10 _build/app_timer.o
 .text.RTC1_IRQHandler
                0x0000000000028658       0x9c _build/app_timer.o
                0x0000000000028658                RTC1_IRQHandler
 .text.SWI0_EGU0_IRQHandler
                0x00000000000286f4      0x2b8 _build/app_timer.o
                0x00000000000286f4                SWI0_EGU0_IRQHandler
 .text.app_timer_init
                0x00000000000289ac       0x88 _build/app_timer.o
                0x00000000000289ac                app_timer_init
 .text.app_timer_start
                0x0000000000028a34       0x90 _build/app_timer.o
                0x0000000000028a34                app_timer_start
 .text.app_timer_stop
                0x0000000000028ac4       0x20 _build/app_timer.o
                0x0000000000028ac4                app_timer_stop
 .text.privilege_level_get
                0x0000000000028ae4       0x1a _build/app_util_platform.o
                0x0000000000028ae4                privilege_level_get
 *fill*         0x0000000000028afe        0x2 
 .text.app_util_critical_region_enter
                0x0000000000028b00       0x60 _build/app_util_platform.o
                0x0000000000028b00                app_util_critical_region_enter
 .text.app_util_critical_region_exit
                0x0000000000028b60       0x40 _build/app_util_platform.o
                0x0000000000028b60                app_util_critical_region_exit
 .text.startup.called_first
                0x0000000000028ba0       0x10 _build/before_startup.o
                0x0000000000028ba0                called_first
 .text.HardFault_Handler
                0x0000000000028bb0       0x34 _build/hardfault_handler_gcc.o
                0x0000000000028bb0                HardFault_Handler
 .text.HardFault_c_handler
                0x0000000000028be4      0x104 _build/hardfault_implementation.o
                0x0000000000028be4                HardFault_c_handler
 .text.nrf_atomic_u32_fetch_store
                0x0000000000028ce8       0x16 _build/nrf_atomic.o
                0x0000000000028ce8                nrf_atomic_u32_fetch_store
 .text.nrf_atomic_u32_or
                0x0000000000028cfe       0x18 _build/nrf_atomic.o
                0x0000000000028cfe                nrf_atomic_u32_or
 .text.nrf_atomic_u32_fetch_and
                0x0000000000028d16       0x18 _build/nrf_atomic.o
                0x0000000000028d16                nrf_atomic_u32_fetch_and
 .text.nrf_atomic_u32_add
                0x0000000000028d2e       0x18 _build/nrf_atomic.o
                0x0000000000028d2e                nrf_atomic_u32_add
 .text.nrf_atomic_u32_sub
                0x0000000000028d46       0x18 _build/nrf_atomic.o
                0x0000000000028d46                nrf_atomic_u32_sub
 .text.nrf_atomic_flag_set
                0x0000000000028d5e        0x6 _build/nrf_atomic.o
                0x0000000000028d5e                nrf_atomic_flag_set
 .text.nrf_atomic_flag_clear_fetch
                0x0000000000028d64        0x6 _build/nrf_atomic.o
                0x0000000000028d64                nrf_atomic_flag_clear_fetch
 *fill*         0x0000000000028d6a        0x2 
 .text.nrf_balloc_alloc
                0x0000000000028d6c       0x5c _build/nrf_balloc.o
                0x0000000000028d6c                nrf_balloc_alloc
 .text.nrf_balloc_free
                0x0000000000028dc8       0x50 _build/nrf_balloc.o
                0x0000000000028dc8                nrf_balloc_free
 .text.clock_clk_started_notify
                0x0000000000028e18       0x24 _build/nrf_drv_clock.o
 .text.clock_irq_handler
                0x0000000000028e3c       0x1c _build/nrf_drv_clock.o
 .text.soc_evt_handler
                0x0000000000028e58       0x14 _build/nrf_drv_clock.o
 .text.nrf_drv_clock_init
                0x0000000000028e6c       0x38 _build/nrf_drv_clock.o
                0x0000000000028e6c                nrf_drv_clock_init
 .text.nrf_drv_clock_lfclk_request
                0x0000000000028ea4       0x84 _build/nrf_drv_clock.o
                0x0000000000028ea4                nrf_drv_clock_lfclk_request
 .text.nrf_drv_clock_lfclk_release
                0x0000000000028f28       0x64 _build/nrf_drv_clock.o
                0x0000000000028f28                nrf_drv_clock_lfclk_release
 .text.sd_state_evt_handler
                0x0000000000028f8c       0x6c _build/nrf_drv_clock.o
 .text.invalid_packets_omit
                0x0000000000028ff8       0x3a _build/nrf_log_frontend.o
 *fill*         0x0000000000029032        0x2 
 .text.buf_prealloc
                0x0000000000029034      0x14c _build/nrf_log_frontend.o
 .text.buffer_is_empty
                0x0000000000029180       0x14 _build/nrf_log_frontend.o
                0x0000000000029180                buffer_is_empty
 .text.nrf_log_frontend_dequeue
                0x0000000000029194      0x220 _build/nrf_log_frontend.o
                0x0000000000029194                nrf_log_frontend_dequeue
 .text.std_n    0x00000000000293b4       0xb8 _build/nrf_log_frontend.o
 .text.nrf_log_frontend_std_0
                0x000000000002946c        0x8 _build/nrf_log_frontend.o
                0x000000000002946c                nrf_log_frontend_std_0
 .text.nrf_log_frontend_std_1
                0x0000000000029474       0x12 _build/nrf_log_frontend.o
                0x0000000000029474                nrf_log_frontend_std_1
 .text.nrf_log_frontend_std_2
                0x0000000000029486       0x14 _build/nrf_log_frontend.o
                0x0000000000029486                nrf_log_frontend_std_2
 .text.nrf_log_frontend_std_3
                0x000000000002949a       0x18 _build/nrf_log_frontend.o
                0x000000000002949a                nrf_log_frontend_std_3
 .text.nrf_log_frontend_std_4
                0x00000000000294b2       0x1c _build/nrf_log_frontend.o
                0x00000000000294b2                nrf_log_frontend_std_4
 *fill*         0x00000000000294ce        0x2 
 .text.nrf_log_panic
                0x00000000000294d0       0x2c _build/nrf_log_frontend.o
                0x00000000000294d0                nrf_log_panic
 .text.memobj_op
                0x00000000000294fc       0xa8 _build/nrf_memobj.o
 .text.nrf_memobj_free
                0x00000000000295a4       0x2c _build/nrf_memobj.o
                0x00000000000295a4                nrf_memobj_free
 .text.nrf_memobj_alloc
                0x00000000000295d0       0x5e _build/nrf_memobj.o
                0x00000000000295d0                nrf_memobj_alloc
 .text.nrf_memobj_get
                0x000000000002962e        0x8 _build/nrf_memobj.o
                0x000000000002962e                nrf_memobj_get
 .text.nrf_memobj_put
                0x0000000000029636       0x1e _build/nrf_memobj.o
                0x0000000000029636                nrf_memobj_put
 .text.nrf_memobj_write
                0x0000000000029654       0x28 _build/nrf_memobj.o
                0x0000000000029654                nrf_memobj_write
 .text.sd_app_evt_wait
                0x000000000002967c        0x4 _build/nrf_pwr_mgmt.o
 .text.nrf_pwr_mgmt_init
                0x0000000000029680       0x2c _build/nrf_pwr_mgmt.o
                0x0000000000029680                nrf_pwr_mgmt_init
 .text.nrf_pwr_mgmt_run
                0x00000000000296ac       0x6c _build/nrf_pwr_mgmt.o
                0x00000000000296ac                nrf_pwr_mgmt_run
 .text.nrf_section_iter_init
                0x0000000000029718       0x30 _build/nrf_section_iter.o
                0x0000000000029718                nrf_section_iter_init
 .text.nrf_section_iter_next
                0x0000000000029748       0x38 _build/nrf_section_iter.o
                0x0000000000029748                nrf_section_iter_next
 .text.nrf_strerror_find
                0x0000000000029780       0x3c _build/nrf_strerror.o
                0x0000000000029780                nrf_strerror_find
 .text.nrf_strerror_get
                0x00000000000297bc       0x14 _build/nrf_strerror.o
                0x00000000000297bc                nrf_strerror_get
 .text.nrfx_clock_init
                0x00000000000297d0       0x28 _build/nrfx_clock.o
                0x00000000000297d0                nrfx_clock_init
 .text.nrfx_clock_enable
                0x00000000000297f8       0x3c _build/nrfx_clock.o
                0x00000000000297f8                nrfx_clock_enable
 .text.nrfx_clock_lfclk_start
                0x0000000000029834       0x6c _build/nrfx_clock.o
                0x0000000000029834                nrfx_clock_lfclk_start
 .text.nrfx_clock_lfclk_stop
                0x00000000000298a0       0x30 _build/nrfx_clock.o
                0x00000000000298a0                nrfx_clock_lfclk_stop
 .text.POWER_CLOCK_IRQHandler
                0x00000000000298d0       0x64 _build/nrfx_clock.o
                0x00000000000298d0                POWER_CLOCK_IRQHandler
 .text.nrf_gpiote_event_clear
                0x0000000000029934       0x18 _build/nrfx_gpiote.o
 .text.channel_free
                0x000000000002994c       0x1c _build/nrfx_gpiote.o
 .text.nrf_gpio_pin_port_decode.isra.0.part.0
                0x0000000000029968       0x10 _build/nrfx_gpiote.o
 .text.nrf_gpio_cfg_sense_set
                0x0000000000029978       0x2e _build/nrfx_gpiote.o
 *fill*         0x00000000000299a6        0x2 
 .text.nrfx_gpiote_init
                0x00000000000299a8       0x70 _build/nrfx_gpiote.o
                0x00000000000299a8                nrfx_gpiote_init
 .text.nrfx_gpiote_is_init
                0x0000000000029a18       0x14 _build/nrfx_gpiote.o
                0x0000000000029a18                nrfx_gpiote_is_init
 .text.nrfx_gpiote_out_init
                0x0000000000029a2c      0x11c _build/nrfx_gpiote.o
                0x0000000000029a2c                nrfx_gpiote_out_init
 .text.nrfx_gpiote_out_set
                0x0000000000029b48       0x5c _build/nrfx_gpiote.o
                0x0000000000029b48                nrfx_gpiote_out_set
 .text.nrfx_gpiote_out_clear
                0x0000000000029ba4       0x5c _build/nrfx_gpiote.o
                0x0000000000029ba4                nrfx_gpiote_out_clear
 .text.GPIOTE_IRQHandler
                0x0000000000029c00      0x198 _build/nrfx_gpiote.o
                0x0000000000029c00                GPIOTE_IRQHandler
 .text.UARTE0_UART0_IRQHandler
                0x0000000000029d98       0x20 _build/nrfx_prs.o
                0x0000000000029d98                UARTE0_UART0_IRQHandler
 .text.nrfx_prs_acquire
                0x0000000000029db8       0x50 _build/nrfx_prs.o
                0x0000000000029db8                nrfx_prs_acquire
 .text.nrf_pwm_event_clear
                0x0000000000029e08       0x10 _build/nrfx_pwm.o
 .text.irq_handler
                0x0000000000029e18       0x80 _build/nrfx_pwm.o
 .text.PWM0_IRQHandler
                0x0000000000029e98       0x10 _build/nrfx_pwm.o
                0x0000000000029e98                PWM0_IRQHandler
 .text.PWM1_IRQHandler
                0x0000000000029ea8       0x10 _build/nrfx_pwm.o
                0x0000000000029ea8                PWM1_IRQHandler
 .text.PWM2_IRQHandler
                0x0000000000029eb8       0x10 _build/nrfx_pwm.o
                0x0000000000029eb8                PWM2_IRQHandler
 .text.nrf_saadc_event_clear
                0x0000000000029ec8       0x18 _build/nrfx_saadc.o
 .text.SAADC_IRQHandler
                0x0000000000029ee0      0x160 _build/nrfx_saadc.o
                0x0000000000029ee0                SAADC_IRQHandler
 .text.nrf_gpio_pin_port_decode.isra.0.part.0
                0x000000000002a040       0x10 _build/nrfx_spim.o
 .text.nrf_gpio_pin_clear
                0x000000000002a050       0x1c _build/nrfx_spim.o
 .text.nrf_gpio_pin_set
                0x000000000002a06c       0x1c _build/nrfx_spim.o
 .text.SPIM1_SPIS1_TWIM1_TWIS1_SPI1_TWI1_IRQHandler
                0x000000000002a088       0x64 _build/nrfx_spim.o
                0x000000000002a088                SPIM1_SPIS1_TWIM1_TWIS1_SPI1_TWI1_IRQHandler
 .text.irq_handler
                0x000000000002a0ec       0x4e _build/nrfx_timer.o
 *fill*         0x000000000002a13a        0x2 
 .text.nrfx_timer_init
                0x000000000002a13c      0x174 _build/nrfx_timer.o
                0x000000000002a13c                nrfx_timer_init
 .text.nrfx_timer_enable
                0x000000000002a2b0       0x38 _build/nrfx_timer.o
                0x000000000002a2b0                nrfx_timer_enable
 .text.nrfx_timer_capture
                0x000000000002a2e8       0x4c _build/nrfx_timer.o
                0x000000000002a2e8                nrfx_timer_capture
 .text.nrfx_timer_compare
                0x000000000002a334       0x36 _build/nrfx_timer.o
                0x000000000002a334                nrfx_timer_compare
 *fill*         0x000000000002a36a        0x2 
 .text.nrfx_timer_compare_int_disable
                0x000000000002a36c       0x48 _build/nrfx_timer.o
                0x000000000002a36c                nrfx_timer_compare_int_disable
 .text.TIMER0_IRQHandler
                0x000000000002a3b4       0x14 _build/nrfx_timer.o
                0x000000000002a3b4                TIMER0_IRQHandler
 .text.TIMER1_IRQHandler
                0x000000000002a3c8       0x14 _build/nrfx_timer.o
                0x000000000002a3c8                TIMER1_IRQHandler
 .text.TIMER3_IRQHandler
                0x000000000002a3dc       0x14 _build/nrfx_timer.o
                0x000000000002a3dc                TIMER3_IRQHandler
 .text.nrf_twim_event_clear
                0x000000000002a3f0       0x10 _build/nrfx_twim.o
 .text.SPIM0_SPIS0_TWIM0_TWIS0_SPI0_TWI0_IRQHandler
                0x000000000002a400      0x154 _build/nrfx_twim.o
                0x000000000002a400                SPIM0_SPIS0_TWIM0_TWIS0_SPI0_TWI0_IRQHandler
 .text.nrf_uart_event_clear
                0x000000000002a554       0x10 _build/nrfx_uart.o
 .text.tx_byte  0x000000000002a564       0x1e _build/nrfx_uart.o
 .text.rx_enable.isra.0
                0x000000000002a582       0x20 _build/nrfx_uart.o
 .text.rx_byte  0x000000000002a5a2       0x2c _build/nrfx_uart.o
 *fill*         0x000000000002a5ce        0x2 
 .text.nrf_gpio_pin_port_decode.isra.0.part.0
                0x000000000002a5d0       0x10 _build/nrfx_uart.o
 .text.rx_done_event.constprop.0
                0x000000000002a5e0       0x20 _build/nrfx_uart.o
 .text.nrfx_uart_0_irq_handler
                0x000000000002a600      0x13c _build/nrfx_uart.o
                0x000000000002a600                nrfx_uart_0_irq_handler
 .text.nrfx_uart_init
                0x000000000002a73c      0x204 _build/nrfx_uart.o
                0x000000000002a73c                nrfx_uart_init
 .text.nrfx_uart_tx
                0x000000000002a940       0xd8 _build/nrfx_uart.o
                0x000000000002a940                nrfx_uart_tx
 .text.nrfx_uart_rx
                0x000000000002aa18      0x130 _build/nrfx_uart.o
                0x000000000002aa18                nrfx_uart_rx
 .text.nrfx_uart_rx_enable
                0x000000000002ab48       0x2c _build/nrfx_uart.o
                0x000000000002ab48                nrfx_uart_rx_enable
 .text.nrfx_uart_rx_disable
                0x000000000002ab74       0x1c _build/nrfx_uart.o
                0x000000000002ab74                nrfx_uart_rx_disable
 .text.nrfx_uart_errorsrc_get
                0x000000000002ab90       0x1a _build/nrfx_uart.o
                0x000000000002ab90                nrfx_uart_errorsrc_get
 .text.ble_advdata_search
                0x000000000002abaa       0x38 _build/ble_advdata.o
                0x000000000002abaa                ble_advdata_search
 .text.ble_advdata_parse
                0x000000000002abe2       0x20 _build/ble_advdata.o
                0x000000000002abe2                ble_advdata_parse
 .text.sd_ble_gap_adv_set_configure
                0x000000000002ac02        0x4 _build/ble_advertising.o
 .text.sd_ble_gap_adv_start
                0x000000000002ac06        0x4 _build/ble_advertising.o
 .text.flags_set
                0x000000000002ac0a       0x2c _build/ble_advertising.o
 .text.ble_advertising_start
                0x000000000002ac36      0x21a _build/ble_advertising.o
                0x000000000002ac36                ble_advertising_start
 .text.ble_advertising_on_ble_evt
                0x000000000002ae50       0x6a _build/ble_advertising.o
                0x000000000002ae50                ble_advertising_on_ble_evt
 .text.ble_advertising_on_sys_evt
                0x000000000002aeba        0x2 _build/ble_advertising.o
                0x000000000002aeba                ble_advertising_on_sys_evt
 .text.instance_get
                0x000000000002aebc       0x14 _build/ble_conn_params.o
 .text.send_error_evt
                0x000000000002aed0       0x10 _build/ble_conn_params.o
 .text.conn_params_negotiation
                0x000000000002aee0       0x48 _build/ble_conn_params.o
 .text.is_conn_params_ok.constprop.0
                0x000000000002af28       0x34 _build/ble_conn_params.o
 .text.ble_evt_handler
                0x000000000002af5c       0xe0 _build/ble_conn_params.o
 .text.ble_srv_is_notification_enabled
                0x000000000002b03c        0x8 _build/ble_srv_common.o
                0x000000000002b03c                ble_srv_is_notification_enabled
 .text.sd_ble_gap_data_length_update
                0x000000000002b044        0x4 _build/nrf_ble_gatt.o
 .text.sd_ble_gattc_exchange_mtu_request
                0x000000000002b048        0x4 _build/nrf_ble_gatt.o
 .text.sd_ble_gatts_exchange_mtu_reply
                0x000000000002b04c        0x4 _build/nrf_ble_gatt.o
 .text.data_length_update
                0x000000000002b050       0x80 _build/nrf_ble_gatt.o
 .text.nrf_ble_gatt_on_ble_evt
                0x000000000002b0d0      0x198 _build/nrf_ble_gatt.o
                0x000000000002b0d0                nrf_ble_gatt_on_ble_evt
 .text.sd_ble_gatts_rw_authorize_reply
                0x000000000002b268        0x4 _build/nrf_ble_qwr.o
 .text.sd_ble_user_mem_reply
                0x000000000002b26c        0x4 _build/nrf_ble_qwr.o
 .text.user_mem_reply.part.0
                0x000000000002b270       0x24 _build/nrf_ble_qwr.o
 .text.nrf_ble_qwr_conn_handle_assign
                0x000000000002b294       0x16 _build/nrf_ble_qwr.o
                0x000000000002b294                nrf_ble_qwr_conn_handle_assign
 .text.nrf_ble_qwr_on_ble_evt
                0x000000000002b2aa       0xa0 _build/nrf_ble_qwr.o
                0x000000000002b2aa                nrf_ble_qwr_on_ble_evt
 *fill*         0x000000000002b34a        0x2 
 .text.nrf_sdh_is_enabled
                0x000000000002b34c        0xc _build/nrf_sdh.o
                0x000000000002b34c                nrf_sdh_is_enabled
 .text.nrf_sdh_evts_poll
                0x000000000002b358       0x28 _build/nrf_sdh.o
                0x000000000002b358                nrf_sdh_evts_poll
 .text.SWI2_EGU2_IRQHandler
                0x000000000002b380        0x4 _build/nrf_sdh.o
                0x000000000002b380                SWI2_EGU2_IRQHandler
 .text.sd_ble_evt_get
                0x000000000002b384        0x4 _build/nrf_sdh_ble.o
 .text.nrf_sdh_ble_evts_poll.part.0
                0x000000000002b388       0x58 _build/nrf_sdh_ble.o
 .text.nrf_sdh_ble_evts_poll
                0x000000000002b3e0       0x10 _build/nrf_sdh_ble.o
 .text.sd_ble_gap_disconnect
                0x000000000002b3f0        0x4 _build/simple_ble.o
 .text.sd_ble_gap_sec_params_reply
                0x000000000002b3f4        0x4 _build/simple_ble.o
 .text.sd_ble_gap_sec_info_reply
                0x000000000002b3f8        0x4 _build/simple_ble.o
 .text.sd_ble_gap_scan_start
                0x000000000002b3fc        0x4 _build/simple_ble.o
 .text.sd_ble_gap_phy_update
                0x000000000002b400        0x4 _build/simple_ble.o
 .text.sd_ble_gatts_sys_attr_set
                0x000000000002b404        0x4 _build/simple_ble.o
 .text.sd_power_system_off
                0x000000000002b408        0x4 _build/simple_ble.o
 .text.on_ble_evt
                0x000000000002b40c      0x234 _build/simple_ble.o
 .text.assert_nrf_callback
                0x000000000002b640       0x24 _build/simple_ble.o
                0x000000000002b640                assert_nrf_callback
 .text.errata_12
                0x000000000002b664       0x40 _build/system_nrf52.o
 .text.errata_16
                0x000000000002b6a4       0x34 _build/system_nrf52.o
 .text.SystemInit
                0x000000000002b6d8      0x25c _build/system_nrf52.o
                0x000000000002b6d8                SystemInit
 .text          0x000000000002b934       0x3c _build/gcc_startup_nrf52.os
                0x000000000002b934                Reset_Handler
                0x000000000002b95c                NMI_Handler
                0x000000000002b960                MemoryManagement_Handler
                0x000000000002b962                BusFault_Handler
                0x000000000002b964                UsageFault_Handler
                0x000000000002b966                SVC_Handler
                0x000000000002b968                DebugMon_Handler
                0x000000000002b96a                PendSV_Handler
                0x000000000002b96c                SysTick_Handler
                0x000000000002b96e                TIMER2_IRQHandler
                0x000000000002b96e                RTC0_IRQHandler
                0x000000000002b96e                RADIO_IRQHandler
                0x000000000002b96e                PDM_IRQHandler
                0x000000000002b96e                TEMP_IRQHandler
                0x000000000002b96e                QDEC_IRQHandler
                0x000000000002b96e                FPU_IRQHandler
                0x000000000002b96e                TIMER4_IRQHandler
                0x000000000002b96e                I2S_IRQHandler
                0x000000000002b96e                SWI4_EGU4_IRQHandler
                0x000000000002b96e                ECB_IRQHandler
                0x000000000002b96e                Default_Handler
                0x000000000002b96e                CCM_AAR_IRQHandler
                0x000000000002b96e                WDT_IRQHandler
                0x000000000002b96e                SWI5_EGU5_IRQHandler
                0x000000000002b96e                RNG_IRQHandler
                0x000000000002b96e                RTC2_IRQHandler
                0x000000000002b96e                SWI3_EGU3_IRQHandler
                0x000000000002b96e                SWI1_EGU1_IRQHandler
                0x000000000002b96e                SPIM2_SPIS2_SPI2_IRQHandler
                0x000000000002b96e                NFCT_IRQHandler
                0x000000000002b96e                MWU_IRQHandler
                0x000000000002b96e                COMP_LPCOMP_IRQHandler
 .text          0x000000000002b970        0x8 /usr/lib/gcc/arm-none-eabi/9.2.1/../../../arm-none-eabi/lib/thumb/v7e-m+fp/hard/libc.a(lib_a-abs.o)
                0x000000000002b970                abs
 .text          0x000000000002b978       0x48 /usr/lib/gcc/arm-none-eabi/9.2.1/../../../arm-none-eabi/lib/thumb/v7e-m+fp/hard/libc.a(lib_a-assert.o)
                0x000000000002b978                __assert_func
                0x000000000002b9b4                __assert
 .text          0x000000000002b9c0        0xc /usr/lib/gcc/arm-none-eabi/9.2.1/../../../arm-none-eabi/lib/thumb/v7e-m+fp/hard/libc.a(lib_a-atexit.o)
                0x000000000002b9c0                atexit
 .text          0x000000000002b9cc       0x10 /usr/lib/gcc/arm-none-eabi/9.2.1/../../../arm-none-eabi/lib/thumb/v7e-m+fp/hard/libc.a(lib_a-atoi.o)
                0x000000000002b9cc                atoi
                0x000000000002b9d4                _atoi_r
 .text          0x000000000002b9dc       0x10 /usr/lib/gcc/arm-none-eabi/9.2.1/../../../arm-none-eabi/lib/thumb/v7e-m+fp/hard/libc.a(lib_a-atoll.o)
                0x000000000002b9dc                atoll
                0x000000000002b9e4                _atoll_r
 .text          0x000000000002b9ec       0x10 /usr/lib/gcc/arm-none-eabi/9.2.1/../../../arm-none-eabi/lib/thumb/v7e-m+fp/hard/libc.a(lib_a-calloc.o)
                0x000000000002b9ec                calloc
 .text          0x000000000002b9fc       0x60 /usr/lib/gcc/arm-none-eabi/9.2.1/../../../arm-none-eabi/lib/thumb/v7e-m+fp/hard/libc.a(lib_a-callocr.o)
                0x000000000002b9fc                _calloc_r
 .text          0x000000000002ba5c       0x10 /usr/lib/gcc/arm-none-eabi/9.2.1/../../../arm-none-eabi/lib/thumb/v7e-m+fp/hard/libc.a(lib_a-ctime.o)
                0x000000000002ba5c                ctime
 .text          0x000000000002ba6c       0x20 /usr/lib/gcc/arm-none-eabi/9.2.1/../../../arm-none-eabi/lib/thumb/v7e-m+fp/hard/libc.a(lib_a-exit.o)
                0x000000000002ba6c                exit
 .text          0x000000000002ba8c       0x34 /usr/lib/gcc/arm-none-eabi/9.2.1/../../../arm-none-eabi/lib/thumb/v7e-m+fp/hard/libc.a(lib_a-fini.o)
                0x000000000002ba8c                __libc_fini_array
 .text          0x000000000002bac0       0x44 /usr/lib/gcc/arm-none-eabi/9.2.1/../../../arm-none-eabi/lib/thumb/v7e-m+fp/hard/libc.a(lib_a-fiprintf.o)
                0x000000000002bac0                _fiprintf_r
                0x000000000002badc                fiprintf
 .text          0x000000000002bb04       0x48 /usr/lib/gcc/arm-none-eabi/9.2.1/../../../arm-none-eabi/lib/thumb/v7e-m+fp/hard/libc.a(lib_a-init.o)
                0x000000000002bb04                __libc_init_array
 .text          0x000000000002bb4c       0x10 /usr/lib/gcc/arm-none-eabi/9.2.1/../../../arm-none-eabi/lib/thumb/v7e-m+fp/hard/libc.a(lib_a-lcltime.o)
                0x000000000002bb4c                localtime
 .text          0x000000000002bb5c      0x244 /usr/lib/gcc/arm-none-eabi/9.2.1/../../../arm-none-eabi/lib/thumb/v7e-m+fp/hard/libc.a(lib_a-lcltime_r.o)
                0x000000000002bb5c                localtime_r
 .text          0x000000000002bda0       0x20 /usr/lib/gcc/arm-none-eabi/9.2.1/../../../arm-none-eabi/lib/thumb/v7e-m+fp/hard/libc.a(lib_a-malloc.o)
                0x000000000002bda0                malloc
                0x000000000002bdb0                free
 .text          0x000000000002bdc0      0x564 /usr/lib/gcc/arm-none-eabi/9.2.1/../../../arm-none-eabi/lib/thumb/v7e-m+fp/hard/libc.a(lib_a-mallocr.o)
                0x000000000002bdc0                _malloc_r
 .text          0x000000000002c324      0x134 /usr/lib/gcc/arm-none-eabi/9.2.1/../../../arm-none-eabi/lib/thumb/v7e-m+fp/hard/libc.a(lib_a-memcpy.o)
                0x000000000002c324                memcpy
 .text          0x000000000002c458       0xa0 /usr/lib/gcc/arm-none-eabi/9.2.1/../../../arm-none-eabi/lib/thumb/v7e-m+fp/hard/libc.a(lib_a-memset.o)
                0x000000000002c458                memset
 .text          0x000000000002c4f8        0x8 /usr/lib/gcc/arm-none-eabi/9.2.1/../../../arm-none-eabi/lib/thumb/v7e-m+fp/hard/libc.a(lib_a-mlock.o)
                0x000000000002c4f8                __malloc_lock
                0x000000000002c4fc                __malloc_unlock
 .text          0x000000000002c500       0x48 /usr/lib/gcc/arm-none-eabi/9.2.1/../../../arm-none-eabi/lib/thumb/v7e-m+fp/hard/libc.a(lib_a-printf.o)
                0x000000000002c500                _printf_r
                0x000000000002c520                printf
 .text          0x000000000002c548       0x10 /usr/lib/gcc/arm-none-eabi/9.2.1/../../../arm-none-eabi/lib/thumb/v7e-m+fp/hard/libc.a(lib_a-realloc.o)
                0x000000000002c548                realloc
 .text          0x000000000002c558      0x36c /usr/lib/gcc/arm-none-eabi/9.2.1/../../../arm-none-eabi/lib/thumb/v7e-m+fp/hard/libc.a(lib_a-reallocr.o)
                0x000000000002c558                _realloc_r
 .text          0x000000000002c8c4       0x24 /usr/lib/gcc/arm-none-eabi/9.2.1/../../../arm-none-eabi/lib/thumb/v7e-m+fp/hard/libc.a(lib_a-sbrkr.o)
                0x000000000002c8c4                _sbrk_r
 .text          0x000000000002c8e8       0x10 /usr/lib/gcc/arm-none-eabi/9.2.1/../../../arm-none-eabi/lib/thumb/v7e-m+fp/hard/libc.a(lib_a-setbuf.o)
                0x000000000002c8e8                setbuf
 .text          0x000000000002c8f8      0x154 /usr/lib/gcc/arm-none-eabi/9.2.1/../../../arm-none-eabi/lib/thumb/v7e-m+fp/hard/libc.a(lib_a-setvbuf.o)
                0x000000000002c8f8                setvbuf
 .text          0x000000000002ca4c      0x15c /usr/lib/gcc/arm-none-eabi/9.2.1/../../../arm-none-eabi/lib/thumb/v7e-m+fp/hard/libc.a(lib_a-signal.o)
                0x000000000002ca74                _init_signal_r
                0x000000000002ca80                _signal_r
                0x000000000002cab8                _raise_r
                0x000000000002cb10                __sigtramp_r
                0x000000000002cb64                raise
                0x000000000002cb74                signal
                0x000000000002cb84                _init_signal
                0x000000000002cb98                __sigtramp
 .text          0x000000000002cba8       0x2c /usr/lib/gcc/arm-none-eabi/9.2.1/../../../arm-none-eabi/lib/thumb/v7e-m+fp/hard/libc.a(lib_a-signalr.o)
                0x000000000002cba8                _kill_r
                0x000000000002cbd0                _getpid_r
 .text          0x000000000002cbd4      0x110 /usr/lib/gcc/arm-none-eabi/9.2.1/../../../arm-none-eabi/lib/thumb/v7e-m+fp/hard/libc.a(lib_a-snprintf.o)
                0x000000000002cbd4                _snprintf_r
                0x000000000002cc58                snprintf
 .text          0x000000000002cce4       0x80 /usr/lib/gcc/arm-none-eabi/9.2.1/../../../arm-none-eabi/lib/thumb/v7e-m+fp/hard/libc.a(lib_a-sprintf.o)
                0x000000000002cce4                _sprintf_r
                0x000000000002cd20                sprintf
 *fill*         0x000000000002cd64       0x1c 
 .text          0x000000000002cd80      0x2dc /usr/lib/gcc/arm-none-eabi/9.2.1/../../../arm-none-eabi/lib/thumb/v7e-m+fp/hard/libc.a(lib_a-strcmp.o)
                0x000000000002cd88                strcmp
 .text          0x000000000002d05c       0xbc /usr/lib/gcc/arm-none-eabi/9.2.1/../../../arm-none-eabi/lib/thumb/v7e-m+fp/hard/libc.a(lib_a-strcpy.o)
                0x000000000002d05c                strcpy
 *fill*         0x000000000002d118       0x28 
 .text          0x000000000002d140       0xdc /usr/lib/gcc/arm-none-eabi/9.2.1/../../../arm-none-eabi/lib/thumb/v7e-m+fp/hard/libc.a(lib_a-strlen.o)
                0x000000000002d140                strlen
 .text          0x000000000002d21c       0xa4 /usr/lib/gcc/arm-none-eabi/9.2.1/../../../arm-none-eabi/lib/thumb/v7e-m+fp/hard/libc.a(lib_a-strncmp.o)
                0x000000000002d21c                strncmp
 .text          0x000000000002d2c0      0x168 /usr/lib/gcc/arm-none-eabi/9.2.1/../../../arm-none-eabi/lib/thumb/v7e-m+fp/hard/libc.a(lib_a-strtol.o)
                0x000000000002d3f4                _strtol_r
                0x000000000002d3f8                strtol_l
                0x000000000002d410                strtol
 .text          0x000000000002d428      0x1c4 /usr/lib/gcc/arm-none-eabi/9.2.1/../../../arm-none-eabi/lib/thumb/v7e-m+fp/hard/libc.a(lib_a-strtoll.o)
                0x000000000002d5b8                _strtoll_r
                0x000000000002d5bc                strtoll_l
                0x000000000002d5d4                strtoll
 *fill*         0x000000000002d5ec        0x4 
 .text          0x000000000002d5f0     0x1498 /usr/lib/gcc/arm-none-eabi/9.2.1/../../../arm-none-eabi/lib/thumb/v7e-m+fp/hard/libc.a(lib_a-svfprintf.o)
                0x000000000002d5f0                _svfprintf_r
 .text          0x000000000002ea88      0x180 /usr/lib/gcc/arm-none-eabi/9.2.1/../../../arm-none-eabi/lib/thumb/v7e-m+fp/hard/libc.a(lib_a-tzcalc_limits.o)
                0x000000000002ea88                __tzcalc_limits
 .text          0x000000000002ec08        0x8 /usr/lib/gcc/arm-none-eabi/9.2.1/../../../arm-none-eabi/lib/thumb/v7e-m+fp/hard/libc.a(lib_a-tzlock.o)
                0x000000000002ec08                __tz_lock
                0x000000000002ec0c                __tz_unlock
 .text          0x000000000002ec10       0x28 /usr/lib/gcc/arm-none-eabi/9.2.1/../../../arm-none-eabi/lib/thumb/v7e-m+fp/hard/libc.a(lib_a-tzset.o)
                0x000000000002ec10                _tzset_unlocked
                0x000000000002ec1c                tzset
 .text          0x000000000002ec38      0x34c /usr/lib/gcc/arm-none-eabi/9.2.1/../../../arm-none-eabi/lib/thumb/v7e-m+fp/hard/libc.a(lib_a-tzset_r.o)
                0x000000000002ec38                _tzset_unlocked_r
                0x000000000002ef6c                _tzset_r
 .text          0x000000000002ef84      0xd00 /usr/lib/gcc/arm-none-eabi/9.2.1/../../../arm-none-eabi/lib/thumb/v7e-m+fp/hard/libc.a(lib_a-vfiprintf.o)
                0x000000000002effc                __sprint_r
                0x000000000002f010                _vfiprintf_r
                0x000000000002fc00                vfiprintf
 *fill*         0x000000000002fc84        0x4 
 .text          0x000000000002fc88     0x1580 /usr/lib/gcc/arm-none-eabi/9.2.1/../../../arm-none-eabi/lib/thumb/v7e-m+fp/hard/libc.a(lib_a-vfprintf.o)
                0x000000000002fc88                _vfprintf_r
                0x0000000000031184                vfprintf
 .text          0x0000000000031208       0xd0 /usr/lib/gcc/arm-none-eabi/9.2.1/../../../arm-none-eabi/lib/thumb/v7e-m+fp/hard/libc.a(lib_a-wsetup.o)
                0x0000000000031208                __swsetup_r
 .text          0x00000000000312d8       0x68 /usr/lib/gcc/arm-none-eabi/9.2.1/../../../arm-none-eabi/lib/thumb/v7e-m+fp/hard/libc.a(lib_a-__atexit.o)
                0x00000000000312d8                __register_exitproc
 .text          0x0000000000031340       0x9c /usr/lib/gcc/arm-none-eabi/9.2.1/../../../arm-none-eabi/lib/thumb/v7e-m+fp/hard/libc.a(lib_a-__call_atexit.o)
                0x0000000000031340                __call_exitprocs
 .text.startup  0x00000000000313dc       0x14 /usr/lib/gcc/arm-none-eabi/9.2.1/../../../arm-none-eabi/lib/thumb/v7e-m+fp/hard/libc.a(lib_a-__call_atexit.o)
 .text          0x00000000000313f0       0x10 /usr/lib/gcc/arm-none-eabi/9.2.1/../../../arm-none-eabi/lib/thumb/v7e-m+fp/hard/libc.a(lib_a-abort.o)
                0x00000000000313f0                abort
 .text          0x0000000000031400       0x10 /usr/lib/gcc/arm-none-eabi/9.2.1/../../../arm-none-eabi/lib/thumb/v7e-m+fp/hard/libc.a(lib_a-asctime.o)
                0x0000000000031400                asctime
 .text          0x0000000000031410       0x48 /usr/lib/gcc/arm-none-eabi/9.2.1/../../../arm-none-eabi/lib/thumb/v7e-m+fp/hard/libc.a(lib_a-asctime_r.o)
                0x0000000000031410                asctime_r
 .text          0x0000000000031458      0xfc0 /usr/lib/gcc/arm-none-eabi/9.2.1/../../../arm-none-eabi/lib/thumb/v7e-m+fp/hard/libc.a(lib_a-dtoa.o)
                0x000000000003157c                _dtoa_r
 .text          0x0000000000032418        0xc /usr/lib/gcc/arm-none-eabi/9.2.1/../../../arm-none-eabi/lib/thumb/v7e-m+fp/hard/libc.a(lib_a-errno.o)
                0x0000000000032418                __errno
 .text          0x0000000000032424      0x1a4 /usr/lib/gcc/arm-none-eabi/9.2.1/../../../arm-none-eabi/lib/thumb/v7e-m+fp/hard/libc.a(lib_a-fflush.o)
                0x0000000000032424                __sflush_r
                0x0000000000032570                _fflush_r
                0x00000000000325a4                fflush
 .text          0x00000000000325c8      0x1f4 /usr/lib/gcc/arm-none-eabi/9.2.1/../../../arm-none-eabi/lib/thumb/v7e-m+fp/hard/libc.a(lib_a-findfp.o)
                0x00000000000325cc                _cleanup_r
                0x00000000000326b0                __sfmoreglue
                0x00000000000326e0                __sfp
                0x0000000000032768                _cleanup
                0x000000000003277c                __sinit
                0x0000000000032784                __sfp_lock_acquire
                0x0000000000032788                __sfp_lock_release
                0x000000000003278c                __sinit_lock_acquire
                0x0000000000032790                __sinit_lock_release
                0x0000000000032794                __fp_lock_all
                0x00000000000327a8                __fp_unlock_all
 .text          0x00000000000327bc      0x110 /usr/lib/gcc/arm-none-eabi/9.2.1/../../../arm-none-eabi/lib/thumb/v7e-m+fp/hard/libc.a(lib_a-fputwc.o)
                0x00000000000327bc                __fputwc
                0x0000000000032864                _fputwc_r
                0x000000000003288c                fputwc
 .text          0x00000000000328cc      0x294 /usr/lib/gcc/arm-none-eabi/9.2.1/../../../arm-none-eabi/lib/thumb/v7e-m+fp/hard/libc.a(lib_a-freer.o)
                0x00000000000328cc                _malloc_trim_r
                0x000000000003296c                _free_r
 .text          0x0000000000032b60      0x308 /usr/lib/gcc/arm-none-eabi/9.2.1/../../../arm-none-eabi/lib/thumb/v7e-m+fp/hard/libc.a(lib_a-fvwrite.o)
                0x0000000000032b60                __sfvwrite_r
 .text          0x0000000000032e68       0xa0 /usr/lib/gcc/arm-none-eabi/9.2.1/../../../arm-none-eabi/lib/thumb/v7e-m+fp/hard/libc.a(lib_a-fwalk.o)
                0x0000000000032e68                _fwalk
                0x0000000000032eb4                _fwalk_reent
 .text          0x0000000000032f08       0x8c /usr/lib/gcc/arm-none-eabi/9.2.1/../../../arm-none-eabi/lib/thumb/v7e-m+fp/hard/libc.a(lib_a-getenv_r.o)
                0x0000000000032f08                _findenv_r
                0x0000000000032f84                _getenv_r
 .text          0x0000000000032f94        0x8 /usr/lib/gcc/arm-none-eabi/9.2.1/../../../arm-none-eabi/lib/thumb/v7e-m+fp/hard/libc.a(lib_a-gettzinfo.o)
                0x0000000000032f94                __gettzinfo
 .text          0x0000000000032f9c      0x1cc /usr/lib/gcc/arm-none-eabi/9.2.1/../../../arm-none-eabi/lib/thumb/v7e-m+fp/hard/libc.a(lib_a-gmtime_r.o)
                0x0000000000032f9c                gmtime_r
 .text          0x0000000000033168       0x5c /usr/lib/gcc/arm-none-eabi/9.2.1/../../../arm-none-eabi/lib/thumb/v7e-m+fp/hard/libc.a(lib_a-locale.o)
                0x0000000000033168                _setlocale_r
                0x00000000000331a8                __locale_mb_cur_max
                0x00000000000331b4                setlocale
 .text          0x00000000000331c4       0x14 /usr/lib/gcc/arm-none-eabi/9.2.1/../../../arm-none-eabi/lib/thumb/v7e-m+fp/hard/libc.a(lib_a-localeconv.o)
                0x00000000000331c4                __localeconv_l
                0x00000000000331c8                _localeconv_r
                0x00000000000331d0                localeconv
 .text          0x00000000000331d8       0xf0 /usr/lib/gcc/arm-none-eabi/9.2.1/../../../arm-none-eabi/lib/thumb/v7e-m+fp/hard/libc.a(lib_a-makebuf.o)
                0x00000000000331d8                __swhatbuf_r
                0x0000000000033234                __smakebuf_r
 .text          0x00000000000332c8       0x40 /usr/lib/gcc/arm-none-eabi/9.2.1/../../../arm-none-eabi/lib/thumb/v7e-m+fp/hard/libc.a(lib_a-mbtowc_r.o)
                0x00000000000332c8                _mbtowc_r
                0x00000000000332dc                __ascii_mbtowc
 *fill*         0x0000000000033308        0x8 
 .text          0x0000000000033310       0xa0 /usr/lib/gcc/arm-none-eabi/9.2.1/../../../arm-none-eabi/lib/thumb/v7e-m+fp/hard/libc.a(lib_a-memchr.o)
                0x0000000000033310                memchr
 .text          0x00000000000333b0       0xd0 /usr/lib/gcc/arm-none-eabi/9.2.1/../../../arm-none-eabi/lib/thumb/v7e-m+fp/hard/libc.a(lib_a-memmove.o)
                0x00000000000333b0                memmove
 .text          0x0000000000033480      0x9a8 /usr/lib/gcc/arm-none-eabi/9.2.1/../../../arm-none-eabi/lib/thumb/v7e-m+fp/hard/libc.a(lib_a-mprec.o)
                0x0000000000033480                _Balloc
                0x00000000000334cc                _Bfree
                0x00000000000334e0                __multadd
                0x0000000000033584                __s2b
                0x0000000000033630                __hi0bits
                0x0000000000033670                __lo0bits
                0x00000000000336d0                __i2b
                0x00000000000336fc                __multiply
                0x0000000000033848                __pow5mult
                0x00000000000338e0                __lshift
                0x00000000000339ac                __mcmp
                0x00000000000339e4                __mdiff
                0x0000000000033b0c                __ulp
                0x0000000000033b5c                __b2d
                0x0000000000033c14                __d2b
                0x0000000000033ce8                __ratio
                0x0000000000033d48                _mprec_log10
                0x0000000000033d88                __copybits
                0x0000000000033dd0                __any_on
 .text          0x0000000000033e28       0x80 /usr/lib/gcc/arm-none-eabi/9.2.1/../../../arm-none-eabi/lib/thumb/v7e-m+fp/hard/libc.a(lib_a-siprintf.o)
                0x0000000000033e28                _siprintf_r
                0x0000000000033e64                siprintf
 .text          0x0000000000033ea8       0xac /usr/lib/gcc/arm-none-eabi/9.2.1/../../../arm-none-eabi/lib/thumb/v7e-m+fp/hard/libc.a(lib_a-siscanf.o)
                0x0000000000033ea8                siscanf
                0x0000000000033f00                _siscanf_r
 .text          0x0000000000033f54       0x90 /usr/lib/gcc/arm-none-eabi/9.2.1/../../../arm-none-eabi/lib/thumb/v7e-m+fp/hard/libc.a(lib_a-stdio.o)
                0x0000000000033f54                __sread
                0x0000000000033f78                __seofread
                0x0000000000033f7c                __swrite
                0x0000000000033fbc                __sseek
                0x0000000000033fdc                __sclose
 .text          0x0000000000033fe4      0x174 /usr/lib/gcc/arm-none-eabi/9.2.1/../../../arm-none-eabi/lib/thumb/v7e-m+fp/hard/libc.a(lib_a-strtoul.o)
                0x0000000000034124                _strtoul_r
                0x0000000000034128                strtoul_l
                0x0000000000034140                strtoul
 .text          0x0000000000034158      0xb64 /usr/lib/gcc/arm-none-eabi/9.2.1/../../../arm-none-eabi/lib/thumb/v7e-m+fp/hard/libc.a(lib_a-svfiprintf.o)
                0x0000000000034158                __ssprint_r
                0x0000000000034250                _svfiprintf_r
 .text          0x0000000000034cbc      0xbf0 /usr/lib/gcc/arm-none-eabi/9.2.1/../../../arm-none-eabi/lib/thumb/v7e-m+fp/hard/libc.a(lib_a-svfiscanf.o)
                0x0000000000034cbc                _sungetc_r
                0x0000000000034d38                __ssrefill_r
                0x0000000000034d74                _sfread_r
                0x0000000000034df8                __ssvfiscanf_r
 .text          0x00000000000358ac      0x160 /usr/lib/gcc/arm-none-eabi/9.2.1/../../../arm-none-eabi/lib/thumb/v7e-m+fp/hard/libc.a(lib_a-ungetc.o)
                0x00000000000358ac                __submore
                0x0000000000035924                _ungetc_r
                0x00000000000359fc                ungetc
 .text          0x0000000000035a0c       0xc0 /usr/lib/gcc/arm-none-eabi/9.2.1/../../../arm-none-eabi/lib/thumb/v7e-m+fp/hard/libc.a(lib_a-wbuf.o)
                0x0000000000035a0c                __swbuf_r
                0x0000000000035abc                __swbuf
 .text          0x0000000000035acc       0x7c /usr/lib/gcc/arm-none-eabi/9.2.1/../../../arm-none-eabi/lib/thumb/v7e-m+fp/hard/libc.a(lib_a-wcrtomb.o)
                0x0000000000035acc                _wcrtomb_r
                0x0000000000035b00                wcrtomb
 .text          0x0000000000035b48       0x30 /usr/lib/gcc/arm-none-eabi/9.2.1/../../../arm-none-eabi/lib/thumb/v7e-m+fp/hard/libc.a(lib_a-wctomb_r.o)
                0x0000000000035b48                _wctomb_r
                0x0000000000035b5c                __ascii_wctomb
 .text          0x0000000000035b78       0x24 /usr/lib/gcc/arm-none-eabi/9.2.1/../../../arm-none-eabi/lib/thumb/v7e-m+fp/hard/libc.a(lib_a-closer.o)
                0x0000000000035b78                _close_r
 .text          0x0000000000035b9c        0x8 /usr/lib/gcc/arm-none-eabi/9.2.1/../../../arm-none-eabi/lib/thumb/v7e-m+fp/hard/libc.a(lib_a-envlock.o)
                0x0000000000035b9c                __env_lock
                0x0000000000035ba0                __env_unlock
 .text          0x0000000000035ba4       0x98 /usr/lib/gcc/arm-none-eabi/9.2.1/../../../arm-none-eabi/lib/thumb/v7e-m+fp/hard/libc.a(lib_a-fclose.o)
                0x0000000000035ba4                _fclose_r
                0x0000000000035c2c                fclose
 .text          0x0000000000035c3c       0x28 /usr/lib/gcc/arm-none-eabi/9.2.1/../../../arm-none-eabi/lib/thumb/v7e-m+fp/hard/libc.a(lib_a-fstatr.o)
                0x0000000000035c3c                _fstat_r
 .text          0x0000000000035c64       0x24 /usr/lib/gcc/arm-none-eabi/9.2.1/../../../arm-none-eabi/lib/thumb/v7e-m+fp/hard/libc.a(lib_a-isattyr.o)
                0x0000000000035c64                _isatty_r
 .text          0x0000000000035c88        0x8 /usr/lib/gcc/arm-none-eabi/9.2.1/../../../arm-none-eabi/lib/thumb/v7e-m+fp/hard/libc.a(lib_a-iswspace.o)
                0x0000000000035c88                iswspace
 .text          0x0000000000035c90       0x14 /usr/lib/gcc/arm-none-eabi/9.2.1/../../../arm-none-eabi/lib/thumb/v7e-m+fp/hard/libc.a(lib_a-iswspace_l.o)
                0x0000000000035c90                iswspace_l
 .text          0x0000000000035ca4       0x2c /usr/lib/gcc/arm-none-eabi/9.2.1/../../../arm-none-eabi/lib/thumb/v7e-m+fp/hard/libc.a(lib_a-lseekr.o)
                0x0000000000035ca4                _lseek_r
 .text          0x0000000000035cd0       0x8c /usr/lib/gcc/arm-none-eabi/9.2.1/../../../arm-none-eabi/lib/thumb/v7e-m+fp/hard/libc.a(lib_a-mbrtowc.o)
                0x0000000000035cd0                _mbrtowc_r
                0x0000000000035d10                mbrtowc
 .text          0x0000000000035d5c       0x2c /usr/lib/gcc/arm-none-eabi/9.2.1/../../../arm-none-eabi/lib/thumb/v7e-m+fp/hard/libc.a(lib_a-readr.o)
                0x0000000000035d5c                _read_r
 .text          0x0000000000035d88       0x70 /usr/lib/gcc/arm-none-eabi/9.2.1/../../../arm-none-eabi/lib/thumb/v7e-m+fp/hard/libc.a(lib_a-sccl.o)
                0x0000000000035d88                __sccl
 .text          0x0000000000035df8      0x1f8 /usr/lib/gcc/arm-none-eabi/9.2.1/../../../arm-none-eabi/lib/thumb/v7e-m+fp/hard/libc.a(lib_a-strtoull.o)
                0x0000000000035fbc                _strtoull_r
                0x0000000000035fc0                strtoull_l
                0x0000000000035fd8                strtoull
 .text          0x0000000000035ff0       0x10 /usr/lib/gcc/arm-none-eabi/9.2.1/../../../arm-none-eabi/lib/thumb/v7e-m+fp/hard/libnosys.a(close.o)
                0x0000000000035ff0                _close
 .text          0x0000000000036000       0x10 /usr/lib/gcc/arm-none-eabi/9.2.1/../../../arm-none-eabi/lib/thumb/v7e-m+fp/hard/libnosys.a(fstat.o)
                0x0000000000036000                _fstat
 .text          0x0000000000036010       0x10 /usr/lib/gcc/arm-none-eabi/9.2.1/../../../arm-none-eabi/lib/thumb/v7e-m+fp/hard/libnosys.a(getpid.o)
                0x0000000000036010                _getpid
 .text          0x0000000000036020       0x10 /usr/lib/gcc/arm-none-eabi/9.2.1/../../../arm-none-eabi/lib/thumb/v7e-m+fp/hard/libnosys.a(isatty.o)
                0x0000000000036020                _isatty
 .text          0x0000000000036030       0x10 /usr/lib/gcc/arm-none-eabi/9.2.1/../../../arm-none-eabi/lib/thumb/v7e-m+fp/hard/libnosys.a(kill.o)
                0x0000000000036030                _kill
 .text          0x0000000000036040       0x10 /usr/lib/gcc/arm-none-eabi/9.2.1/../../../arm-none-eabi/lib/thumb/v7e-m+fp/hard/libnosys.a(lseek.o)
                0x0000000000036040                _lseek
 .text          0x0000000000036050       0x10 /usr/lib/gcc/arm-none-eabi/9.2.1/../../../arm-none-eabi/lib/thumb/v7e-m+fp/hard/libnosys.a(read.o)
                0x0000000000036050                _read
 .text          0x0000000000036060       0x1c /usr/lib/gcc/arm-none-eabi/9.2.1/../../../arm-none-eabi/lib/thumb/v7e-m+fp/hard/libnosys.a(sbrk.o)
                0x0000000000036060                _sbrk
 .text          0x000000000003607c        0x4 /usr/lib/gcc/arm-none-eabi/9.2.1/../../../arm-none-eabi/lib/thumb/v7e-m+fp/hard/libnosys.a(_exit.o)
                0x000000000003607c                _exit
 .text          0x0000000000036080       0xa0 /usr/lib/gcc/arm-none-eabi/9.2.1/../../../arm-none-eabi/lib/thumb/v7e-m+fp/hard/libm.a(lib_a-s_round.o)
                0x0000000000036080                round
 .text          0x0000000000036120      0x378 /usr/lib/gcc/arm-none-eabi/9.2.1/thumb/v7e-m+fp/hard/libgcc.a(_arm_addsubdf3.o)
                0x0000000000036120                __aeabi_drsub
                0x0000000000036128                __aeabi_dsub
                0x0000000000036128                __subdf3
                0x000000000003612c                __adddf3
                0x000000000003612c                __aeabi_dadd
                0x00000000000363a4                __aeabi_ui2d
                0x00000000000363a4                __floatunsidf
                0x00000000000363c4                __floatsidf
                0x00000000000363c4                __aeabi_i2d
                0x00000000000363e8                __extendsfdf2
                0x00000000000363e8                __aeabi_f2d
                0x000000000003642c                __aeabi_ul2d
                0x000000000003642c                __floatundidf
                0x000000000003643c                __floatdidf
                0x000000000003643c                __aeabi_l2d
 .text          0x0000000000036498      0x424 /usr/lib/gcc/arm-none-eabi/9.2.1/thumb/v7e-m+fp/hard/libgcc.a(_arm_muldivdf3.o)
                0x0000000000036498                __aeabi_dmul
                0x0000000000036498                __muldf3
                0x00000000000366ec                __aeabi_ddiv
                0x00000000000366ec                __divdf3
 .text          0x00000000000368bc      0x110 /usr/lib/gcc/arm-none-eabi/9.2.1/thumb/v7e-m+fp/hard/libgcc.a(_arm_cmpdf2.o)
                0x00000000000368bc                __gtdf2
                0x00000000000368bc                __gedf2
                0x00000000000368c4                __ltdf2
                0x00000000000368c4                __ledf2
                0x00000000000368cc                __cmpdf2
                0x00000000000368cc                __eqdf2
                0x00000000000368cc                __nedf2
                0x0000000000036948                __aeabi_cdrcmple
                0x0000000000036958                __aeabi_cdcmple
                0x0000000000036958                __aeabi_cdcmpeq
                0x0000000000036968                __aeabi_dcmpeq
                0x000000000003697c                __aeabi_dcmplt
                0x0000000000036990                __aeabi_dcmple
                0x00000000000369a4                __aeabi_dcmpge
                0x00000000000369b8                __aeabi_dcmpgt
 .text          0x00000000000369cc       0x2c /usr/lib/gcc/arm-none-eabi/9.2.1/thumb/v7e-m+fp/hard/libgcc.a(_arm_unorddf2.o)
                0x00000000000369cc                __aeabi_dcmpun
                0x00000000000369cc                __unorddf2
 .text          0x00000000000369f8       0x50 /usr/lib/gcc/arm-none-eabi/9.2.1/thumb/v7e-m+fp/hard/libgcc.a(_arm_fixdfsi.o)
                0x00000000000369f8                __fixdfsi
                0x00000000000369f8                __aeabi_d2iz
 .text          0x0000000000036a48       0xa0 /usr/lib/gcc/arm-none-eabi/9.2.1/thumb/v7e-m+fp/hard/libgcc.a(_aeabi_ldivmod.o)
                0x0000000000036a48                __aeabi_ldivmod
 .text          0x0000000000036ae8       0x30 /usr/lib/gcc/arm-none-eabi/9.2.1/thumb/v7e-m+fp/hard/libgcc.a(_aeabi_uldivmod.o)
                0x0000000000036ae8                __aeabi_uldivmod
 .text          0x0000000000036b18      0x2c4 /usr/lib/gcc/arm-none-eabi/9.2.1/thumb/v7e-m+fp/hard/libgcc.a(_udivmoddi4.o)
                0x0000000000036b18                __udivmoddi4
 .text          0x0000000000036ddc        0x4 /usr/lib/gcc/arm-none-eabi/9.2.1/thumb/v7e-m+fp/hard/libgcc.a(_dvmd_tls.o)
                0x0000000000036ddc                __aeabi_ldiv0
                0x0000000000036ddc                __aeabi_idiv0
 *(.init)
 .init          0x0000000000036de0        0x4 /usr/lib/gcc/arm-none-eabi/9.2.1/thumb/v7e-m+fp/hard/crti.o
                0x0000000000036de0                _init
 .init          0x0000000000036de4        0x8 /usr/lib/gcc/arm-none-eabi/9.2.1/thumb/v7e-m+fp/hard/crtn.o
 *(.fini)
 .fini          0x0000000000036dec        0x4 /usr/lib/gcc/arm-none-eabi/9.2.1/thumb/v7e-m+fp/hard/crti.o
                0x0000000000036dec                _fini
 .fini          0x0000000000036df0        0x8 /usr/lib/gcc/arm-none-eabi/9.2.1/thumb/v7e-m+fp/hard/crtn.o
 *crtbegin.o(.ctors)
 *crtbegin?.o(.ctors)
 *(EXCLUDE_FILE(*crtend.o *crtend?.o) .ctors)
 *(SORT_BY_NAME(.ctors.*))
 *(.ctors)
 *crtbegin.o(.dtors)
 *crtbegin?.o(.dtors)
 *(EXCLUDE_FILE(*crtend.o *crtend?.o) .dtors)
 *(SORT_BY_NAME(.dtors.*))
 *(.dtors)
 *(.rodata*)
 .rodata.lf_initialize_clock.str1.1
                0x0000000000036df8       0x23 _build/lf_nrf52_support.o
 .rodata.lf_sleep_until.str1.1
                0x0000000000036e1b       0x16 _build/lf_nrf52_support.o
 *fill*         0x0000000000036e31        0x3 
 .rodata        0x0000000000036e34        0x8 _build/lf_nrf52_support.o
 .rodata.__func__.10063
                0x0000000000036e3c        0xf _build/lf_nrf52_support.o
 *fill*         0x0000000000036e4b        0x1 
 .rodata.g_lf_timer_inst
                0x0000000000036e4c        0x8 _build/lf_nrf52_support.o
 .rodata.romi_init.str1.1
                0x0000000000036e54        0xd _build/romi.o
 .rodata.romi_sensors_poll.str1.1
                0x0000000000036e61       0x26 _build/romi.o
 .rodata.robotsensorreaction_function_0.str1.1
                0x0000000000036e87       0x45 _build/RobotSensor.o
 .rodata.robotsensorreaction_function_1.str1.1
                0x0000000000036ecc       0xe4 _build/RobotSensor.o
                                         0xe6 (size before relaxing)
 .rodata.vector_resize.str1.1
                0x0000000000036fb0       0x2f _build/RobotSensor.o
 .rodata.lf_comma_separated_time.str1.1
                0x0000000000036fdf        0xf _build/RobotSensor.o
                                         0x11 (size before relaxing)
 .rodata._lf_message_print.str1.1
                0x0000000000036fee       0x13 _build/RobotSensor.o
                                         0x19 (size before relaxing)
 .rodata.lf_vprint_error.str1.1
                0x0000000000037001       0x13 _build/RobotSensor.o
                                          0x8 (size before relaxing)
 .rodata._lf_physical_time.str1.1
                0x0000000000037001       0x23 _build/RobotSensor.o
 .rodata.lf_vprint_warning.str1.1
                0x0000000000037024        0xa _build/RobotSensor.o
 .rodata.lf_vprint_error_and_exit.str1.1
                0x000000000003702e        0xe _build/RobotSensor.o
 .rodata.find_equal_same_priority.str1.1
                0x000000000003703c       0x3d _build/RobotSensor.o
 .rodata._lf_allocate.str1.1
                0x0000000000037079        0xf _build/RobotSensor.o
 .rodata._lf_done_using.str1.1
                0x0000000000037088       0x32 _build/RobotSensor.o
 .rodata.termination.str1.1
                0x00000000000370ba      0x175 _build/RobotSensor.o
 .rodata._lf_schedule.str1.1
                0x000000000003722f       0xd7 _build/RobotSensor.o
 .rodata._lf_advance_logical_time.str1.1
                0x0000000000037306       0xad _build/RobotSensor.o
 .rodata.usage.str1.1
                0x00000000000373b3      0x243 _build/RobotSensor.o
                                        0x246 (size before relaxing)
 .rodata.process_args.str1.1
                0x00000000000375f6      0x1a3 _build/RobotSensor.o
                                        0x1b0 (size before relaxing)
 .rodata.new_RobotSensor.str1.1
                0x0000000000037799        0x2 _build/RobotSensor.o
 .rodata.initialize.str1.1
                0x000000000003779b       0x3b _build/RobotSensor.o
 .rodata.lf_reactor_c_main.str1.1
                0x00000000000377d6       0x29 _build/RobotSensor.o
 *fill*         0x00000000000377ff        0x1 
 .rodata        0x0000000000037800       0x10 _build/RobotSensor.o
 .rodata.__func__.10352
                0x0000000000037810        0xe _build/RobotSensor.o
 .rodata.app_error_fault_handler.str1.1
                0x000000000003781e       0xb7 _build/better_error_handling.o
 *fill*         0x00000000000378d5        0xb 
 .rodata.delay_machine_code.8733
                0x00000000000378e0        0x6 _build/better_error_handling.o
 .rodata._DoInit.str1.1
                0x00000000000378e6       0x14 _build/SEGGER_RTT.o
 *fill*         0x00000000000378fa        0x6 
 .rodata.delay_machine_code.9377
                0x0000000000037900        0x6 _build/app_timer.o
 .rodata.app_util_critical_region_enter.str1.1
                0x0000000000037906       0x94 _build/app_util_platform.o
 .rodata.HardFault_c_handler.str1.1
                0x000000000003799a      0x12e _build/hardfault_implementation.o
 .rodata.str1.1
                0x0000000000037ac8      0x4c0 _build/hardfault_implementation.o
 .rodata.cfsr_msgs.9572
                0x0000000000037f88       0x68 _build/hardfault_implementation.o
 .rodata.nrf_balloc_init.str1.1
                0x0000000000037ff0       0x8f _build/nrf_balloc.o
 .rodata.nrf_drv_clock_uninit.str1.1
                0x000000000003807f       0x8e _build/nrf_drv_clock.o
 .rodata.str1.1
                0x000000000003810d        0x6 _build/nrf_drv_clock.o
 .rodata.str1.1
                0x0000000000038113        0xd _build/nrf_fstorage.o
 .rodata.buf_prealloc.str1.1
                0x0000000000038120       0x96 _build/nrf_log_frontend.o
 .rodata.nrf_log_frontend_dequeue.str1.1
                0x00000000000381b6       0x11 _build/nrf_log_frontend.o
 .rodata.str1.1
                0x00000000000381c7        0x4 _build/nrf_log_frontend.o
 .rodata.memobj_op.str1.1
                0x00000000000381cb       0x8f _build/nrf_memobj.o
 .rodata.nrf_pwr_mgmt_run.str1.1
                0x000000000003825a       0x93 _build/nrf_pwr_mgmt.o
 .rodata.str1.1
                0x00000000000382ed        0x9 _build/nrf_pwr_mgmt.o
 *fill*         0x00000000000382f6        0x2 
 .rodata.pwr_mgmt_data
                0x00000000000382f8        0xc _build/nrf_pwr_mgmt.o
 .rodata.nrf_section_iter_init.str1.1
                0x0000000000038304       0xa8 _build/nrf_section_iter.o
 .rodata.str1.1
                0x00000000000383ac      0x3ba _build/nrf_strerror.o
 .rodata.m_unknown_str
                0x0000000000038766       0x13 _build/nrf_strerror.o
 *fill*         0x0000000000038779        0x3 
 .rodata.nrf_strerror_array
                0x000000000003877c      0x128 _build/nrf_strerror.o
 .rodata.nrfx_clock_init.str1.1
                0x00000000000388a4       0x8c _build/nrfx_clock.o
 .rodata.str1.1
                0x0000000000038930        0x6 _build/nrfx_clock.o
 .rodata.nrf_gpio_pin_port_decode.isra.0.part.0.str1.1
                0x0000000000038936       0x82 _build/nrfx_gpiote.o
 .rodata.nrfx_gpiote_out_init.str1.1
                0x00000000000389b8       0x8d _build/nrfx_gpiote.o
 .rodata.str1.1
                0x0000000000038a45        0x7 _build/nrfx_gpiote.o
 .rodata.str1.1
                0x0000000000038a4c        0x4 _build/nrfx_ppi.o
 .rodata.UARTE0_UART0_IRQHandler.str1.1
                0x0000000000038a50       0x8e _build/nrfx_prs.o
 .rodata.str1.1
                0x0000000000038ade        0x4 _build/nrfx_prs.o
 .rodata.str1.1
                0x0000000000038ae2        0x4 _build/nrfx_pwm.o
 .rodata.str1.1
                0x0000000000038ae6        0x6 _build/nrfx_saadc.o
 .rodata.nrf_gpio_pin_port_decode.isra.0.part.0.str1.1
                0x0000000000038aec       0x82 _build/nrfx_spim.o
 .rodata.SPIM1_SPIS1_TWIM1_TWIS1_SPI1_TWI1_IRQHandler.str1.1
                0x0000000000038aec       0x8b _build/nrfx_spim.o
 .rodata.str1.1
                0x0000000000038b77        0x5 _build/nrfx_spim.o
 .rodata.nrfx_timer_init.str1.1
                0x0000000000038b7c      0x10f _build/nrfx_timer.o
 .rodata.str1.1
                0x0000000000038c8b        0x6 _build/nrfx_timer.o
 .rodata.SPIM0_SPIS0_TWIM0_TWIS0_SPI0_TWI0_IRQHandler.str1.1
                0x0000000000038c91       0x8b _build/nrfx_twim.o
 .rodata.str1.1
                0x0000000000038d1c        0x5 _build/nrfx_twim.o
 .rodata.nrf_gpio_pin_port_decode.isra.0.part.0.str1.1
                0x0000000000038d21       0x82 _build/nrfx_uart.o
 .rodata.nrfx_uart_init.str1.1
                0x0000000000038d21       0x8b _build/nrfx_uart.o
                                        0x10e (size before relaxing)
 .rodata.str1.1
                0x0000000000038dac        0x5 _build/nrfx_uart.o
 .rodata.str1.1
                0x0000000000038db1        0x6 _build/nrfx_uarte.o
 .rodata.data_length_update.str1.1
                0x0000000000038db7       0xdf _build/nrf_ble_gatt.o
 .rodata.nrf_ble_gatt_on_ble_evt.str1.1
                0x0000000000038e96       0x60 _build/nrf_ble_gatt.o
 .rodata.str1.1
                0x0000000000038ef6        0xd _build/nrf_ble_gatt.o
 .rodata.str1.1
                0x0000000000038f03        0x8 _build/nrf_sdh.o
 *fill*         0x0000000000038f0b        0x1 
 .rodata.sdh_stack_observers
                0x0000000000038f0c        0xc _build/nrf_sdh.o
 .rodata.nrf_sdh_ble_evts_poll.part.0.str1.1
                0x0000000000038f18       0x91 _build/nrf_sdh_ble.o
 .rodata.str1.1
                0x0000000000038fa9        0xc _build/nrf_sdh_ble.o
 *fill*         0x0000000000038fb5        0x3 
 .rodata.sdh_ble_observers
                0x0000000000038fb8        0xc _build/nrf_sdh_ble.o
 .rodata.on_ble_evt.str1.1
                0x0000000000038fc4       0x90 _build/simple_ble.o
 .rodata.assert_nrf_callback.str1.1
                0x0000000000039054       0x25 _build/simple_ble.o
 *fill*         0x0000000000039079        0x3 
 .rodata.str1.4
                0x000000000003907c       0x3f /usr/lib/gcc/arm-none-eabi/9.2.1/../../../arm-none-eabi/lib/thumb/v7e-m+fp/hard/libc.a(lib_a-assert.o)
                                         0x43 (size before relaxing)
 *fill*         0x00000000000390bb        0x1 
 .rodata        0x00000000000390bc      0x101 /usr/lib/gcc/arm-none-eabi/9.2.1/../../../arm-none-eabi/lib/thumb/v7e-m+fp/hard/libc.a(lib_a-ctype_.o)
                0x00000000000390bc                _ctype_
 *fill*         0x00000000000391bd        0x3 
 .rodata        0x00000000000391c0        0x4 /usr/lib/gcc/arm-none-eabi/9.2.1/../../../arm-none-eabi/lib/thumb/v7e-m+fp/hard/libc.a(lib_a-impure.o)
                0x00000000000391c0                _global_impure_ptr
 .rodata        0x00000000000391c4       0x60 /usr/lib/gcc/arm-none-eabi/9.2.1/../../../arm-none-eabi/lib/thumb/v7e-m+fp/hard/libc.a(lib_a-month_lengths.o)
                0x00000000000391c4                __month_lengths
 .rodata        0x0000000000039224       0x20 /usr/lib/gcc/arm-none-eabi/9.2.1/../../../arm-none-eabi/lib/thumb/v7e-m+fp/hard/libc.a(lib_a-svfprintf.o)
 .rodata.str1.4
                0x0000000000039244       0x42 /usr/lib/gcc/arm-none-eabi/9.2.1/../../../arm-none-eabi/lib/thumb/v7e-m+fp/hard/libc.a(lib_a-svfprintf.o)
 *fill*         0x0000000000039286        0x2 
 .rodata.str1.4
                0x0000000000039288       0x53 /usr/lib/gcc/arm-none-eabi/9.2.1/../../../arm-none-eabi/lib/thumb/v7e-m+fp/hard/libc.a(lib_a-tzset_r.o)
 .rodata.str1.4
                0x00000000000392db        0x4 /usr/lib/gcc/arm-none-eabi/9.2.1/../../../arm-none-eabi/lib/thumb/v7e-m+fp/hard/libc.a(lib_a-tzvars.o)
 *fill*         0x00000000000392db        0x1 
 .rodata        0x00000000000392dc       0x20 /usr/lib/gcc/arm-none-eabi/9.2.1/../../../arm-none-eabi/lib/thumb/v7e-m+fp/hard/libc.a(lib_a-vfiprintf.o)
 .rodata.str1.4
                0x00000000000392fc       0x2f /usr/lib/gcc/arm-none-eabi/9.2.1/../../../arm-none-eabi/lib/thumb/v7e-m+fp/hard/libc.a(lib_a-vfiprintf.o)
 .rodata        0x00000000000392fc       0x20 /usr/lib/gcc/arm-none-eabi/9.2.1/../../../arm-none-eabi/lib/thumb/v7e-m+fp/hard/libc.a(lib_a-vfprintf.o)
 .rodata.str1.4
                0x000000000003931c       0x42 /usr/lib/gcc/arm-none-eabi/9.2.1/../../../arm-none-eabi/lib/thumb/v7e-m+fp/hard/libc.a(lib_a-vfprintf.o)
 .rodata        0x000000000003931c       0x39 /usr/lib/gcc/arm-none-eabi/9.2.1/../../../arm-none-eabi/lib/thumb/v7e-m+fp/hard/libc.a(lib_a-asctime_r.o)
 *fill*         0x0000000000039355        0x3 
 .rodata.str1.4
                0x0000000000039358       0x20 /usr/lib/gcc/arm-none-eabi/9.2.1/../../../arm-none-eabi/lib/thumb/v7e-m+fp/hard/libc.a(lib_a-asctime_r.o)
 .rodata.str1.4
                0x0000000000039378       0x56 /usr/lib/gcc/arm-none-eabi/9.2.1/../../../arm-none-eabi/lib/thumb/v7e-m+fp/hard/libc.a(lib_a-dtoa.o)
                                         0x5a (size before relaxing)
 *fill*         0x00000000000393ce        0x2 
 .rodata.str1.4
                0x00000000000393d0        0xe /usr/lib/gcc/arm-none-eabi/9.2.1/../../../arm-none-eabi/lib/thumb/v7e-m+fp/hard/libc.a(lib_a-locale.o)
                                         0x12 (size before relaxing)
 *fill*         0x00000000000393de        0x2 
 .rodata        0x00000000000393e0      0x128 /usr/lib/gcc/arm-none-eabi/9.2.1/../../../arm-none-eabi/lib/thumb/v7e-m+fp/hard/libc.a(lib_a-mprec.o)
                0x00000000000393f0                __mprec_tens
                0x00000000000394b8                __mprec_tinytens
                0x00000000000394e0                __mprec_bigtens
 .rodata.str1.4
                0x0000000000039508       0x33 /usr/lib/gcc/arm-none-eabi/9.2.1/../../../arm-none-eabi/lib/thumb/v7e-m+fp/hard/libc.a(lib_a-mprec.o)
                                         0x47 (size before relaxing)
 *fill*         0x000000000003953b        0x1 
 .rodata        0x000000000003953c       0x20 /usr/lib/gcc/arm-none-eabi/9.2.1/../../../arm-none-eabi/lib/thumb/v7e-m+fp/hard/libc.a(lib_a-svfiprintf.o)
 .rodata.str1.4
                0x000000000003955c       0x2f /usr/lib/gcc/arm-none-eabi/9.2.1/../../../arm-none-eabi/lib/thumb/v7e-m+fp/hard/libc.a(lib_a-svfiprintf.o)
 .rodata        0x000000000003955c       0x22 /usr/lib/gcc/arm-none-eabi/9.2.1/../../../arm-none-eabi/lib/thumb/v7e-m+fp/hard/libc.a(lib_a-svfiscanf.o)
 .rodata.str1.4
                0x000000000003957e        0x1 /usr/lib/gcc/arm-none-eabi/9.2.1/../../../arm-none-eabi/lib/thumb/v7e-m+fp/hard/libc.a(lib_a-mbrtowc.o)
 *(.eh_frame*)
 *fill*         0x000000000003957e        0x2 
 .eh_frame      0x0000000000039580        0x0 /usr/lib/gcc/arm-none-eabi/9.2.1/thumb/v7e-m+fp/hard/crtbegin.o
 .eh_frame      0x0000000000039580        0x4 /usr/lib/gcc/arm-none-eabi/9.2.1/thumb/v7e-m+fp/hard/crtend.o

.glue_7         0x0000000000039584        0x0
 .glue_7        0x0000000000039584        0x0 linker stubs

.glue_7t        0x0000000000039584        0x0
 .glue_7t       0x0000000000039584        0x0 linker stubs

.vfp11_veneer   0x0000000000039584        0x0
 .vfp11_veneer  0x0000000000039584        0x0 linker stubs

.v4_bx          0x0000000000039584        0x0
 .v4_bx         0x0000000000039584        0x0 linker stubs

.iplt           0x0000000000039584        0x0
 .iplt          0x0000000000039584        0x0 /usr/lib/gcc/arm-none-eabi/9.2.1/thumb/v7e-m+fp/hard/crtbegin.o

.mem_section_dummy_rom

.sdh_soc_observers
                0x0000000000039584       0x10
                [!provide]                        PROVIDE (__start_sdh_soc_observers = .)
 *(SORT_BY_NAME(.sdh_soc_observers*))
 .sdh_soc_observers0
                0x0000000000039584        0x8 _build/nrf_drv_clock.o
 .sdh_soc_observers1
                0x000000000003958c        0x8 _build/simple_ble.o
                [!provide]                        PROVIDE (__stop_sdh_soc_observers = .)

.crypto_data    0x0000000000039594        0x0
                [!provide]                        PROVIDE (__start_crypto_data = .)
 *(SORT_BY_NAME(.crypto_data*))
                [!provide]                        PROVIDE (__stop_crypto_data = .)

.log_const_data
                0x0000000000039594       0x98
                0x0000000000039594                PROVIDE (__start_log_const_data = .)
 *(SORT_BY_NAME(.log_const_data*))
 .log_const_data_CLOCK
                0x0000000000039594        0x8 _build/nrfx_clock.o
                0x0000000000039594                m_nrf_log_CLOCK_logs_data_const
 .log_const_data_GPIOTE
                0x000000000003959c        0x8 _build/nrfx_gpiote.o
                0x000000000003959c                m_nrf_log_GPIOTE_logs_data_const
 .log_const_data_PPI
                0x00000000000395a4        0x8 _build/nrfx_ppi.o
                0x00000000000395a4                m_nrf_log_PPI_logs_data_const
 .log_const_data_PRS
                0x00000000000395ac        0x8 _build/nrfx_prs.o
                0x00000000000395ac                m_nrf_log_PRS_logs_data_const
 .log_const_data_PWM
                0x00000000000395b4        0x8 _build/nrfx_pwm.o
                0x00000000000395b4                m_nrf_log_PWM_logs_data_const
 .log_const_data_SAADC
                0x00000000000395bc        0x8 _build/nrfx_saadc.o
                0x00000000000395bc                m_nrf_log_SAADC_logs_data_const
 .log_const_data_SPIM
                0x00000000000395c4        0x8 _build/nrfx_spim.o
                0x00000000000395c4                m_nrf_log_SPIM_logs_data_const
 .log_const_data_TIMER
                0x00000000000395cc        0x8 _build/nrfx_timer.o
                0x00000000000395cc                m_nrf_log_TIMER_logs_data_const
 .log_const_data_TWIM
                0x00000000000395d4        0x8 _build/nrfx_twim.o
                0x00000000000395d4                m_nrf_log_TWIM_logs_data_const
 .log_const_data_UART
                0x00000000000395dc        0x8 _build/nrfx_uart.o
                0x00000000000395dc                m_nrf_log_UART_logs_data_const
 .log_const_data_UARTE
                0x00000000000395e4        0x8 _build/nrfx_uarte.o
                0x00000000000395e4                m_nrf_log_UARTE_logs_data_const
 .log_const_data_app
                0x00000000000395ec        0x8 _build/nrf_log_frontend.o
                0x00000000000395ec                m_nrf_log_app_logs_data_const
 .log_const_data_clock
                0x00000000000395f4        0x8 _build/nrf_drv_clock.o
                0x00000000000395f4                m_nrf_log_clock_logs_data_const
 .log_const_data_hardfault
                0x00000000000395fc        0x8 _build/hardfault_implementation.o
                0x00000000000395fc                m_nrf_log_hardfault_logs_data_const
 .log_const_data_nrf_ble_gatt
                0x0000000000039604        0x8 _build/nrf_ble_gatt.o
                0x0000000000039604                m_nrf_log_nrf_ble_gatt_logs_data_const
 .log_const_data_nrf_fstorage
                0x000000000003960c        0x8 _build/nrf_fstorage.o
                0x000000000003960c                m_nrf_log_nrf_fstorage_logs_data_const
 .log_const_data_nrf_sdh
                0x0000000000039614        0x8 _build/nrf_sdh.o
                0x0000000000039614                m_nrf_log_nrf_sdh_logs_data_const
 .log_const_data_nrf_sdh_ble
                0x000000000003961c        0x8 _build/nrf_sdh_ble.o
                0x000000000003961c                m_nrf_log_nrf_sdh_ble_logs_data_const
 .log_const_data_pwr_mgmt
                0x0000000000039624        0x8 _build/nrf_pwr_mgmt.o
                0x0000000000039624                m_nrf_log_pwr_mgmt_logs_data_const
                0x000000000003962c                PROVIDE (__stop_log_const_data = .)

.nrf_balloc     0x000000000003962c       0x14
                [!provide]                        PROVIDE (__start_nrf_balloc = .)
 *(.nrf_balloc)
 .nrf_balloc    0x000000000003962c       0x14 _build/nrf_log_frontend.o
                0x000000000003962c                log_mempool
                [!provide]                        PROVIDE (__stop_nrf_balloc = .)

.nrf_queue      0x0000000000039640       0x28
                [!provide]                        PROVIDE (__start_nrf_queue = .)
 *(.nrf_queue)
 .nrf_queue     0x0000000000039640       0x28 _build/kobukiUtilities.o
                0x0000000000039640                serial_queues_txq
                0x0000000000039654                serial_queues_rxq
                [!provide]                        PROVIDE (__stop_nrf_queue = .)

.sdh_state_observers
                0x0000000000039668        0x8
                0x0000000000039668                PROVIDE (__start_sdh_state_observers = .)
 *(SORT_BY_NAME(.sdh_state_observers*))
 .sdh_state_observers0
                0x0000000000039668        0x8 _build/nrf_drv_clock.o
                0x0000000000039670                PROVIDE (__stop_sdh_state_observers = .)

.sdh_stack_observers
                0x0000000000039670        0x8
                0x0000000000039670                PROVIDE (__start_sdh_stack_observers = .)
 *(SORT_BY_NAME(.sdh_stack_observers*))
 .sdh_stack_observers0
                0x0000000000039670        0x8 _build/nrf_sdh_ble.o
                0x0000000000039678                PROVIDE (__stop_sdh_stack_observers = .)

.sdh_req_observers
                0x0000000000039678        0x0
                0x0000000000039678                PROVIDE (__start_sdh_req_observers = .)
 *(SORT_BY_NAME(.sdh_req_observers*))
                0x0000000000039678                PROVIDE (__stop_sdh_req_observers = .)

.cli_command    0x0000000000039678        0x0
                [!provide]                        PROVIDE (__start_cli_command = .)
 *(.cli_command)
                [!provide]                        PROVIDE (__stop_cli_command = .)

.pwr_mgmt_data  0x0000000000039678        0x0
                0x0000000000039678                PROVIDE (__start_pwr_mgmt_data = .)
 *(SORT_BY_NAME(.pwr_mgmt_data*))
                0x0000000000039678                PROVIDE (__stop_pwr_mgmt_data = .)

.sdh_ble_observers
                0x0000000000039678       0x28
                0x0000000000039678                PROVIDE (__start_sdh_ble_observers = .)
 *(SORT_BY_NAME(.sdh_ble_observers*))
 .sdh_ble_observers1
                0x0000000000039678        0x8 _build/ble_conn_params.o
 .sdh_ble_observers1
                0x0000000000039680       0x10 _build/simple_ble.o
 .sdh_ble_observers2
                0x0000000000039690        0x8 _build/simple_ble.o
 .sdh_ble_observers3
                0x0000000000039698        0x8 _build/simple_ble.o
                0x00000000000396a0                PROVIDE (__stop_sdh_ble_observers = .)

.dfu_trans      0x00000000000396a0        0x0
                [!provide]                        PROVIDE (__start_dfu_trans = .)
 *(SORT_BY_NAME(.dfu_trans*))
                [!provide]                        PROVIDE (__stop_dfu_trans = .)

.ARM.extab
 *(.ARM.extab* .gnu.linkonce.armextab.*)
                0x00000000000396a0                __exidx_start = .

.ARM.exidx      0x00000000000396a0        0x8
 *(.ARM.exidx* .gnu.linkonce.armexidx.*)
 .ARM.exidx     0x00000000000396a0        0x8 /usr/lib/gcc/arm-none-eabi/9.2.1/../../../arm-none-eabi/lib/thumb/v7e-m+fp/hard/crt0.o
                                         0x10 (size before relaxing)
 .ARM.exidx     0x00000000000396a8        0x0 /usr/lib/gcc/arm-none-eabi/9.2.1/thumb/v7e-m+fp/hard/libgcc.a(_udivmoddi4.o)
                                          0x8 (size before relaxing)
                0x00000000000396a8                __exidx_end = .
                0x00000000000396a8                __etext = .

.rel.dyn        0x00000000000396a8        0x0
 .rel.iplt      0x00000000000396a8        0x0 /usr/lib/gcc/arm-none-eabi/9.2.1/thumb/v7e-m+fp/hard/crtbegin.o

.data           0x00000000200098a8      0xaa8 load address 0x00000000000396a8
                0x00000000200098a8                __data_start__ = .
 *(vtable)
 *(.data*)
 .data.nrfx_uart
                0x00000000200098a8        0x8 _build/romi.o
 .data.nrfx_uart_cfg
                0x00000000200098b0       0x20 _build/romi.o
 .data._lf_handle
                0x00000000200098d0        0x4 _build/RobotSensor.o
                0x00000000200098d0                _lf_handle
 *fill*         0x00000000200098d4        0x4 
 .data._lf_last_reported_unadjusted_physical_time_ns
                0x00000000200098d8        0x8 _build/RobotSensor.o
                0x00000000200098d8                _lf_last_reported_unadjusted_physical_time_ns
 .data._lf_my_fed_id
                0x00000000200098e0        0x4 _build/RobotSensor.o
                0x00000000200098e0                _lf_my_fed_id
 .data._lf_startup_reactions_size
                0x00000000200098e4        0x4 _build/RobotSensor.o
                0x00000000200098e4                _lf_startup_reactions_size
 .data._lf_timer_triggers_size
                0x00000000200098e8        0x4 _build/RobotSensor.o
                0x00000000200098e8                _lf_timer_triggers_size
 *fill*         0x00000000200098ec        0x4 
 .data.duration
                0x00000000200098f0        0x8 _build/RobotSensor.o
                0x00000000200098f0                duration
 .data.physical_start_time
                0x00000000200098f8        0x8 _build/RobotSensor.o
                0x00000000200098f8                physical_start_time
 .data.print_message_level
                0x0000000020009900        0x4 _build/RobotSensor.o
                0x0000000020009900                print_message_level
 *fill*         0x0000000020009904        0x4 
 .data.start_time
                0x0000000020009908        0x8 _build/RobotSensor.o
                0x0000000020009908                start_time
 .data.stop_tag
                0x0000000020009910       0x10 _build/RobotSensor.o
                0x0000000020009910                stop_tag
 .data.m_scan_buffer
                0x0000000020009920        0x8 _build/simple_ble.o
 .data.SystemCoreClock
                0x0000000020009928        0x4 _build/system_nrf52.o
                0x0000000020009928                SystemCoreClock
 *fill*         0x000000002000992c        0x4 
 .data          0x0000000020009930      0x430 /usr/lib/gcc/arm-none-eabi/9.2.1/../../../arm-none-eabi/lib/thumb/v7e-m+fp/hard/libc.a(lib_a-impure.o)
                0x0000000020009930                _impure_ptr
 .data          0x0000000020009d60      0x410 /usr/lib/gcc/arm-none-eabi/9.2.1/../../../arm-none-eabi/lib/thumb/v7e-m+fp/hard/libc.a(lib_a-mallocr.o)
                0x0000000020009d60                __malloc_av_
                0x000000002000a168                __malloc_sbrk_base
                0x000000002000a16c                __malloc_trim_threshold
 .data          0x000000002000a170        0x8 /usr/lib/gcc/arm-none-eabi/9.2.1/../../../arm-none-eabi/lib/thumb/v7e-m+fp/hard/libc.a(lib_a-tzvars.o)
                0x000000002000a170                _tzname
 .data          0x000000002000a178       0x58 /usr/lib/gcc/arm-none-eabi/9.2.1/../../../arm-none-eabi/lib/thumb/v7e-m+fp/hard/libc.a(lib_a-gettzinfo.o)